Component: ARM Compiler 5.06 update 6 (build 750) Tool: armlink [4d35ed]

==============================================================================

Section Cross References

    main.o(i.GPIOF_Handler) refers to uart.o(i.UART7_Send_NonBusy) for UART7_Send_NonBusy
    main.o(i.main) refers to pll.o(i.PLL_Init) for PLL_Init
    main.o(i.main) refers to uart.o(i.UART_init) for UART_init
    main.o(i.main) refers to adc.o(i.ADC0_init) for ADC0_init
    main.o(i.main) refers to port.o(i.Port_Init) for Port_Init
    main.o(i.main) refers to port.o(i.Port_SetPinDirection) for Port_SetPinDirection
    main.o(i.main) refers to port.o(i.Port_SetPinPullUp) for Port_SetPinPullUp
    main.o(i.main) refers to interrupt.o(i.initalize_PORTF_interrupt) for initalize_PORTF_interrupt
    main.o(i.main) refers to tasks.o(i.xTaskCreate) for xTaskCreate
    main.o(i.main) refers to tasks.o(i.vTaskStartScheduler) for vTaskStartScheduler
    main.o(i.main) refers to main.o(i.vLCDTask) for vLCDTask
    main.o(i.main) refers to main.o(i.vUARTSendTask) for vUARTSendTask
    main.o(i.main) refers to main.o(i.vUARTReceiveTask) for vUARTReceiveTask
    main.o(i.vLCDTask) refers to lcd.o(i.LCD_init) for LCD_init
    main.o(i.vLCDTask) refers to tasks.o(i.xTaskGetTickCount) for xTaskGetTickCount
    main.o(i.vLCDTask) refers to lcd.o(i.LCD_IntgerToString) for LCD_IntgerToString
    main.o(i.vLCDTask) refers to lcd.o(i.LCD_SendData) for LCD_SendData
    main.o(i.vLCDTask) refers to tasks.o(i.vTaskDelayUntil) for vTaskDelayUntil
    main.o(i.vLCDTask) refers to main.o(.data) for TempMailBox
    main.o(i.vUARTReceiveTask) refers to uart.o(i.UART7_Recieve_NonBusy) for UART7_Recieve_NonBusy
    main.o(i.vUARTReceiveTask) refers to main.o(.data) for TempMailBox
    main.o(i.vUARTSendTask) refers to potentiometer.o(i.Read_Potentiometer) for Read_Potentiometer
    main.o(i.vUARTSendTask) refers to main.o(i.map) for map
    main.o(i.vUARTSendTask) refers to uart.o(i.UART7_Send_NonBusy) for UART7_Send_NonBusy
    temp_sensor.o(i.TempSensor_init) refers to adc.o(i.ADC0_init) for ADC0_init
    temp_sensor.o(i.TempSensor_readTemp) refers to adc.o(i.ADC0_start_conversion) for ADC0_start_conversion
    temp_sensor.o(i.TempSensor_readTemp) refers to dflt_clz.o(x$fpl$dflt) for __aeabi_i2d
    temp_sensor.o(i.TempSensor_readTemp) refers to daddsub_clz.o(x$fpl$drsb) for __aeabi_drsub
    temp_sensor.o(i.TempSensor_readTemp) refers to d2f.o(x$fpl$d2f) for __aeabi_d2f
    temp_sensor.o(i.TempSensor_readTemp) refers to adc.o(.data) for result
    adc.o(i.ADC0_digital_toVoltage) refers to dflt_clz.o(x$fpl$dfltu) for __aeabi_ui2d
    adc.o(i.ADC0_digital_toVoltage) refers to dmul.o(x$fpl$dmul) for __aeabi_dmul
    adc.o(i.ADC0_digital_toVoltage) refers to ddiv.o(x$fpl$ddiv) for __aeabi_ddiv
    adc.o(i.ADC0_digital_toVoltage) refers to d2f.o(x$fpl$d2f) for __aeabi_d2f
    adc.o(i.ADC0_init) refers to adc.o(i.ADC0_channelConfig) for ADC0_channelConfig
    adc.o(i.ADC0_start_conversion) refers to adc.o(.data) for result
    lcd.o(i.LCD_ClearScreen) refers to lcd.o(i.LCD_SendCommand) for LCD_SendCommand
    lcd.o(i.LCD_GoToRowColumn) refers to lcd.o(i.LCD_SendCommand) for LCD_SendCommand
    lcd.o(i.LCD_IntgerToString) refers to lcd.o(i.itoa) for itoa
    lcd.o(i.LCD_IntgerToString) refers to lcd.o(i.LCD_ShowStringRowAndColumn) for LCD_ShowStringRowAndColumn
    lcd.o(i.LCD_SendCommand) refers to delay.o(i.delayMS) for delayMS
    lcd.o(i.LCD_SendData) refers to delay.o(i.delayMS) for delayMS
    lcd.o(i.LCD_ShowString) refers to lcd.o(i.LCD_SendData) for LCD_SendData
    lcd.o(i.LCD_ShowStringRowAndColumn) refers to lcd.o(i.LCD_GoToRowColumn) for LCD_GoToRowColumn
    lcd.o(i.LCD_ShowStringRowAndColumn) refers to lcd.o(i.LCD_ShowString) for LCD_ShowString
    lcd.o(i.LCD_init) refers to port.o(i.Port_Init) for Port_Init
    lcd.o(i.LCD_init) refers to port.o(i.Port_SetPinDirection) for Port_SetPinDirection
    lcd.o(i.LCD_init) refers to lcd.o(i.LCD_SendCommand) for LCD_SendCommand
    potentiometer.o(i.Read_Potentiometer) refers to adc.o(i.ADC0_start_conversion) for ADC0_start_conversion
    potentiometer.o(i.Read_Potentiometer) refers to adc.o(.data) for result
    uart.o(i.UART_init) refers to dflt_clz.o(x$fpl$dflt) for __aeabi_i2d
    uart.o(i.UART_init) refers to dmul.o(x$fpl$dmul) for __aeabi_dmul
    uart.o(i.UART_init) refers to ddiv.o(x$fpl$ddiv) for __aeabi_ddiv
    uart.o(i.UART_init) refers to d2f.o(x$fpl$d2f) for __aeabi_d2f
    uart.o(i.UART_init) refers to f2d.o(x$fpl$f2d) for __aeabi_f2d
    uart.o(i.UART_init) refers to daddsub_clz.o(x$fpl$dadd) for __aeabi_dadd
    uart.o(i.UART_init) refers to dfix.o(x$fpl$dfix) for __aeabi_d2iz
    clib_arm.o(i.__user_perthread_libspace) refers to clib_arm.o(i.os_kernel_is_active) for os_kernel_is_active
    clib_arm.o(i.__user_perthread_libspace) refers to cmsis_os2.o(i.osThreadGetId) for osThreadGetId
[...]
    .ARM.Collect$$rtexit$$00000003           0x00000308   Section        4  rtexit2.o(.ARM.Collect$$rtexit$$00000003)
    .ARM.Collect$$rtexit$$00000004           0x0000030c   Section        6  rtexit2.o(.ARM.Collect$$rtexit$$00000004)
    .emb_text                                0x00000314   Section      190  port_1.o(.emb_text)
    $v0                                      0x00000314   Number         0  port_1.o(.emb_text)
    .text                                    0x000003d4   Section      276  startup_tm4c123.o(.text)
    $v0                                      0x000003d4   Number         0  startup_tm4c123.o(.text)
    .text                                    0x000004e8   Section      138  rt_memcpy_v6.o(.text)
    .text                                    0x00000572   Section       16  aeabi_memset.o(.text)
    .text                                    0x00000582   Section        0  heapauxi.o(.text)
    .text                                    0x00000588   Section      100  rt_memcpy_w.o(.text)
    .text                                    0x000005ec   Section       68  rt_memclr.o(.text)
    .text                                    0x00000630   Section       78  rt_memclr_w.o(.text)
    .text                                    0x0000067e   Section       74  sys_stackheap_outer.o(.text)
    .text                                    0x000006c8   Section        0  exit.o(.text)
    .text                                    0x000006dc   Section        8  libspace.o(.text)
    .text                                    0x000006e4   Section        0  sys_exit.o(.text)
    .text                                    0x000006f0   Section        2  use_no_semi.o(.text)
    .text                                    0x000006f2   Section        0  indicate_semi.o(.text)
    i.ADC0_channelConfig                     0x000006f4   Section        0  adc.o(i.ADC0_channelConfig)
    i.ADC0_init                              0x000007f0   Section        0  adc.o(i.ADC0_init)
    i.ADC0_start_conversion                  0x00000890   Section        0  adc.o(i.ADC0_start_conversion)
    i.GPIOF_Handler                          0x000008cc   Section        0  main.o(i.GPIOF_Handler)
    i.LCD_GoToRowColumn                      0x0000090c   Section        0  lcd.o(i.LCD_GoToRowColumn)
    i.LCD_IntgerToString                     0x00000932   Section        0  lcd.o(i.LCD_IntgerToString)
    i.LCD_SendCommand                        0x00000950   Section        0  lcd.o(i.LCD_SendCommand)
    i.LCD_SendData                           0x000009b8   Section        0  lcd.o(i.LCD_SendData)
    i.LCD_ShowString                         0x00000a20   Section        0  lcd.o(i.LCD_ShowString)
    i.LCD_ShowStringRowAndColumn             0x00000a3a   Section        0  lcd.o(i.LCD_ShowStringRowAndColumn)
    i.LCD_init                               0x00000a52   Section        0  lcd.o(i.LCD_init)
    i.PLL_Init                               0x00000a88   Section        0  pll.o(i.PLL_Init)
    i.Port_Init                              0x00000b04   Section        0  port.o(i.Port_Init)
    i.Port_SetPinDirection                   0x00000c48   Section        0  port.o(i.Port_SetPinDirection)
    i.Port_SetPinPullUp                      0x00000d18   Section        0  port.o(i.Port_SetPinPullUp)
    i.Read_Potentiometer                     0x00000de8   Section        0  potentiometer.o(i.Read_Potentiometer)
    i.SysTick_Handler                        0x00000dfc   Section        0  cmsis_os2.o(i.SysTick_Handler)
    i.SystemInit                             0x00000e0c   Section        0  system_tm4c123.o(i.SystemInit)
    i.UART7_Recieve_NonBusy                  0x00000ea4   Section        0  uart.o(i.UART7_Recieve_NonBusy)
    i.UART7_Send_NonBusy                     0x00000ec4   Section        0  uart.o(i.UART7_Send_NonBusy)
    i.UART_init                              0x00000ee0   Section        0  uart.o(i.UART_init)
    i.__get_BASEPRI                          0x0000101c   Section        0  cmsis_os2.o(i.__get_BASEPRI)
    __get_BASEPRI                            0x0000101d   Thumb Code     6  cmsis_os2.o(i.__get_BASEPRI)
    i.__get_IPSR                             0x00001022   Section        0  cmsis_os2.o(i.__get_IPSR)
    __get_IPSR                               0x00001023   Thumb Code     6  cmsis_os2.o(i.__get_IPSR)
    i.__get_PRIMASK                          0x00001028   Section        0  cmsis_os2.o(i.__get_PRIMASK)
    __get_PRIMASK                            0x00001029   Thumb Code     6  cmsis_os2.o(i.__get_PRIMASK)
    i._mutex_acquire                         0x0000102e   Section        0  clib_arm.o(i._mutex_acquire)
    __tagsym$$used                           0x0000102f   Number         0  clib_arm.o(i._mutex_acquire)
    i._mutex_free                            0x00001044   Section        0  clib_arm.o(i._mutex_free)
    __tagsym$$used                           0x00001045   Number         0  clib_arm.o(i._mutex_free)
    i._mutex_initialize                      0x00001050   Section        0  clib_arm.o(i._mutex_initialize)
    __tagsym$$used                           0x00001051   Number         0  clib_arm.o(i._mutex_initialize)
    i._mutex_release                         0x00001068   Section        0  clib_arm.o(i._mutex_release)
    __tagsym$$used                           0x00001069   Number         0  clib_arm.o(i._mutex_release)
    i._platform_post_stackheap_init          0x0000107a   Section        0  clib_arm.o(i._platform_post_stackheap_init)
    i.delayMS                                0x00001082   Section        0  delay.o(i.delayMS)
    i.initalize_PORTF_interrupt              0x00001098   Section        0  interrupt.o(i.initalize_PORTF_interrupt)
    i.itoa                                   0x000010ec   Section        0  lcd.o(i.itoa)
    i.main                                   0x0000114c   Section        0  main.o(i.main)
    i.map                                    0x00001214   Section        0  main.o(i.map)
    i.osKernelGetState                       0x00001230   Section        0  cmsis_os2.o(i.osKernelGetState)
    i.osKernelInitialize                     0x00001264   Section        0  cmsis_os2.o(i.osKernelInitialize)
    i.osMutexAcquire                         0x000012a4   Section        0  cmsis_os2.o(i.osMutexAcquire)
    i.osMutexDelete                          0x00001320   Section        0  cmsis_os2.o(i.osMutexDelete)
    i.osMutexNew                             0x00001328   Section        0  cmsis_os2.o(i.osMutexNew)
    i.osMutexRelease                         0x000013e0   Section        0  cmsis_os2.o(i.osMutexRelease)
    i.os_kernel_is_active                    0x00001448   Section        0  clib_arm.o(i.os_kernel_is_active)
    os_kernel_is_active                      0x00001449   Thumb Code    32  clib_arm.o(i.os_kernel_is_active)
    i.prvAddCurrentTaskToDelayedList         0x0000146c   Section        0  tasks.o(i.prvAddCurrentTaskToDelayedList)
    prvAddCurrentTaskToDelayedList           0x0000146d   Thumb Code   100  tasks.o(i.prvAddCurrentTaskToDelayedList)
    i.prvAddNewTaskToReadyList               0x000014e8   Section        0  tasks.o(i.prvAddNewTaskToReadyList)
    prvAddNewTaskToReadyList                 0x000014e9   Thumb Code   154  tasks.o(i.prvAddNewTaskToReadyList)
    i.prvCheckForValidListAndQueue           0x000015a0   Section        0  timers.o(i.prvCheckForValidListAndQueue)
    prvCheckForValidListAndQueue             0x000015a1   Thumb Code    62  timers.o(i.prvCheckForValidListAndQueue)
    i.prvCheckTasksWaitingTermination        0x000015fc   Section        0  tasks.o(i.prvCheckTasksWaitingTermination)
    prvCheckTasksWaitingTermination          0x000015fd   Thumb Code    60  tasks.o(i.prvCheckTasksWaitingTermination)
    i.prvCopyDataFromQueue                   0x00001644   Section        0  queue.o(i.prvCopyDataFromQueue)
    prvCopyDataFromQueue                     0x00001645   Thumb Code    42  queue.o(i.prvCopyDataFromQueue)
    i.prvCopyDataToQueue                     0x0000166e   Section        0  queue.o(i.prvCopyDataToQueue)
    prvCopyDataToQueue                       0x0000166f   Thumb Code   124  queue.o(i.prvCopyDataToQueue)
    i.prvDeleteTCB                           0x000016ea   Section        0  tasks.o(i.prvDeleteTCB)
    prvDeleteTCB                             0x000016eb   Thumb Code    40  tasks.o(i.prvDeleteTCB)
    i.prvGetDisinheritPriorityAfterTimeout   0x00001712   Section        0  queue.o(i.prvGetDisinheritPriorityAfterTimeout)
    prvGetDisinheritPriorityAfterTimeout     0x00001713   Thumb Code    20  queue.o(i.prvGetDisinheritPriorityAfterTimeout)
    i.prvGetNextExpireTime                   0x00001728   Section        0  timers.o(i.prvGetNextExpireTime)
    prvGetNextExpireTime                     0x00001729   Thumb Code    36  timers.o(i.prvGetNextExpireTime)
    i.prvIdleTask                            0x00001750   Section        0  tasks.o(i.prvIdleTask)
    prvIdleTask                              0x00001751   Thumb Code    32  tasks.o(i.prvIdleTask)
    i.prvInitialiseMutex                     0x00001778   Section        0  queue.o(i.prvInitialiseMutex)
    prvInitialiseMutex                       0x00001779   Thumb Code    28  queue.o(i.prvInitialiseMutex)
    i.prvInitialiseNewQueue                  0x00001794   Section        0  queue.o(i.prvInitialiseNewQueue)
    prvInitialiseNewQueue                    0x00001795   Thumb Code    42  queue.o(i.prvInitialiseNewQueue)
    i.prvInitialiseNewTask                   0x000017be   Section        0  tasks.o(i.prvInitialiseNewTask)
    prvInitialiseNewTask                     0x000017bf   Thumb Code   144  tasks.o(i.prvInitialiseNewTask)
    i.prvInitialiseTaskLists                 0x00001850   Section        0  tasks.o(i.prvInitialiseTaskLists)
    prvInitialiseTaskLists                   0x00001851   Thumb Code    70  tasks.o(i.prvInitialiseTaskLists)
    i.prvInsertTimerInActiveList             0x000018b8   Section        0  timers.o(i.prvInsertTimerInActiveList)
    prvInsertTimerInActiveList               0x000018b9   Thumb Code    80  timers.o(i.prvInsertTimerInActiveList)
    i.prvIsQueueEmpty                        0x00001910   Section        0  queue.o(i.prvIsQueueEmpty)
    prvIsQueueEmpty                          0x00001911   Thumb Code    26  queue.o(i.prvIsQueueEmpty)
    i.prvIsQueueFull                         0x0000192a   Section        0  queue.o(i.prvIsQueueFull)
    prvIsQueueFull                           0x0000192b   Thumb Code    30  queue.o(i.prvIsQueueFull)
    i.prvProcessExpiredTimer                 0x00001948   Section        0  timers.o(i.prvProcessExpiredTimer)
    prvProcessExpiredTimer                   0x00001949   Thumb Code    70  timers.o(i.prvProcessExpiredTimer)
    i.prvProcessReceivedCommands             0x00001994   Section        0  timers.o(i.prvProcessReceivedCommands)
    prvProcessReceivedCommands               0x00001995   Thumb Code   206  timers.o(i.prvProcessReceivedCommands)
    i.prvProcessTimerOrBlockTask             0x00001a68   Section        0  timers.o(i.prvProcessTimerOrBlockTask)
    prvProcessTimerOrBlockTask               0x00001a69   Thumb Code   102  timers.o(i.prvProcessTimerOrBlockTask)
    i.prvResetNextTaskUnblockTime            0x00001adc   Section        0  tasks.o(i.prvResetNextTaskUnblockTime)
    prvResetNextTaskUnblockTime              0x00001add   Thumb Code    42  tasks.o(i.prvResetNextTaskUnblockTime)
    i.prvSampleTimeNow                       0x00001b10   Section        0  timers.o(i.prvSampleTimeNow)
    prvSampleTimeNow                         0x00001b11   Thumb Code    40  timers.o(i.prvSampleTimeNow)
    i.prvSwitchTimerLists                    0x00001b3c   Section        0  timers.o(i.prvSwitchTimerLists)
    prvSwitchTimerLists                      0x00001b3d   Thumb Code   122  timers.o(i.prvSwitchTimerLists)
    i.prvTaskExitError                       0x00001bc0   Section        0  port_1.o(i.prvTaskExitError)
    prvTaskExitError                         0x00001bc1   Thumb Code    22  port_1.o(i.prvTaskExitError)
    i.prvTimerTask                           0x00001bd6   Section        0  timers.o(i.prvTimerTask)
    prvTimerTask                             0x00001bd7   Thumb Code    26  timers.o(i.prvTimerTask)
    i.prvUnlockQueue                         0x00001bf0   Section        0  queue.o(i.prvUnlockQueue)
    prvUnlockQueue                           0x00001bf1   Thumb Code   126  queue.o(i.prvUnlockQueue)
    i.pvPortMalloc                           0x00001c70   Section        0  heap_1.o(i.pvPortMalloc)
    i.pvTaskIncrementMutexHeldCount          0x00001ce0   Section        0  tasks.o(i.pvTaskIncrementMutexHeldCount)
    i.pxPortInitialiseStack                  0x00001d00   Section        0  port_1.o(i.pxPortInitialiseStack)
    i.uxListRemove                           0x00001d2c   Section        0  list.o(i.uxListRemove)
    i.vApplicationGetIdleTaskMemory          0x00001d54   Section        0  cmsis_os2.o(i.vApplicationGetIdleTaskMemory)
    i.vApplicationGetTimerTaskMemory         0x00001d6c   Section        0  cmsis_os2.o(i.vApplicationGetTimerTaskMemory)
    i.vApplicationStackOverflowHook          0x00001d84   Section        0  cmsis_os2.o(i.vApplicationStackOverflowHook)
    i.vLCDTask                               0x00001d88   Section        0  main.o(i.vLCDTask)
    i.vListInitialise                        0x00001dcc   Section        0  list.o(i.vListInitialise)
    i.vListInitialiseItem                    0x00001de6   Section        0  list.o(i.vListInitialiseItem)
    i.vListInsert                            0x00001dec   Section        0  list.o(i.vListInsert)
    i.vListInsertEnd                         0x00001e20   Section        0  list.o(i.vListInsertEnd)
    i.vPortEnterCritical                     0x00001e38   Section        0  port_1.o(i.vPortEnterCritical)
    i.vPortExitCritical                      0x00001e5c   Section        0  port_1.o(i.vPortExitCritical)
    i.vPortFree                              0x00001e7c   Section        0  heap_1.o(i.vPortFree)
    i.vPortSetupTimerInterrupt               0x00001e80   Section        0  port_1.o(i.vPortSetupTimerInterrupt)
    i.vQueueWaitForMessageRestricted         0x00001ea8   Section        0  queue.o(i.vQueueWaitForMessageRestricted)
    i.vTaskDelayUntil                        0x00001ef4   Section        0  tasks.o(i.vTaskDelayUntil)
    i.vTaskInternalSetTimeOutState           0x00001f68   Section        0  tasks.o(i.vTaskInternalSetTimeOutState)
    i.vTaskMissedYield                       0x00001f80   Section        0  tasks.o(i.vTaskMissedYield)
    i.vTaskPlaceOnEventList                  0x00001f8c   Section        0  tasks.o(i.vTaskPlaceOnEventList)
    i.vTaskPlaceOnEventListRestricted        0x00001fac   Section        0  tasks.o(i.vTaskPlaceOnEventListRestricted)
    i.vTaskPriorityDisinheritAfterTimeout    0x00001fd4   Section        0  tasks.o(i.vTaskPriorityDisinheritAfterTimeout)
    i.vTaskStartScheduler                    0x0000205c   Section        0  tasks.o(i.vTaskStartScheduler)
    i.vTaskSuspendAll                        0x000020f0   Section        0  tasks.o(i.vTaskSuspendAll)
    i.vTaskSwitchContext                     0x00002100   Section        0  tasks.o(i.vTaskSwitchContext)
    i.vUARTReceiveTask                       0x000021b0   Section        0  main.o(i.vUARTReceiveTask)
    i.vUARTSendTask                          0x000021e8   Section        0  main.o(i.vUARTSendTask)
    i.xPortStartScheduler                    0x00002228   Section        0  port_1.o(i.xPortStartScheduler)
    i.xPortSysTickHandler                    0x00002270   Section        0  port_1.o(i.xPortSysTickHandler)
    i.xQueueCreateMutex                      0x000022a4   Section        0  queue.o(i.xQueueCreateMutex)
    i.xQueueCreateMutexStatic                0x000022c6   Section        0  queue.o(i.xQueueCreateMutexStatic)
    i.xQueueGenericCreate                    0x000022f0   Section        0  queue.o(i.xQueueGenericCreate)
    i.xQueueGenericCreateStatic              0x0000232e   Section        0  queue.o(i.xQueueGenericCreateStatic)
    i.xQueueGenericReset                     0x0000235c   Section        0  queue.o(i.xQueueGenericReset)
    i.xQueueGenericSend                      0x000023dc   Section        0  queue.o(i.xQueueGenericSend)
    i.xQueueGenericSendFromISR               0x000024f4   Section        0  queue.o(i.xQueueGenericSendFromISR)
    i.xQueueGiveMutexRecursive               0x0000257a   Section        0  queue.o(i.xQueueGiveMutexRecursive)
    i.xQueueReceive                          0x000025ac   Section        0  queue.o(i.xQueueReceive)
    i.xQueueSemaphoreTake                    0x000026b0   Section        0  queue.o(i.xQueueSemaphoreTake)
    i.xQueueTakeMutexRecursive               0x000027e0   Section        0  queue.o(i.xQueueTakeMutexRecursive)
    i.xTaskCheckForTimeOut                   0x00002818   Section        0  tasks.o(i.xTaskCheckForTimeOut)
    i.xTaskCreate                            0x00002874   Section        0  tasks.o(i.xTaskCreate)
    i.xTaskCreateStatic                      0x000028d8   Section        0  tasks.o(i.xTaskCreateStatic)
    i.xTaskGetCurrentTaskHandle              0x00002928   Section        0  tasks.o(i.xTaskGetCurrentTaskHandle)
    i.xTaskGetSchedulerState                 0x00002934   Section        0  tasks.o(i.xTaskGetSchedulerState)
    i.xTaskGetTickCount                      0x00002954   Section        0  tasks.o(i.xTaskGetTickCount)
    i.xTaskIncrementTick                     0x00002960   Section        0  tasks.o(i.xTaskIncrementTick)
    i.xTaskPriorityDisinherit                0x00002a78   Section        0  tasks.o(i.xTaskPriorityDisinherit)
    i.xTaskPriorityInherit                   0x00002ad8   Section        0  tasks.o(i.xTaskPriorityInherit)
    i.xTaskRemoveFromEventList               0x00002b7c   Section        0  tasks.o(i.xTaskRemoveFromEventList)
    i.xTaskResumeAll                         0x00002bfc   Section        0  tasks.o(i.xTaskResumeAll)
    i.xTimerCreateTimerTask                  0x00002ce4   Section        0  timers.o(i.xTimerCreateTimerTask)
    i.xTimerGenericCommand                   0x00002d44   Section        0  timers.o(i.xTimerGenericCommand)
    x$fpl$d2f                                0x00002db0   Section       98  d2f.o(x$fpl$d2f)
    $v0                                      0x00002db0   Number         0  d2f.o(x$fpl$d2f)
    x$fpl$dadd                               0x00002e14   Section      336  daddsub_clz.o(x$fpl$dadd)
    $v0                                      0x00002e14   Number         0  daddsub_clz.o(x$fpl$dadd)
    _dadd1                                   0x00002e25   Thumb Code     0  daddsub_clz.o(x$fpl$dadd)
    x$fpl$ddiv                               0x00002f64   Section      688  ddiv.o(x$fpl$ddiv)
    $v0                                      0x00002f64   Number         0  ddiv.o(x$fpl$ddiv)
    ddiv_entry                               0x00002f6b   Thumb Code     0  ddiv.o(x$fpl$ddiv)
    x$fpl$dfix                               0x00003214   Section       94  dfix.o(x$fpl$dfix)
    $v0                                      0x00003214   Number         0  dfix.o(x$fpl$dfix)
    x$fpl$dflt                               0x00003272   Section       46  dflt_clz.o(x$fpl$dflt)
    $v0                                      0x00003272   Number         0  dflt_clz.o(x$fpl$dflt)
    x$fpl$dmul                               0x000032a0   Section      340  dmul.o(x$fpl$dmul)
    $v0                                      0x000032a0   Number         0  dmul.o(x$fpl$dmul)
    x$fpl$dnaninf                            0x000033f4   Section      156  dnaninf.o(x$fpl$dnaninf)
    $v0                                      0x000033f4   Number         0  dnaninf.o(x$fpl$dnaninf)
    x$fpl$dretinf                            0x00003490   Section       12  dretinf.o(x$fpl$dretinf)
    $v0                                      0x00003490   Number         0  dretinf.o(x$fpl$dretinf)
    x$fpl$dsub                               0x0000349c   Section      468  daddsub_clz.o(x$fpl$dsub)
    $v0                                      0x0000349c   Number         0  daddsub_clz.o(x$fpl$dsub)
    _dsub1                                   0x000034ad   Thumb Code     0  daddsub_clz.o(x$fpl$dsub)
    x$fpl$f2d                                0x00003670   Section       86  f2d.o(x$fpl$f2d)
    $v0                                      0x00003670   Number         0  f2d.o(x$fpl$f2d)
    x$fpl$fnaninf                            0x000036c6   Section      140  fnaninf.o(x$fpl$fnaninf)
    $v0                                      0x000036c6   Number         0  fnaninf.o(x$fpl$fnaninf)
    x$fpl$fpinit                             0x00003752   Section       10  fpinit.o(x$fpl$fpinit)
    $v0                                      0x00003752   Number         0  fpinit.o(x$fpl$fpinit)
    x$fpl$fretinf                            0x0000375c   Section       10  fretinf.o(x$fpl$fretinf)
    $v0                                      0x0000375c   Number         0  fretinf.o(x$fpl$fretinf)
    x$fpl$usenofp                            0x00003766   Section        0  usenofp.o(x$fpl$usenofp)
    .data                                    0x20000000   Section       12  main.o(.data)
    .data                                    0x2000000c   Section        4  adc.o(.data)
    .data                                    0x20000010   Section        1  clib_arm.o(.data)
    os_kernel_active                         0x20000010   Data           1  clib_arm.o(.data)
    .data                                    0x20000014   Section        4  cmsis_os2.o(.data)
    KernelState                              0x20000014   Data           4  cmsis_os2.o(.data)
    .data                                    0x20000018   Section        4  system_tm4c123.o(.data)
    .data                                    0x2000001c   Section        8  heap_1.o(.data)
    xNextFreeByte                            0x2000001c   Data           4  heap_1.o(.data)
    pucAlignedHeap                           0x20000020   Data           4  heap_1.o(.data)
    .data                                    0x20000024   Section        4  port_1.o(.data)
    uxCriticalNesting                        0x20000024   Data           4  port_1.o(.data)
    .data                                    0x20000028   Section       60  tasks.o(.data)
    pxDelayedTaskList                        0x2000002c   Data           4  tasks.o(.data)
    pxOverflowDelayedTaskList                0x20000030   Data           4  tasks.o(.data)
    uxDeletedTasksWaitingCleanUp             0x20000034   Data           4  tasks.o(.data)
    uxCurrentNumberOfTasks                   0x20000038   Data           4  tasks.o(.data)
    xTickCount                               0x2000003c   Data           4  tasks.o(.data)
    uxTopReadyPriority                       0x20000040   Data           4  tasks.o(.data)
    xSchedulerRunning                        0x20000044   Data           4  tasks.o(.data)
    uxPendedTicks                            0x20000048   Data           4  tasks.o(.data)
    xYieldPending                            0x2000004c   Data           4  tasks.o(.data)
    xNumOfOverflows                          0x20000050   Data           4  tasks.o(.data)
    uxTaskNumber                             0x20000054   Data           4  tasks.o(.data)
    xNextTaskUnblockTime                     0x20000058   Data           4  tasks.o(.data)
    xIdleTaskHandle                          0x2000005c   Data           4  tasks.o(.data)
    uxSchedulerSuspended                     0x20000060   Data           4  tasks.o(.data)
    .data                                    0x20000064   Section       20  timers.o(.data)
    pxCurrentTimerList                       0x20000064   Data           4  timers.o(.data)
    pxOverflowTimerList                      0x20000068   Data           4  timers.o(.data)
    xTimerQueue                              0x2000006c   Data           4  timers.o(.data)
    xTimerTaskHandle                         0x20000070   Data           4  timers.o(.data)
    xLastTime                                0x20000074   Data           4  timers.o(.data)
    .bss                                     0x20000078   Section     1016  cmsis_os2.o(.bss)
    Idle_TCB                                 0x20000078   Data          92  cmsis_os2.o(.bss)
    Idle_Stack                               0x200000d4   Data         512  cmsis_os2.o(.bss)
    Timer_TCB                                0x200002d4   Data          92  cmsis_os2.o(.bss)
    Timer_Stack                              0x20000330   Data         320  cmsis_os2.o(.bss)
    .bss                                     0x20000470   Section     8192  heap_1.o(.bss)
    ucHeap                                   0x20000470   Data        8192  heap_1.o(.bss)
    .bss                                     0x20002470   Section     1220  tasks.o(.bss)
    pxReadyTasksLists                        0x20002470   Data        1120  tasks.o(.bss)
    xDelayedTaskList1                        0x200028d0   Data          20  tasks.o(.bss)
    xDelayedTaskList2                        0x200028e4   Data          20  tasks.o(.bss)
    xPendingReadyList                        0x200028f8   Data          20  tasks.o(.bss)
    xTasksWaitingTermination                 0x2000290c   Data          20  tasks.o(.bss)
    xSuspendedTaskList                       0x20002920   Data          20  tasks.o(.bss)
    .bss                                     0x20002934   Section      200  timers.o(.bss)
    xActiveTimerList1                        0x20002934   Data          20  timers.o(.bss)
    xActiveTimerList2                        0x20002948   Data          20  timers.o(.bss)
    xStaticTimerQueue                        0x2000295c   Data          80  timers.o(.bss)
    ucStaticTimerQueueStorage                0x200029ac   Data          80  timers.o(.bss)
    .bss                                     0x200029fc   Section       96  libspace.o(.bss)
    HEAP                                     0x20002a60   Section        0  startup_tm4c123.o(HEAP)
    STACK                                    0x20002a60   Section      512  startup_tm4c123.o(STACK)
    Heap_Mem                                 0x20002a60   Data           0  startup_tm4c123.o(HEAP)
    Stack_Mem                                0x20002a60   Data         512  startup_tm4c123.o(STACK)
    __initial_sp                             0x20002c60   Data           0  startup_tm4c123.o(STACK)

    Global Symbols

    Symbol Name                              Value     Ov Type        Size  Object(Section)

    BuildAttributes$$THM_ISAv4$E$P$D$K$B$S$7EM$VFPi3$EXTD16$VFPS$VFMA$PE$A:L22UL41UL21$X:L11$S22US41US21$IEEE1$IW$USESV6$~STKCKD$USESV7$~SHL$OSPACE$ROPI$EBA8$UX$STANDARDLIB$REQ8$PRES8$EABIv2 0x00000000   Number         0  anon$$obj.o ABSOLUTE
    __ARM_use_no_argv                        0x00000000   Number         0  main.o ABSOLUTE
    __Vectors                                0x00000000   Data           4  startup_tm4c123.o(RESET)
    __ARM_exceptions_init                     - Undefined Weak Reference
    __alloca_initialize                       - Undefined Weak Reference
    __arm_preinit_                            - Undefined Weak Reference
    __cpp_initialize__aeabi_                  - Undefined Weak Reference
    __cxa_finalize                            - Undefined Weak Reference
    __rt_locale                               - Undefined Weak Reference
    __sigvec_lookup                           - Undefined Weak Reference
    _atexit_init                              - Undefined Weak Reference
    _call_atexit_fns                          - Undefined Weak Reference
    _clock_init                               - Undefined Weak Reference
    _fp_trap_init                             - Undefined Weak Reference
    _fp_trap_shutdown                         - Undefined Weak Reference
    _get_lc_collate                           - Undefined Weak Reference
    _get_lc_ctype                             - Undefined Weak Reference
    _get_lc_monetary                          - Undefined Weak Reference
    _get_lc_numeric                           - Undefined Weak Reference
    _get_lc_time                              - Undefined Weak Reference
    _getenv_init                              - Undefined Weak Reference
    _handle_redirection                       - Undefined Weak Reference
    _init_alloc                               - Undefined Weak Reference
    _init_user_alloc                          - Undefined Weak Reference
    _initio                                   - Undefined Weak Reference
    _rand_init                                - Undefined Weak Reference
    _signal_finish                            - Undefined Weak Reference
    _signal_init                              - Undefined Weak Reference
    _terminate_alloc                          - Undefined Weak Reference
    _terminate_user_alloc                     - Undefined Weak Reference
    _terminateio                              - Undefined Weak Reference
    __Vectors_End                            0x0000026c   Data           0  startup_tm4c123.o(RESET)
    __Vectors_Size                           0x0000026c   Number         0  startup_tm4c123.o ABSOLUTE
    __main                                   0x0000026d   Thumb Code     8  __main.o(!!!main)
    __scatterload                            0x00000275   Thumb Code     0  __scatter.o(!!!scatter)
    __scatterload_rt2                        0x00000275   Thumb Code    44  __scatter.o(!!!scatter)
    __scatterload_rt2_thumb_only             0x00000275   Thumb Code     0  __scatter.o(!!!scatter)
    __scatterload_null                       0x00000283   Thumb Code     0  __scatter.o(!!!scatter)
    __scatterload_copy                       0x000002a9   Thumb Code    26  __scatter_copy.o(!!handler_copy)
    __scatterload_zeroinit                   0x000002c5   Thumb Code    28  __scatter_zi.o(!!handler_zi)
    __rt_lib_init                            0x000002e1   Thumb Code     0  libinit.o(.ARM.Collect$$libinit$$00000000)
    __rt_lib_init_fp_1                       0x000002e3   Thumb Code     0  libinit2.o(.ARM.Collect$$libinit$$00000001)
    __rt_lib_init_alloca_1                   0x000002e7   Thumb Code     0  libinit2.o(.ARM.Collect$$libinit$$0000002E)
    __rt_lib_init_argv_1                     0x000002e7   Thumb Code     0  libinit2.o(.ARM.Collect$$libinit$$0000002C)
    __rt_lib_init_atexit_1                   0x000002e7   Thumb Code     0  libinit2.o(.ARM.Collect$$libinit$$0000001B)
    __rt_lib_init_clock_1                    0x000002e7   Thumb Code     0  libinit2.o(.ARM.Collect$$libinit$$00000021)
    __rt_lib_init_cpp_1                      0x000002e7   Thumb Code     0  libinit2.o(.ARM.Collect$$libinit$$00000032)
    __rt_lib_init_exceptions_1               0x000002e7   Thumb Code     0  libinit2.o(.ARM.Collect$$libinit$$00000030)
    __rt_lib_init_fp_trap_1                  0x000002e7   Thumb Code     0  libinit2.o(.ARM.Collect$$libinit$$0000001F)
    __rt_lib_init_getenv_1                   0x000002e7   Thumb Code     0  libinit2.o(.ARM.Collect$$libinit$$00000023)
    __rt_lib_init_heap_1                     0x000002e7   Thumb Code     0  libinit2.o(.ARM.Collect$$libinit$$0000000A)
    __rt_lib_init_lc_collate_1               0x000002e7   Thumb Code     0  libinit2.o(.ARM.Collect$$libinit$$00000011)
    __rt_lib_init_lc_ctype_1                 0x000002e7   Thumb Code     0  libinit2.o(.ARM.Collect$$libinit$$00000013)
    __rt_lib_init_lc_monetary_1              0x000002e7   Thumb Code     0  libinit2.o(.ARM.Collect$$libinit$$00000015)
    __rt_lib_init_lc_numeric_1               0x000002e7   Thumb Code     0  libinit2.o(.ARM.Collect$$libinit$$00000017)
    __rt_lib_init_lc_time_1                  0x000002e7   Thumb Code     0  libinit2.o(.ARM.Collect$$libinit$$00000019)
    __rt_lib_init_preinit_1                  0x000002e7   Thumb Code     0  libinit2.o(.ARM.Collect$$libinit$$00000004)
    __rt_lib_init_rand_1                     0x000002e7   Thumb Code     0  libinit2.o(.ARM.Collect$$libinit$$0000000E)
    __rt_lib_init_return                     0x000002e7   Thumb Code     0  libinit2.o(.ARM.Collect$$libinit$$00000033)
    __rt_lib_init_signal_1                   0x000002e7   Thumb Code     0  libinit2.o(.ARM.Collect$$libinit$$0000001D)
    __rt_lib_init_stdio_1                    0x000002e7   Thumb Code     0  libinit2.o(.ARM.Collect$$libinit$$00000025)
    __rt_lib_init_user_alloc_1               0x000002e7   Thumb Code     0  libinit2.o(.ARM.Collect$$libinit$$0000000C)
    __rt_lib_shutdown                        0x000002e9   Thumb Code     0  libshutdown.o(.ARM.Collect$$libshutdown$$00000000)
    __rt_lib_shutdown_cpp_1                  0x000002eb   Thumb Code     0  libshutdown2.o(.ARM.Collect$$libshutdown$$00000002)
    __rt_lib_shutdown_fp_trap_1              0x000002eb   Thumb Code     0  libshutdown2.o(.ARM.Collect$$libshutdown$$00000007)
    __rt_lib_shutdown_heap_1                 0x000002eb   Thumb Code     0  libshutdown2.o(.ARM.Collect$$libshutdown$$0000000F)
    __rt_lib_shutdown_return                 0x000002eb   Thumb Code     0  libshutdown2.o(.ARM.Collect$$libshutdown$$00000010)
    __rt_lib_shutdown_signal_1               0x000002eb   Thumb Code     0  libshutdown2.o(.ARM.Collect$$libshutdown$$0000000A)
    __rt_lib_shutdown_stdio_1                0x000002eb   Thumb Code     0  libshutdown2.o(.ARM.Collect$$libshutdown$$00000004)
    __rt_lib_shutdown_user_alloc_1           0x000002eb   Thumb Code     0  libshutdown2.o(.ARM.Collect$$libshutdown$$0000000C)
    __rt_entry                               0x000002ed   Thumb Code     0  __rtentry.o(.ARM.Collect$$rtentry$$00000000)
    __rt_entry_presh_1                       0x000002ed   Thumb Code     0  __rtentry2.o(.ARM.Collect$$rtentry$$00000002)
    __rt_entry_sh                            0x000002ed   Thumb Code     0  __rtentry4.o(.ARM.Collect$$rtentry$$00000004)
    __rt_entry_postsh_1                      0x000002f3   Thumb Code     0  __rtentry2.o(.ARM.Collect$$rtentry$$00000008)
    __rt_entry_li                            0x000002fb   Thumb Code     0  __rtentry2.o(.ARM.Collect$$rtentry$$0000000A)
    __rt_entry_main                          0x000002ff   Thumb Code     0  __rtentry2.o(.ARM.Collect$$rtentry$$0000000D)
    __rt_entry_postli_1                      0x000002ff   Thumb Code     0  __rtentry2.o(.ARM.Collect$$rtentry$$0000000C)
    __rt_exit                                0x00000307   Thumb Code     0  rtexit.o(.ARM.Collect$$rtexit$$00000000)
    __rt_exit_ls                             0x00000309   Thumb Code     0  rtexit2.o(.ARM.Collect$$rtexit$$00000003)
    __rt_exit_prels_1                        0x00000309   Thumb Code     0  rtexit2.o(.ARM.Collect$$rtexit$$00000002)
    __rt_exit_exit                           0x0000030d   Thumb Code     0  rtexit2.o(.ARM.Collect$$rtexit$$00000004)
    SVC_Handler                              0x00000315   Thumb Code    28  port_1.o(.emb_text)
    __asm___6_port_c_39a90d8d__prvStartFirstTask 0x00000335   Thumb Code    36  port_1.o(.emb_text)
    __asm___6_port_c_39a90d8d__prvEnableVFP  0x0000035d   Thumb Code    16  port_1.o(.emb_text)
    PendSV_Handler                           0x00000371   Thumb Code    88  port_1.o(.emb_text)
    vPortGetIPSR                             0x000003cd   Thumb Code     6  port_1.o(.emb_text)
    Reset_Handler                            0x000003d5   Thumb Code     8  startup_tm4c123.o(.text)
    NMI_Handler                              0x000003dd   Thumb Code     2  startup_tm4c123.o(.text)
    HardFault_Handler                        0x000003df   Thumb Code     2  startup_tm4c123.o(.text)
    MemManage_Handler                        0x000003e1   Thumb Code     2  startup_tm4c123.o(.text)
    BusFault_Handler                         0x000003e3   Thumb Code     2  startup_tm4c123.o(.text)
    UsageFault_Handler                       0x000003e5   Thumb Code     2  startup_tm4c123.o(.text)
    DebugMon_Handler                         0x000003e9   Thumb Code     2  startup_tm4c123.o(.text)
    GPIOA_Handler                            0x000003ef   Thumb Code     2  startup_tm4c123.o(.text)
    GPIOB_Handler                            0x000003f1   Thumb Code     2  startup_tm4c123.o(.text)
    GPIOC_Handler                            0x000003f3   Thumb Code     2  startup_tm4c123.o(.text)
    GPIOD_Handler                            0x000003f5   Thumb Code     2  startup_tm4c123.o(.text)
    GPIOE_Handler                            0x000003f7   Thumb Code     2  startup_tm4c123.o(.text)
    UART0_Handler                            0x000003f9   Thumb Code     2  startup_tm4c123.o(.text)
    UART1_Handler                            0x000003fb   Thumb Code     2  startup_tm4c123.o(.text)
    SSI0_Handler                             0x000003fd   Thumb Code     2  startup_tm4c123.o(.text)
    I2C0_Handler                             0x000003ff   Thumb Code     2  startup_tm4c123.o(.text)
    PMW0_FAULT_Handler                       0x00000401   Thumb Code     2  startup_tm4c123.o(.text)
    PWM0_0_Handler                           0x00000403   Thumb Code     2  startup_tm4c123.o(.text)
    PWM0_1_Handler                           0x00000405   Thumb Code     2  startup_tm4c123.o(.text)
    PWM0_2_Handler                           0x00000407   Thumb Code     2  startup_tm4c123.o(.text)
    QEI0_Handler                             0x00000409   Thumb Code     2  startup_tm4c123.o(.text)
    ADC0SS0_Handler                          0x0000040b   Thumb Code     2  startup_tm4c123.o(.text)
    ADC0SS1_Handler                          0x0000040d   Thumb Code     2  startup_tm4c123.o(.text)
    ADC0SS2_Handler                          0x0000040f   Thumb Code     2  startup_tm4c123.o(.text)
    ADC0SS3_Handler                          0x00000411   Thumb Code     2  startup_tm4c123.o(.text)
    WDT0_Handler                             0x00000413   Thumb Code     2  startup_tm4c123.o(.text)
    TIMER0A_Handler                          0x00000415   Thumb Code     2  startup_tm4c123.o(.text)
    TIMER0B_Handler                          0x00000417   Thumb Code     2  startup_tm4c123.o(.text)
    TIMER1A_Handler                          0x00000419   Thumb Code     2  startup_tm4c123.o(.text)
    TIMER1B_Handler                          0x0000041b   Thumb Code     2  startup_tm4c123.o(.text)
    TIMER2A_Handler                          0x0000041d   Thumb Code     2  startup_tm4c123.o(.text)
    TIMER2B_Handler                          0x0000041f   Thumb Code     2  startup_tm4c123.o(.text)
    COMP0_Handler                            0x00000421   Thumb Code     2  startup_tm4c123.o(.text)
    COMP1_Handler                            0x00000423   Thumb Code     2  startup_tm4c123.o(.text)
    COMP2_Handler                            0x00000425   Thumb Code     2  startup_tm4c123.o(.text)
    SYSCTL_Handler                           0x00000427   Thumb Code     2  startup_tm4c123.o(.text)
    FLASH_Handler                            0x00000429   Thumb Code     2  startup_tm4c123.o(.text)
    GPIOG_Handler                            0x0000042d   Thumb Code     2  startup_tm4c123.o(.text)
    GPIOH_Handler                            0x0000042f   Thumb Code     2  startup_tm4c123.o(.text)
    UART2_Handler                            0x00000431   Thumb Code     2  startup_tm4c123.o(.text)
    SSI1_Handler                             0x00000433   Thumb Code     2  startup_tm4c123.o(.text)
    TIMER3A_Handler                          0x00000435   Thumb Code     2  startup_tm4c123.o(.text)
    TIMER3B_Handler                          0x00000437   Thumb Code     2  startup_tm4c123.o(.text)
    I2C1_Handler                             0x00000439   Thumb Code     2  startup_tm4c123.o(.text)
    QEI1_Handler                             0x0000043b   Thumb Code     2  startup_tm4c123.o(.text)
    CAN0_Handler                             0x0000043d   Thumb Code     2  startup_tm4c123.o(.text)
    CAN1_Handler                             0x0000043f   Thumb Code     2  startup_tm4c123.o(.text)
    CAN2_Handler                             0x00000441   Thumb Code     2  startup_tm4c123.o(.text)
    HIB_Handler                              0x00000443   Thumb Code     2  startup_tm4c123.o(.text)
    USB0_Handler                             0x00000445   Thumb Code     2  startup_tm4c123.o(.text)
    PWM0_3_Handler                           0x00000447   Thumb Code     2  startup_tm4c123.o(.text)
    UDMA_Handler                             0x00000449   Thumb Code     2  startup_tm4c123.o(.text)
    UDMAERR_Handler                          0x0000044b   Thumb Code     2  startup_tm4c123.o(.text)
    ADC1SS0_Handler                          0x0000044d   Thumb Code     2  startup_tm4c123.o(.text)
    ADC1SS1_Handler                          0x0000044f   Thumb Code     2  startup_tm4c123.o(.text)
    ADC1SS2_Handler                          0x00000451   Thumb Code     2  startup_tm4c123.o(.text)
    ADC1SS3_Handler                          0x00000453   Thumb Code     2  startup_tm4c123.o(.text)
    GPIOJ_Handler                            0x00000455   Thumb Code     2  startup_tm4c123.o(.text)
    GPIOK_Handler                            0x00000457   Thumb Code     2  startup_tm4c123.o(.text)
    GPIOL_Handler                            0x00000459   Thumb Code     2  startup_tm4c123.o(.text)
    SSI2_Handler                             0x0000045b   Thumb Code     2  startup_tm4c123.o(.text)
    SSI3_Handler                             0x0000045d   Thumb Code     2  startup_tm4c123.o(.text)
    UART3_Handler                            0x0000045f   Thumb Code     2  startup_tm4c123.o(.text)
    UART4_Handler                            0x00000461   Thumb Code     2  startup_tm4c123.o(.text)
    UART5_Handler                            0x00000463   Thumb Code     2  startup_tm4c123.o(.text)
    UART6_Handler                            0x00000465   Thumb Code     2  startup_tm4c123.o(.text)
    UART7_Handler                            0x00000467   Thumb Code     2  startup_tm4c123.o(.text)
    I2C2_Handler                             0x00000469   Thumb Code     2  startup_tm4c123.o(.text)
    I2C3_Handler                             0x0000046b   Thumb Code     2  startup_tm4c123.o(.text)
    TIMER4A_Handler                          0x0000046d   Thumb Code     2  startup_tm4c123.o(.text)
    TIMER4B_Handler                          0x0000046f   Thumb Code     2  startup_tm4c123.o(.text)
    TIMER5A_Handler                          0x00000471   Thumb Code     2  startup_tm4c123.o(.text)
    TIMER5B_Handler                          0x00000473   Thumb Code     2  startup_tm4c123.o(.text)
    WTIMER0A_Handler                         0x00000475   Thumb Code     2  startup_tm4c123.o(.text)
    WTIMER0B_Handler                         0x00000477   Thumb Code     2  startup_tm4c123.o(.text)
    WTIMER1A_Handler                         0x00000479   Thumb Code     2  startup_tm4c123.o(.text)
    WTIMER1B_Handler                         0x0000047b   Thumb Code     2  startup_tm4c123.o(.text)
    WTIMER2A_Handler                         0x0000047d   Thumb Code     2  startup_tm4c123.o(.text)
    WTIMER2B_Handler                         0x0000047f   Thumb Code     2  startup_tm4c123.o(.text)
    WTIMER3A_Handler                         0x00000481   Thumb Code     2  startup_tm4c123.o(.text)
    WTIMER3B_Handler                         0x00000483   Thumb Code     2  startup_tm4c123.o(.text)
    WTIMER4A_Handler                         0x00000485   Thumb Code     2  startup_tm4c123.o(.text)
    WTIMER4B_Handler                         0x00000487   Thumb Code     2  startup_tm4c123.o(.text)
    WTIMER5A_Handler                         0x00000489   Thumb Code     2  startup_tm4c123.o(.text)
    WTIMER5B_Handler                         0x0000048b   Thumb Code     2  startup_tm4c123.o(.text)
    FPU_Handler                              0x0000048d   Thumb Code     2  startup_tm4c123.o(.text)
    I2C4_Handler                             0x0000048f   Thumb Code     2  startup_tm4c123.o(.text)
    I2C5_Handler                             0x00000491   Thumb Code     2  startup_tm4c123.o(.text)
    GPIOM_Handler                            0x00000493   Thumb Code     2  startup_tm4c123.o(.text)
    GPION_Handler                            0x00000495   Thumb Code     2  startup_tm4c123.o(.text)
    QEI2_Handler                             0x00000497   Thumb Code     2  startup_tm4c123.o(.text)
    GPIOP0_Handler                           0x00000499   Thumb Code     2  startup_tm4c123.o(.text)
    GPIOP1_Handler                           0x0000049b   Thumb Code     2  startup_tm4c123.o(.text)
    GPIOP2_Handler                           0x0000049d   Thumb Code     2  startup_tm4c123.o(.text)
    GPIOP3_Handler                           0x0000049f   Thumb Code     2  startup_tm4c123.o(.text)
    GPIOP4_Handler                           0x000004a1   Thumb Code     2  startup_tm4c123.o(.text)
    GPIOP5_Handler                           0x000004a3   Thumb Code     2  startup_tm4c123.o(.text)
    GPIOP6_Handler                           0x000004a5   Thumb Code     2  startup_tm4c123.o(.text)
    GPIOP7_Handler                           0x000004a7   Thumb Code     2  startup_tm4c123.o(.text)
    GPIOQ0_Handler                           0x000004a9   Thumb Code     2  startup_tm4c123.o(.text)
    GPIOQ1_Handler                           0x000004ab   Thumb Code     2  startup_tm4c123.o(.text)
    GPIOQ2_Handler                           0x000004ad   Thumb Code     2  startup_tm4c123.o(.text)
    GPIOQ3_Handler                           0x000004af   Thumb Code     2  startup_tm4c123.o(.text)
    GPIOQ4_Handler                           0x000004b1   Thumb Code     2  startup_tm4c123.o(.text)
    GPIOQ5_Handler                           0x000004b3   Thumb Code     2  startup_tm4c123.o(.text)
    GPIOQ6_Handler                           0x000004b5   Thumb Code     2  startup_tm4c123.o(.text)
    GPIOQ7_Handler                           0x000004b7   Thumb Code     2  startup_tm4c123.o(.text)
    GPIOR_Handler                            0x000004b9   Thumb Code     2  startup_tm4c123.o(.text)
    GPIOS_Handler                            0x000004bb   Thumb Code     2  startup_tm4c123.o(.text)
    PMW1_0_Handler                           0x000004bd   Thumb Code     2  startup_tm4c123.o(.text)
    PWM1_1_Handler                           0x000004bf   Thumb Code     2  startup_tm4c123.o(.text)
    PWM1_2_Handler                           0x000004c1   Thumb Code     2  startup_tm4c123.o(.text)
    PWM1_3_Handler                           0x000004c3   Thumb Code     2  startup_tm4c123.o(.text)
    PWM1_FAULT_Handler                       0x000004c5   Thumb Code     2  startup_tm4c123.o(.text)
    __user_initial_stackheap                 0x000004c9   Thumb Code     0  startup_tm4c123.o(.text)
    __aeabi_memcpy                           0x000004e9   Thumb Code     0  rt_memcpy_v6.o(.text)
    __rt_memcpy                              0x000004e9   Thumb Code   138  rt_memcpy_v6.o(.text)
    _memcpy_lastbytes                        0x0000054f   Thumb Code     0  rt_memcpy_v6.o(.text)
    __aeabi_memset                           0x00000573   Thumb Code    16  aeabi_memset.o(.text)
    __use_two_region_memory                  0x00000583   Thumb Code     2  heapauxi.o(.text)
    __rt_heap_escrow$2region                 0x00000585   Thumb Code     2  heapauxi.o(.text)
    __rt_heap_expand$2region                 0x00000587   Thumb Code     2  heapauxi.o(.text)
    __aeabi_memcpy4                          0x00000589   Thumb Code     0  rt_memcpy_w.o(.text)
    __aeabi_memcpy8                          0x00000589   Thumb Code     0  rt_memcpy_w.o(.text)
    __rt_memcpy_w                            0x00000589   Thumb Code   100  rt_memcpy_w.o(.text)
    _memcpy_lastbytes_aligned                0x000005d1   Thumb Code     0  rt_memcpy_w.o(.text)
    __aeabi_memclr                           0x000005ed   Thumb Code     0  rt_memclr.o(.text)
    __rt_memclr                              0x000005ed   Thumb Code    68  rt_memclr.o(.text)
    _memset                                  0x000005f1   Thumb Code     0  rt_memclr.o(.text)
    __aeabi_memclr4                          0x00000631   Thumb Code     0  rt_memclr_w.o(.text)
    __aeabi_memclr8                          0x00000631   Thumb Code     0  rt_memclr_w.o(.text)
    __rt_memclr_w                            0x00000631   Thumb Code    78  rt_memclr_w.o(.text)
    _memset_w                                0x00000635   Thumb Code     0  rt_memclr_w.o(.text)
    __user_setup_stackheap                   0x0000067f   Thumb Code    74  sys_stackheap_outer.o(.text)
    exit                                     0x000006c9   Thumb Code    18  exit.o(.text)
    __user_libspace                          0x000006dd   Thumb Code     8  libspace.o(.text)
    __user_perproc_libspace                  0x000006dd   Thumb Code     0  libspace.o(.text)
    _sys_exit                                0x000006e5   Thumb Code     8  sys_exit.o(.text)
    __I$use$semihosting                      0x000006f1   Thumb Code     0  use_no_semi.o(.text)
    __use_no_semihosting_swi                 0x000006f1   Thumb Code     2  use_no_semi.o(.text)
    __semihosting_library_function           0x000006f3   Thumb Code     0  indicate_semi.o(.text)
    ADC0_channelConfig                       0x000006f5   Thumb Code   238  adc.o(i.ADC0_channelConfig)
    ADC0_init                                0x000007f1   Thumb Code   142  adc.o(i.ADC0_init)
    ADC0_start_conversion                    0x00000891   Thumb Code    52  adc.o(i.ADC0_start_conversion)
    GPIOF_Handler                            0x000008cd   Thumb Code    60  main.o(i.GPIOF_Handler)
    LCD_GoToRowColumn                        0x0000090d   Thumb Code    38  lcd.o(i.LCD_GoToRowColumn)
    LCD_IntgerToString                       0x00000933   Thumb Code    28  lcd.o(i.LCD_IntgerToString)
    LCD_SendCommand                          0x00000951   Thumb Code    96  lcd.o(i.LCD_SendCommand)
    LCD_SendData                             0x000009b9   Thumb Code    96  lcd.o(i.LCD_SendData)
    LCD_ShowString                           0x00000a21   Thumb Code    26  lcd.o(i.LCD_ShowString)
    LCD_ShowStringRowAndColumn               0x00000a3b   Thumb Code    24  lcd.o(i.LCD_ShowStringRowAndColumn)
    LCD_init                                 0x00000a53   Thumb Code    54  lcd.o(i.LCD_init)
    PLL_Init                                 0x00000a89   Thumb Code   120  pll.o(i.PLL_Init)
    Port_Init                                0x00000b05   Thumb Code   266  port.o(i.Port_Init)
    Port_SetPinDirection                     0x00000c49   Thumb Code   182  port.o(i.Port_SetPinDirection)
    Port_SetPinPullUp                        0x00000d19   Thumb Code   182  port.o(i.Port_SetPinPullUp)
    Read_Potentiometer                       0x00000de9   Thumb Code    14  potentiometer.o(i.Read_Potentiometer)
    SysTick_Handler                          0x00000dfd   Thumb Code    14  cmsis_os2.o(i.SysTick_Handler)
    SystemInit                               0x00000e0d   Thumb Code   112  system_tm4c123.o(i.SystemInit)
    UART7_Recieve_NonBusy                    0x00000ea5   Thumb Code    26  uart.o(i.UART7_Recieve_NonBusy)
    UART7_Send_NonBusy                       0x00000ec5   Thumb Code    24  uart.o(i.UART7_Send_NonBusy)
    UART_init                                0x00000ee1   Thumb Code   258  uart.o(i.UART_init)
    _mutex_acquire                           0x0000102f   Thumb Code    22  clib_arm.o(i._mutex_acquire)
    _mutex_free                              0x00001045   Thumb Code    12  clib_arm.o(i._mutex_free)
    _mutex_initialize                        0x00001051   Thumb Code    24  clib_arm.o(i._mutex_initialize)
    _mutex_release                           0x00001069   Thumb Code    18  clib_arm.o(i._mutex_release)
    _platform_post_stackheap_init            0x0000107b   Thumb Code     8  clib_arm.o(i._platform_post_stackheap_init)
    delayMS                                  0x00001083   Thumb Code    22  delay.o(i.delayMS)
    initalize_PORTF_interrupt                0x00001099   Thumb Code    76  interrupt.o(i.initalize_PORTF_interrupt)
    itoa                                     0x000010ed   Thumb Code    84  lcd.o(i.itoa)
    main                                     0x0000114d   Thumb Code   142  main.o(i.main)
    map                                      0x00001215   Thumb Code    26  main.o(i.map)
    osKernelGetState                         0x00001231   Thumb Code    48  cmsis_os2.o(i.osKernelGetState)
    osKernelInitialize                       0x00001265   Thumb Code    58  cmsis_os2.o(i.osKernelInitialize)
    osMutexAcquire                           0x000012a5   Thumb Code   120  cmsis_os2.o(i.osMutexAcquire)
    osMutexDelete                            0x00001321   Thumb Code     8  cmsis_os2.o(i.osMutexDelete)
    osMutexNew                               0x00001329   Thumb Code   180  cmsis_os2.o(i.osMutexNew)
    osMutexRelease                           0x000013e1   Thumb Code   100  cmsis_os2.o(i.osMutexRelease)
    pvPortMalloc                             0x00001c71   Thumb Code    98  heap_1.o(i.pvPortMalloc)
    pvTaskIncrementMutexHeldCount            0x00001ce1   Thumb Code    26  tasks.o(i.pvTaskIncrementMutexHeldCount)
    pxPortInitialiseStack                    0x00001d01   Thumb Code    38  port_1.o(i.pxPortInitialiseStack)
    uxListRemove                             0x00001d2d   Thumb Code    40  list.o(i.uxListRemove)
    vApplicationGetIdleTaskMemory            0x00001d55   Thumb Code    14  cmsis_os2.o(i.vApplicationGetIdleTaskMemory)
    vApplicationGetTimerTaskMemory           0x00001d6d   Thumb Code    14  cmsis_os2.o(i.vApplicationGetTimerTaskMemory)
    vApplicationStackOverflowHook            0x00001d85   Thumb Code     2  cmsis_os2.o(i.vApplicationStackOverflowHook)
    vLCDTask                                 0x00001d89   Thumb Code    62  main.o(i.vLCDTask)
    vListInitialise                          0x00001dcd   Thumb Code    26  list.o(i.vListInitialise)
    vListInitialiseItem                      0x00001de7   Thumb Code     6  list.o(i.vListInitialiseItem)
    vListInsert                              0x00001ded   Thumb Code    52  list.o(i.vListInsert)
    vListInsertEnd                           0x00001e21   Thumb Code    24  list.o(i.vListInsertEnd)
    vPortEnterCritical                       0x00001e39   Thumb Code    30  port_1.o(i.vPortEnterCritical)
    vPortExitCritical                        0x00001e5d   Thumb Code    28  port_1.o(i.vPortExitCritical)
    vPortFree                                0x00001e7d   Thumb Code     2  heap_1.o(i.vPortFree)
    vPortSetupTimerInterrupt                 0x00001e81   Thumb Code    36  port_1.o(i.vPortSetupTimerInterrupt)
    vQueueWaitForMessageRestricted           0x00001ea9   Thumb Code    74  queue.o(i.vQueueWaitForMessageRestricted)
    vTaskDelayUntil                          0x00001ef5   Thumb Code   106  tasks.o(i.vTaskDelayUntil)
    vTaskInternalSetTimeOutState             0x00001f69   Thumb Code    14  tasks.o(i.vTaskInternalSetTimeOutState)
    vTaskMissedYield                         0x00001f81   Thumb Code     8  tasks.o(i.vTaskMissedYield)
    vTaskPlaceOnEventList                    0x00001f8d   Thumb Code    28  tasks.o(i.vTaskPlaceOnEventList)
    vTaskPlaceOnEventListRestricted          0x00001fad   Thumb Code    36  tasks.o(i.vTaskPlaceOnEventListRestricted)
    vTaskPriorityDisinheritAfterTimeout      0x00001fd5   Thumb Code   128  tasks.o(i.vTaskPriorityDisinheritAfterTimeout)
    vTaskStartScheduler                      0x0000205d   Thumb Code   120  tasks.o(i.vTaskStartScheduler)
    vTaskSuspendAll                          0x000020f1   Thumb Code    12  tasks.o(i.vTaskSuspendAll)
    vTaskSwitchContext                       0x00002101   Thumb Code   154  tasks.o(i.vTaskSwitchContext)
    vUARTReceiveTask                         0x000021b1   Thumb Code    48  main.o(i.vUARTReceiveTask)
    vUARTSendTask                            0x000021e9   Thumb Code    58  main.o(i.vUARTSendTask)
    xPortStartScheduler                      0x00002229   Thumb Code    58  port_1.o(i.xPortStartScheduler)
    xPortSysTickHandler                      0x00002271   Thumb Code    46  port_1.o(i.xPortSysTickHandler)
    xQueueCreateMutex                        0x000022a5   Thumb Code    34  queue.o(i.xQueueCreateMutex)
    xQueueCreateMutexStatic                  0x000022c7   Thumb Code    42  queue.o(i.xQueueCreateMutexStatic)
    xQueueGenericCreate                      0x000022f1   Thumb Code    62  queue.o(i.xQueueGenericCreate)
    xQueueGenericCreateStatic                0x0000232f   Thumb Code    46  queue.o(i.xQueueGenericCreateStatic)
    xQueueGenericReset                       0x0000235d   Thumb Code   122  queue.o(i.xQueueGenericReset)
    xQueueGenericSend                        0x000023dd   Thumb Code   276  queue.o(i.xQueueGenericSend)
    xQueueGenericSendFromISR                 0x000024f5   Thumb Code   134  queue.o(i.xQueueGenericSendFromISR)
    xQueueGiveMutexRecursive                 0x0000257b   Thumb Code    48  queue.o(i.xQueueGiveMutexRecursive)
    xQueueReceive                            0x000025ad   Thumb Code   256  queue.o(i.xQueueReceive)
    xQueueSemaphoreTake                      0x000026b1   Thumb Code   300  queue.o(i.xQueueSemaphoreTake)
    xQueueTakeMutexRecursive                 0x000027e1   Thumb Code    54  queue.o(i.xQueueTakeMutexRecursive)
    xTaskCheckForTimeOut                     0x00002819   Thumb Code    84  tasks.o(i.xTaskCheckForTimeOut)
    xTaskCreate                              0x00002875   Thumb Code   100  tasks.o(i.xTaskCreate)
    xTaskCreateStatic                        0x000028d9   Thumb Code    78  tasks.o(i.xTaskCreateStatic)
    xTaskGetCurrentTaskHandle                0x00002929   Thumb Code     6  tasks.o(i.xTaskGetCurrentTaskHandle)
    xTaskGetSchedulerState                   0x00002935   Thumb Code    24  tasks.o(i.xTaskGetSchedulerState)
    xTaskGetTickCount                        0x00002955   Thumb Code     6  tasks.o(i.xTaskGetTickCount)
    xTaskIncrementTick                       0x00002961   Thumb Code   236  tasks.o(i.xTaskIncrementTick)
    xTaskPriorityDisinherit                  0x00002a79   Thumb Code    86  tasks.o(i.xTaskPriorityDisinherit)
    xTaskPriorityInherit                     0x00002ad9   Thumb Code   150  tasks.o(i.xTaskPriorityInherit)
    xTaskRemoveFromEventList                 0x00002b7d   Thumb Code   102  tasks.o(i.xTaskRemoveFromEventList)
    xTaskResumeAll                           0x00002bfd   Thumb Code   194  tasks.o(i.xTaskResumeAll)
    xTimerCreateTimerTask                    0x00002ce5   Thumb Code    76  timers.o(i.xTimerCreateTimerTask)
    xTimerGenericCommand                     0x00002d45   Thumb Code   104  timers.o(i.xTimerGenericCommand)
    __aeabi_d2f                              0x00002db1   Thumb Code     0  d2f.o(x$fpl$d2f)
    _d2f                                     0x00002db1   Thumb Code    98  d2f.o(x$fpl$d2f)
    __aeabi_dadd                             0x00002e15   Thumb Code     0  daddsub_clz.o(x$fpl$dadd)
    _dadd                                    0x00002e15   Thumb Code   332  daddsub_clz.o(x$fpl$dadd)
    __aeabi_ddiv                             0x00002f65   Thumb Code     0  ddiv.o(x$fpl$ddiv)
    _ddiv                                    0x00002f65   Thumb Code   552  ddiv.o(x$fpl$ddiv)
    __aeabi_d2iz                             0x00003215   Thumb Code     0  dfix.o(x$fpl$dfix)
    _dfix                                    0x00003215   Thumb Code    94  dfix.o(x$fpl$dfix)
    __aeabi_i2d                              0x00003273   Thumb Code     0  dflt_clz.o(x$fpl$dflt)
    _dflt                                    0x00003273   Thumb Code    46  dflt_clz.o(x$fpl$dflt)
    __aeabi_dmul                             0x000032a1   Thumb Code     0  dmul.o(x$fpl$dmul)
    _dmul                                    0x000032a1   Thumb Code   332  dmul.o(x$fpl$dmul)
    __fpl_dnaninf                            0x000033f5   Thumb Code   156  dnaninf.o(x$fpl$dnaninf)
    __fpl_dretinf                            0x00003491   Thumb Code    12  dretinf.o(x$fpl$dretinf)
    __aeabi_dsub                             0x0000349d   Thumb Code     0  daddsub_clz.o(x$fpl$dsub)
    _dsub                                    0x0000349d   Thumb Code   464  daddsub_clz.o(x$fpl$dsub)
    __aeabi_f2d                              0x00003671   Thumb Code     0  f2d.o(x$fpl$f2d)
    _f2d                                     0x00003671   Thumb Code    86  f2d.o(x$fpl$f2d)
    __fpl_fnaninf                            0x000036c7   Thumb Code   140  fnaninf.o(x$fpl$fnaninf)
    _fp_init                                 0x00003753   Thumb Code    10  fpinit.o(x$fpl$fpinit)
    __fplib_config_fpu_vfp                   0x0000375b   Thumb Code     0  fpinit.o(x$fpl$fpinit)
    __fplib_config_pureend_doubles           0x0000375b   Thumb Code     0  fpinit.o(x$fpl$fpinit)
    __fpl_fretinf                            0x0000375d   Thumb Code    10  fretinf.o(x$fpl$fretinf)
    __I$use$fp                               0x00003766   Number         0  usenofp.o(x$fpl$usenofp)
    Region$$Table$$Base                      0x00003768   Number         0  anon$$obj.o(Region$$Table)
    Region$$Table$$Limit                     0x00003788   Number         0  anon$$obj.o(Region$$Table)
    MotorMailBox                             0x20000000   Data           4  main.o(.data)
    PotMailBox                               0x20000004   Data           4  main.o(.data)
    TempMailBox                              0x20000008   Data           4  main.o(.data)
    result                                   0x2000000c   Data           4  adc.o(.data)
    SystemCoreClock                          0x20000018   Data           4  system_tm4c123.o(.data)
    pxCurrentTCB                             0x20000028   Data           4  tasks.o(.data)
    __libspace_start                         0x200029fc   Data          96  libspace.o(.bss)
    __temporary_stack_top$libspace           0x20002a5c   Data           0  libspace.o(.bss)



==============================================================================

Memory Map of the image

  Image Entry point : 0x000003d5

  Load Region LR_1 (Base: 0x00000000, Size: 0x00003800, Max: 0xffffffff, ABSOLUTE)

    Execution Region ER_RO (Exec base: 0x00000000, Load base: 0x00000000, Size: 0x00003788, Max: 0xffffffff, ABSOLUTE)

    Exec Addr    Load Addr    Size         Type   Attr      Idx    E Section Name        Object

    0x00000000   0x00000000   0x0000026c   Data   RO         1036    RESET               startup_tm4c123.o
    0x0000026c   0x0000026c   0x00000008   Code   RO         2203  * !!!main             c_w.l(__main.o)
    0x00000274   0x00000274   0x00000034   Code   RO         2399    !!!scatter          c_w.l(__scatter.o)
    0x000002a8   0x000002a8   0x0000001a   Code   RO         2401    !!handler_copy      c_w.l(__scatter_copy.o)
    0x000002c2   0x000002c2   0x00000002   PAD
    0x000002c4   0x000002c4   0x0000001c   Code   RO         2403    !!handler_zi        c_w.l(__scatter_zi.o)
    0x000002e0   0x000002e0   0x00000002   Code   RO         2269    .ARM.Collect$$libinit$$00000000  c_w.l(libinit.o)
    0x000002e2   0x000002e2   0x00000004   Code   RO         2275    .ARM.Collect$$libinit$$00000001  c_w.l(libinit2.o)
    0x000002e6   0x000002e6   0x00000000   Code   RO         2278    .ARM.Collect$$libinit$$00000004  c_w.l(libinit2.o)
    0x000002e6   0x000002e6   0x00000000   Code   RO         2281    .ARM.Collect$$libinit$$0000000A  c_w.l(libinit2.o)
    0x000002e6   0x000002e6   0x00000000   Code   RO         2283    .ARM.Collect$$libinit$$0000000C  c_w.l(libinit2.o)
    0x000002e6   0x000002e6   0x00000000   Code   RO         2285    .ARM.Collect$$libinit$$0000000E  c_w.l(libinit2.o)
    0x000002e6   0x000002e6   0x00000000   Code   RO         2288    .ARM.Collect$$libinit$$00000011  c_w.l(libinit2.o)
    0x000002e6   0x000002e6   0x00000000   Code   RO         2290    .ARM.Collect$$libinit$$00000013  c_w.l(libinit2.o)
    0x000002e6   0x000002e6   0x00000000   Code   RO         2292    .ARM.Collect$$libinit$$00000015  c_w.l(libinit2.o)
    0x000002e6   0x000002e6   0x00000000   Code   RO         2294    .ARM.Collect$$libinit$$00000017  c_w.l(libinit2.o)
    0x000002e6   0x000002e6   0x00000000   Code   RO         2296    .ARM.Collect$$libinit$$00000019  c_w.l(libinit2.o)
    0x000002e6   0x000002e6   0x00000000   Code   RO         2298    .ARM.Collect$$libinit$$0000001B  c_w.l(libinit2.o)
    0x000002e6   0x000002e6   0x00000000   Code   RO         2300    .ARM.Collect$$libinit$$0000001D  c_w.l(libinit2.o)
    0x000002e6   0x000002e6   0x00000000   Code   RO         2302    .ARM.Collect$$libinit$$0000001F  c_w.l(libinit2.o)
    0x000002e6   0x000002e6   0x00000000   Code   RO         2304    .ARM.Collect$$libinit$$00000021  c_w.l(libinit2.o)
    0x000002e6   0x000002e6   0x00000000   Code   RO         2306    .ARM.Collect$$libinit$$00000023  c_w.l(libinit2.o)
    0x000002e6   0x000002e6   0x00000000   Code   RO         2308    .ARM.Collect$$libinit$$00000025  c_w.l(libinit2.o)
    0x000002e6   0x000002e6   0x00000000   Code   RO         2312    .ARM.Collect$$libinit$$0000002C  c_w.l(libinit2.o)
    0x000002e6   0x000002e6   0x00000000   Code   RO         2314    .ARM.Collect$$libinit$$0000002E  c_w.l(libinit2.o)
    0x000002e6   0x000002e6   0x00000000   Code   RO         2316    .ARM.Collect$$libinit$$00000030  c_w.l(libinit2.o)
    0x000002e6   0x000002e6   0x00000000   Code   RO         2318    .ARM.Collect$$libinit$$00000032  c_w.l(libinit2.o)
    0x000002e6   0x000002e6   0x00000002   Code   RO         2319    .ARM.Collect$$libinit$$00000033  c_w.l(libinit2.o)
    0x000002e8   0x000002e8   0x00000002   Code   RO         2339    .ARM.Collect$$libshutdown$$00000000  c_w.l(libshutdown.o)
    0x000002ea   0x000002ea   0x00000000   Code   RO         2352    .ARM.Collect$$libshutdown$$00000002  c_w.l(libshutdown2.o)
    0x000002ea   0x000002ea   0x00000000   Code   RO         2354    .ARM.Collect$$libshutdown$$00000004  c_w.l(libshutdown2.o)
    0x000002ea   0x000002ea   0x00000000   Code   RO         2357    .ARM.Collect$$libshutdown$$00000007  c_w.l(libshutdown2.o)
    0x000002ea   0x000002ea   0x00000000   Code   RO         2360    .ARM.Collect$$libshutdown$$0000000A  c_w.l(libshutdown2.o)
    0x000002ea   0x000002ea   0x00000000   Code   RO         2362    .ARM.Collect$$libshutdown$$0000000C  c_w.l(libshutdown2.o)
    0x000002ea   0x000002ea   0x00000000   Code   RO         2365    .ARM.Collect$$libshutdown$$0000000F  c_w.l(libshutdown2.o)
    0x000002ea   0x000002ea   0x00000002   Code   RO         2366    .ARM.Collect$$libshutdown$$00000010  c_w.l(libshutdown2.o)
    0x000002ec   0x000002ec   0x00000000   Code   RO         2231    .ARM.Collect$$rtentry$$00000000  c_w.l(__rtentry.o)
    0x000002ec   0x000002ec   0x00000000   Code   RO         2246    .ARM.Collect$$rtentry$$00000002  c_w.l(__rtentry2.o)
    0x000002ec   0x000002ec   0x00000006   Code   RO         2258    .ARM.Collect$$rtentry$$00000004  c_w.l(__rtentry4.o)
    0x000002f2   0x000002f2   0x00000008   Code   RO         2247    .ARM.Collect$$rtentry$$00000008  c_w.l(__rtentry2.o)
    0x000002fa   0x000002fa   0x00000004   Code   RO         2249    .ARM.Collect$$rtentry$$0000000A  c_w.l(__rtentry2.o)
    0x000002fe   0x000002fe   0x00000000   Code   RO         2251    .ARM.Collect$$rtentry$$0000000C  c_w.l(__rtentry2.o)
    0x000002fe   0x000002fe   0x00000008   Code   RO         2252    .ARM.Collect$$rtentry$$0000000D  c_w.l(__rtentry2.o)
    0x00000306   0x00000306   0x00000002   Code   RO         2273    .ARM.Collect$$rtexit$$00000000  c_w.l(rtexit.o)
    0x00000308   0x00000308   0x00000000   Code   RO         2321    .ARM.Collect$$rtexit$$00000002  c_w.l(rtexit2.o)
    0x00000308   0x00000308   0x00000004   Code   RO         2322    .ARM.Collect$$rtexit$$00000003  c_w.l(rtexit2.o)
    0x0000030c   0x0000030c   0x00000006   Code   RO         2323    .ARM.Collect$$rtexit$$00000004  c_w.l(rtexit2.o)
    0x00000312   0x00000312   0x00000002   PAD
    0x00000314   0x00000314   0x000000be   Code   RO         1345    .emb_text           port_1.o
    0x000003d2   0x000003d2   0x00000002   PAD
    0x000003d4   0x000003d4   0x00000114   Code   RO         1037  * .text               startup_tm4c123.o
    0x000004e8   0x000004e8   0x0000008a   Code   RO         2197    .text               c_w.l(rt_memcpy_v6.o)
    0x00000572   0x00000572   0x00000010   Code   RO         2199    .text               c_w.l(aeabi_memset.o)
    0x00000582   0x00000582   0x00000006   Code   RO         2201    .text               c_w.l(heapauxi.o)
    0x00000588   0x00000588   0x00000064   Code   RO         2232    .text               c_w.l(rt_memcpy_w.o)
    0x000005ec   0x000005ec   0x00000044   Code   RO         2234    .text               c_w.l(rt_memclr.o)
    0x00000630   0x00000630   0x0000004e   Code   RO         2260    .text               c_w.l(rt_memclr_w.o)
    0x0000067e   0x0000067e   0x0000004a   Code   RO         2262    .text               c_w.l(sys_stackheap_outer.o)
    0x000006c8   0x000006c8   0x00000012   Code   RO         2264    .text               c_w.l(exit.o)
    0x000006da   0x000006da   0x00000002   PAD
    0x000006dc   0x000006dc   0x00000008   Code   RO         2270    .text               c_w.l(libspace.o)
    0x000006e4   0x000006e4   0x0000000c   Code   RO         2331    .text               c_w.l(sys_exit.o)
    0x000006f0   0x000006f0   0x00000002   Code   RO         2342    .text               c_w.l(use_no_semi.o)
    0x000006f2   0x000006f2   0x00000000   Code   RO         2344    .text               c_w.l(indicate_semi.o)
    0x000006f2   0x000006f2   0x00000002   PAD
    0x000006f4   0x000006f4   0x000000fc   Code   RO          259    i.ADC0_channelConfig  adc.o
    0x000007f0   0x000007f0   0x000000a0   Code   RO          261    i.ADC0_init         adc.o
    0x00000890   0x00000890   0x0000003c   Code   RO          262    i.ADC0_start_conversion  adc.o
    0x000008cc   0x000008cc   0x00000040   Code   RO            4    i.GPIOF_Handler     main.o
    0x0000090c   0x0000090c   0x00000026   Code   RO          296    i.LCD_GoToRowColumn  lcd.o
    0x00000932   0x00000932   0x0000001c   Code   RO          297    i.LCD_IntgerToString  lcd.o
    0x0000094e   0x0000094e   0x00000002   PAD
    0x00000950   0x00000950   0x00000068   Code   RO          298    i.LCD_SendCommand   lcd.o
    0x000009b8   0x000009b8   0x00000068   Code   RO          299    i.LCD_SendData      lcd.o
    0x00000a20   0x00000a20   0x0000001a   Code   RO          300    i.LCD_ShowString    lcd.o
    0x00000a3a   0x00000a3a   0x00000018   Code   RO          301    i.LCD_ShowStringRowAndColumn  lcd.o
    0x00000a52   0x00000a52   0x00000036   Code   RO          302    i.LCD_init          lcd.o
    0x00000a88   0x00000a88   0x0000007c   Code   RO          379    i.PLL_Init          pll.o
    0x00000b04   0x00000b04   0x00000144   Code   RO          211    i.Port_Init         port.o
    0x00000c48   0x00000c48   0x000000d0   Code   RO          212    i.Port_SetPinDirection  port.o
    0x00000d18   0x00000d18   0x000000d0   Code   RO          214    i.Port_SetPinPullUp  port.o
    0x00000de8   0x00000de8   0x00000014   Code   RO          355    i.Read_Potentiometer  potentiometer.o
    0x00000dfc   0x00000dfc   0x0000000e   Code   RO          486    i.SysTick_Handler   cmsis_os2.o
    0x00000e0a   0x00000e0a   0x00000002   PAD
    0x00000e0c   0x00000e0c   0x00000098   Code   RO         1045    i.SystemInit        system_tm4c123.o
    0x00000ea4   0x00000ea4   0x00000020   Code   RO          391    i.UART7_Recieve_NonBusy  uart.o
    0x00000ec4   0x00000ec4   0x0000001c   Code   RO          392    i.UART7_Send_NonBusy  uart.o
    0x00000ee0   0x00000ee0   0x0000013c   Code   RO          393    i.UART_init         uart.o
    0x0000101c   0x0000101c   0x00000006   Code   RO          488    i.__get_BASEPRI     cmsis_os2.o
    0x00001022   0x00001022   0x00000006   Code   RO          489    i.__get_IPSR        cmsis_os2.o
    0x00001028   0x00001028   0x00000006   Code   RO          490    i.__get_PRIMASK     cmsis_os2.o
    0x0000102e   0x0000102e   0x00000016   Code   RO          419    i._mutex_acquire    clib_arm.o
    0x00001044   0x00001044   0x0000000c   Code   RO          420    i._mutex_free       clib_arm.o
    0x00001050   0x00001050   0x00000018   Code   RO          421    i._mutex_initialize  clib_arm.o
    0x00001068   0x00001068   0x00000012   Code   RO          422    i._mutex_release    clib_arm.o
    0x0000107a   0x0000107a   0x00000008   Code   RO          423    i._platform_post_stackheap_init  clib_arm.o
    0x00001082   0x00001082   0x00000016   Code   RO          169    i.delayMS           delay.o
    0x00001098   0x00001098   0x00000054   Code   RO          367    i.initalize_PORTF_interrupt  interrupt.o
    0x000010ec   0x000010ec   0x00000060   Code   RO          303    i.itoa              lcd.o
    0x0000114c   0x0000114c   0x000000c8   Code   RO            5    i.main              main.o
    0x00001214   0x00001214   0x0000001a   Code   RO            6    i.map               main.o
    0x0000122e   0x0000122e   0x00000002   PAD
    0x00001230   0x00001230   0x00000034   Code   RO          500    i.osKernelGetState  cmsis_os2.o
    0x00001264   0x00001264   0x00000040   Code   RO          505    i.osKernelInitialize  cmsis_os2.o
    0x000012a4   0x000012a4   0x0000007c   Code   RO          519    i.osMutexAcquire    cmsis_os2.o
    0x00001320   0x00001320   0x00000008   Code   RO          520    i.osMutexDelete     cmsis_os2.o
    0x00001328   0x00001328   0x000000b8   Code   RO          522    i.osMutexNew        cmsis_os2.o
    0x000013e0   0x000013e0   0x00000068   Code   RO          523    i.osMutexRelease    cmsis_os2.o
    0x00001448   0x00001448   0x00000024   Code   RO          424    i.os_kernel_is_active  clib_arm.o
    0x0000146c   0x0000146c   0x0000007c   Code   RO         1662    i.prvAddCurrentTaskToDelayedList  tasks.o
    0x000014e8   0x000014e8   0x000000b8   Code   RO         1663    i.prvAddNewTaskToReadyList  tasks.o
    0x000015a0   0x000015a0   0x0000005c   Code   RO         2038    i.prvCheckForValidListAndQueue  timers.o
    0x000015fc   0x000015fc   0x00000048   Code   RO         1664    i.prvCheckTasksWaitingTermination  tasks.o
    0x00001644   0x00001644   0x0000002a   Code   RO         1428    i.prvCopyDataFromQueue  queue.o
    0x0000166e   0x0000166e   0x0000007c   Code   RO         1429    i.prvCopyDataToQueue  queue.o
    0x000016ea   0x000016ea   0x00000028   Code   RO         1665    i.prvDeleteTCB      tasks.o
    0x00001712   0x00001712   0x00000014   Code   RO         1430    i.prvGetDisinheritPriorityAfterTimeout  queue.o
    0x00001726   0x00001726   0x00000002   PAD
    0x00001728   0x00001728   0x00000028   Code   RO         2039    i.prvGetNextExpireTime  timers.o
    0x00001750   0x00001750   0x00000028   Code   RO         1666    i.prvIdleTask       tasks.o
    0x00001778   0x00001778   0x0000001c   Code   RO         1431    i.prvInitialiseMutex  queue.o
    0x00001794   0x00001794   0x0000002a   Code   RO         1432    i.prvInitialiseNewQueue  queue.o
    0x000017be   0x000017be   0x00000090   Code   RO         1667    i.prvInitialiseNewTask  tasks.o
    0x0000184e   0x0000184e   0x00000002   PAD
    0x00001850   0x00001850   0x00000068   Code   RO         1668    i.prvInitialiseTaskLists  tasks.o
    0x000018b8   0x000018b8   0x00000058   Code   RO         2041    i.prvInsertTimerInActiveList  timers.o
    0x00001910   0x00001910   0x0000001a   Code   RO         1433    i.prvIsQueueEmpty   queue.o
    0x0000192a   0x0000192a   0x0000001e   Code   RO         1434    i.prvIsQueueFull    queue.o
    0x00001948   0x00001948   0x0000004c   Code   RO         2042    i.prvProcessExpiredTimer  timers.o
    0x00001994   0x00001994   0x000000d4   Code   RO         2043    i.prvProcessReceivedCommands  timers.o
    0x00001a68   0x00001a68   0x00000074   Code   RO         2044    i.prvProcessTimerOrBlockTask  timers.o
    0x00001adc   0x00001adc   0x00000034   Code   RO         1670    i.prvResetNextTaskUnblockTime  tasks.o
    0x00001b10   0x00001b10   0x0000002c   Code   RO         2045    i.prvSampleTimeNow  timers.o
    0x00001b3c   0x00001b3c   0x00000084   Code   RO         2046    i.prvSwitchTimerLists  timers.o
    0x00001bc0   0x00001bc0   0x00000016   Code   RO         1346    i.prvTaskExitError  port_1.o
    0x00001bd6   0x00001bd6   0x0000001a   Code   RO         2047    i.prvTimerTask      timers.o
    0x00001bf0   0x00001bf0   0x0000007e   Code   RO         1435    i.prvUnlockQueue    queue.o
    0x00001c6e   0x00001c6e   0x00000002   PAD
    0x00001c70   0x00001c70   0x00000070   Code   RO         1300    i.pvPortMalloc      heap_1.o
    0x00001ce0   0x00001ce0   0x00000020   Code   RO         1673    i.pvTaskIncrementMutexHeldCount  tasks.o
    0x00001d00   0x00001d00   0x0000002c   Code   RO         1347    i.pxPortInitialiseStack  port_1.o
    0x00001d2c   0x00001d2c   0x00000028   Code   RO         1249    i.uxListRemove      list.o
    0x00001d54   0x00001d54   0x00000018   Code   RO          553    i.vApplicationGetIdleTaskMemory  cmsis_os2.o
    0x00001d6c   0x00001d6c   0x00000018   Code   RO          554    i.vApplicationGetTimerTaskMemory  cmsis_os2.o
    0x00001d84   0x00001d84   0x00000002   Code   RO          555    i.vApplicationStackOverflowHook  cmsis_os2.o
    0x00001d86   0x00001d86   0x00000002   PAD
    0x00001d88   0x00001d88   0x00000044   Code   RO            7    i.vLCDTask          main.o
    0x00001dcc   0x00001dcc   0x0000001a   Code   RO         1250    i.vListInitialise   list.o
    0x00001de6   0x00001de6   0x00000006   Code   RO         1251    i.vListInitialiseItem  list.o
    0x00001dec   0x00001dec   0x00000034   Code   RO         1252    i.vListInsert       list.o
    0x00001e20   0x00001e20   0x00000018   Code   RO         1253    i.vListInsertEnd    list.o
    0x00001e38   0x00001e38   0x00000024   Code   RO         1349    i.vPortEnterCritical  port_1.o
    0x00001e5c   0x00001e5c   0x00000020   Code   RO         1350    i.vPortExitCritical  port_1.o
    0x00001e7c   0x00001e7c   0x00000002   Code   RO         1301    i.vPortFree         heap_1.o
    0x00001e7e   0x00001e7e   0x00000002   PAD
    0x00001e80   0x00001e80   0x00000028   Code   RO         1351    i.vPortSetupTimerInterrupt  port_1.o
    0x00001ea8   0x00001ea8   0x0000004a   Code   RO         1443    i.vQueueWaitForMessageRestricted  queue.o
    0x00001ef2   0x00001ef2   0x00000002   PAD
    0x00001ef4   0x00001ef4   0x00000074   Code   RO         1683    i.vTaskDelayUntil   tasks.o
    0x00001f68   0x00001f68   0x00000018   Code   RO         1687    i.vTaskInternalSetTimeOutState  tasks.o
    0x00001f80   0x00001f80   0x0000000c   Code   RO         1688    i.vTaskMissedYield  tasks.o
    0x00001f8c   0x00001f8c   0x00000020   Code   RO         1690    i.vTaskPlaceOnEventList  tasks.o
    0x00001fac   0x00001fac   0x00000028   Code   RO         1691    i.vTaskPlaceOnEventListRestricted  tasks.o
    0x00001fd4   0x00001fd4   0x00000088   Code   RO         1693    i.vTaskPriorityDisinheritAfterTimeout  tasks.o
    0x0000205c   0x0000205c   0x00000094   Code   RO         1699    i.vTaskStartScheduler  tasks.o
    0x000020f0   0x000020f0   0x00000010   Code   RO         1701    i.vTaskSuspendAll   tasks.o
    0x00002100   0x00002100   0x000000b0   Code   RO         1702    i.vTaskSwitchContext  tasks.o
    0x000021b0   0x000021b0   0x00000038   Code   RO            8    i.vUARTReceiveTask  main.o
    0x000021e8   0x000021e8   0x00000040   Code   RO            9    i.vUARTSendTask     main.o
    0x00002228   0x00002228   0x00000048   Code   RO         1352    i.xPortStartScheduler  port_1.o
    0x00002270   0x00002270   0x00000034   Code   RO         1353    i.xPortSysTickHandler  port_1.o
    0x000022a4   0x000022a4   0x00000022   Code   RO         1446    i.xQueueCreateMutex  queue.o
    0x000022c6   0x000022c6   0x0000002a   Code   RO         1447    i.xQueueCreateMutexStatic  queue.o
    0x000022f0   0x000022f0   0x0000003e   Code   RO         1448    i.xQueueGenericCreate  queue.o
    0x0000232e   0x0000232e   0x0000002e   Code   RO         1449    i.xQueueGenericCreateStatic  queue.o
    0x0000235c   0x0000235c   0x00000080   Code   RO         1450    i.xQueueGenericReset  queue.o
    0x000023dc   0x000023dc   0x00000118   Code   RO         1451    i.xQueueGenericSend  queue.o
    0x000024f4   0x000024f4   0x00000086   Code   RO         1452    i.xQueueGenericSendFromISR  queue.o
    0x0000257a   0x0000257a   0x00000030   Code   RO         1456    i.xQueueGiveMutexRecursive  queue.o
    0x000025aa   0x000025aa   0x00000002   PAD
    0x000025ac   0x000025ac   0x00000104   Code   RO         1461    i.xQueueReceive     queue.o
    0x000026b0   0x000026b0   0x00000130   Code   RO         1463    i.xQueueSemaphoreTake  queue.o
    0x000027e0   0x000027e0   0x00000036   Code   RO         1464    i.xQueueTakeMutexRecursive  queue.o
    0x00002816   0x00002816   0x00000002   PAD
    0x00002818   0x00002818   0x0000005c   Code   RO         1703    i.xTaskCheckForTimeOut  tasks.o
    0x00002874   0x00002874   0x00000064   Code   RO         1704    i.xTaskCreate       tasks.o
    0x000028d8   0x000028d8   0x0000004e   Code   RO         1705    i.xTaskCreateStatic  tasks.o
    0x00002926   0x00002926   0x00000002   PAD
    0x00002928   0x00002928   0x0000000c   Code   RO         1708    i.xTaskGetCurrentTaskHandle  tasks.o
    0x00002934   0x00002934   0x00000020   Code   RO         1709    i.xTaskGetSchedulerState  tasks.o
    0x00002954   0x00002954   0x0000000c   Code   RO         1710    i.xTaskGetTickCount  tasks.o
    0x00002960   0x00002960   0x00000118   Code   RO         1712    i.xTaskIncrementTick  tasks.o
    0x00002a78   0x00002a78   0x00000060   Code   RO         1715    i.xTaskPriorityDisinherit  tasks.o
    0x00002ad8   0x00002ad8   0x000000a4   Code   RO         1716    i.xTaskPriorityInherit  tasks.o
    0x00002b7c   0x00002b7c   0x00000080   Code   RO         1717    i.xTaskRemoveFromEventList  tasks.o
    0x00002bfc   0x00002bfc   0x000000e8   Code   RO         1718    i.xTaskResumeAll    tasks.o
    0x00002ce4   0x00002ce4   0x00000060   Code   RO         2054    i.xTimerCreateTimerTask  timers.o
    0x00002d44   0x00002d44   0x0000006c   Code   RO         2055    i.xTimerGenericCommand  timers.o
    0x00002db0   0x00002db0   0x00000062   Code   RO         2205    x$fpl$d2f           fz_wm.l(d2f.o)
    0x00002e12   0x00002e12   0x00000002   PAD
    0x00002e14   0x00002e14   0x00000150   Code   RO         2207    x$fpl$dadd          fz_wm.l(daddsub_clz.o)
    0x00002f64   0x00002f64   0x000002b0   Code   RO         2214    x$fpl$ddiv          fz_wm.l(ddiv.o)
    0x00003214   0x00003214   0x0000005e   Code   RO         2217    x$fpl$dfix          fz_wm.l(dfix.o)
    0x00003272   0x00003272   0x0000002e   Code   RO         2222    x$fpl$dflt          fz_wm.l(dflt_clz.o)
    0x000032a0   0x000032a0   0x00000154   Code   RO         2227    x$fpl$dmul          fz_wm.l(dmul.o)
    0x000033f4   0x000033f4   0x0000009c   Code   RO         2236    x$fpl$dnaninf       fz_wm.l(dnaninf.o)
    0x00003490   0x00003490   0x0000000c   Code   RO         2238    x$fpl$dretinf       fz_wm.l(dretinf.o)
    0x0000349c   0x0000349c   0x000001d4   Code   RO         2209    x$fpl$dsub          fz_wm.l(daddsub_clz.o)
    0x00003670   0x00003670   0x00000056   Code   RO         2229    x$fpl$f2d           fz_wm.l(f2d.o)
    0x000036c6   0x000036c6   0x0000008c   Code   RO         2240    x$fpl$fnaninf       fz_wm.l(fnaninf.o)
    0x00003752   0x00003752   0x0000000a   Code   RO         2329    x$fpl$fpinit        fz_wm.l(fpinit.o)
    0x0000375c   0x0000375c   0x0000000a   Code   RO         2242    x$fpl$fretinf       fz_wm.l(fretinf.o)
    0x00003766   0x00003766   0x00000000   Code   RO         2244    x$fpl$usenofp       fz_wm.l(usenofp.o)
    0x00003766   0x00003766   0x00000002   PAD
    0x00003768   0x00003768   0x00000020   Data   RO         2397    Region$$Table       anon$$obj.o


    Execution Region ER_RW (Exec base: 0x20000000, Load base: 0x00003788, Size: 0x00000078, Max: 0xffffffff, ABSOLUTE)

    Exec Addr    Load Addr    Size         Type   Attr      Idx    E Section Name        Object

    0x20000000   0x00003788   0x0000000c   Data   RW           10    .data               main.o
    0x2000000c   0x00003794   0x00000004   Data   RW          263    .data               adc.o
    0x20000010   0x00003798   0x00000001   Data   RW          426    .data               clib_arm.o
    0x20000011   0x00003799   0x00000003   PAD
    0x20000014   0x0000379c   0x00000004   Data   RW          557    .data               cmsis_os2.o
    0x20000018   0x000037a0   0x00000004   Data   RW         1047    .data               system_tm4c123.o
    0x2000001c   0x000037a4   0x00000008   Data   RW         1305    .data               heap_1.o
    0x20000024   0x000037ac   0x00000004   Data   RW         1354    .data               port_1.o
    0x20000028   0x000037b0   0x0000003c   Data   RW         1721    .data               tasks.o
    0x20000064   0x000037ec   0x00000014   Data   RW         2063    .data               timers.o


    Execution Region ER_ZI (Exec base: 0x20000078, Load base: 0x00003800, Size: 0x00002be8, Max: 0xffffffff, ABSOLUTE)

    Exec Addr    Load Addr    Size         Type   Attr      Idx    E Section Name        Object

    0x20000078        -       0x000003f8   Zero   RW          556    .bss                cmsis_os2.o
    0x20000470        -       0x00002000   Zero   RW         1304    .bss                heap_1.o
    0x20002470        -       0x000004c4   Zero   RW         1720    .bss                tasks.o
    0x20002934        -       0x000000c8   Zero   RW         2062    .bss                timers.o
    0x200029fc        -       0x00000060   Zero   RW         2271    .bss                c_w.l(libspace.o)
    0x20002a5c   0x00003800   0x00000004   PAD
    0x20002a60        -       0x00000000   Zero   RW         1035    HEAP                startup_tm4c123.o
    0x20002a60        -       0x00000200   Zero   RW         1034    STACK               startup_tm4c123.o


==============================================================================

Image component sizes


      Code (inc. data)   RO Data    RW Data    ZI Data      Debug   Object Name

       472         40          0          4          0       2218   adc.o
       120          4          0          1          0       8216   clib_arm.o
       618         42          0          4       1016      39670   cmsis_os2.o
        22          0          0          0          0        474   delay.o
         0          0          0          0          0      17364   event_groups.o
       114         14          0          8       8192       2239   heap_1.o
        84          8          0          0          0        516   interrupt.o
       474         28          0          0          0       4478   lcd.o
       148          0          0          0          0      11954   list.o
       478         82          0         12          0      18841   main.o
       124          4          0          0          0        463   pll.o
       740        140          0          0          0       2375   port.o
       488         56          0          4          0       9724   port_1.o
        20          6          0          0          0        513   potentiometer.o
      1904         18          0          0          0      17945   queue.o
       276         24        620          0        512       5432   startup_tm4c123.o
       152         40          0          4          0        799   system_tm4c123.o
      2718        378          0         60       1220      33252   tasks.o
      1030        116          0         20        200       9599   timers.o
       376         68          0          0          0       2197   uart.o

    ----------------------------------------------------------------------
     10384       1068        652        120      11140     188269   Object Totals
         0          0         32          0          0          0   (incl. Generated)
        26          0          0          3          0          0   (incl. Padding)

    ----------------------------------------------------------------------

      Code (inc. data)   RO Data    RW Data    ZI Data      Debug   Library Member Name

         8          0          0          0          0         68   __main.o
         0          0          0          0          0          0   __rtentry.o
        20          0          0          0          0          0   __rtentry2.o
         6          0          0          0          0          0   __rtentry4.o
        52          8          0          0          0          0   __scatter.o
        26          0          0          0          0          0   __scatter_copy.o
        28          0          0          0          0          0   __scatter_zi.o
        16          0          0          0          0         68   aeabi_memset.o
        18          0          0          0          0         80   exit.o
         6          0          0          0          0        152   heapauxi.o
         0          0          0          0          0          0   indicate_semi.o
         2          0          0          0          0          0   libinit.o
         6          0          0          0          0          0   libinit2.o
         2          0          0          0          0          0   libshutdown.o
         2          0          0          0          0          0   libshutdown2.o
         8          4          0          0         96         68   libspace.o
        68          0          0          0          0         68   rt_memclr.o
        78          0          0          0          0         80   rt_memclr_w.o
       138          0          0          0          0         68   rt_memcpy_v6.o
       100          0          0          0          0         80   rt_memcpy_w.o
         2          0          0          0          0          0   rtexit.o
        10          0          0          0          0          0   rtexit2.o
        12          4          0          0          0         68   sys_exit.o
        74          0          0          0          0         80   sys_stackheap_outer.o
         2          0          0          0          0         68   use_no_semi.o
        98          4          0          0          0        140   d2f.o
       804         16          0          0          0        368   daddsub_clz.o
       688        140          0          0          0        256   ddiv.o
        94          4          0          0          0        140   dfix.o
        46          0          0          0          0        116   dflt_clz.o
       340         12          0          0          0        152   dmul.o
       156          4          0          0          0        140   dnaninf.o
        12          0          0          0          0        116   dretinf.o
        86          4          0          0          0        132   f2d.o
       140          4          0          0          0        132   fnaninf.o
        10          0          0          0          0        116   fpinit.o
        10          0          0          0          0        116   fretinf.o
         0          0          0          0          0          0   usenofp.o

    ----------------------------------------------------------------------
      3180        204          0          0        100       2872   Library Totals
        12          0          0          0          4          0   (incl. Padding)

    ----------------------------------------------------------------------

      Code (inc. data)   RO Data    RW Data    ZI Data      Debug   Library Name

       684         16          0          0         96        948   c_w.l
      2484        188          0          0          0       1924   fz_wm.l

    ----------------------------------------------------------------------
      3180        204          0          0        100       2872   Library Totals

    ----------------------------------------------------------------------

==============================================================================


      Code (inc. data)   RO Data    RW Data    ZI Data      Debug   

     13564       1272        652        120      11240     177825   Grand Totals
     13564       1272        652        120      11240     177825   ELF Image Totals
     13564       1272        652        120          0          0   ROM Totals

==============================================================================

    Total RO  Size (Code + RO Data)                14216 (  13.88kB)
    Total RW  Size (RW Data + ZI Data)             11360 (  11.09kB)
    Total ROM Size (Code + RO Data + RW Data)      14336 (  14.00kB)

==============================================================================

