Component: ARM Compiler 5.06 update 6 (build 750) Tool: armlink [4d35ed]

==============================================================================

Section Cross References

    main.o(i.main) refers to pll.o(i.PLL_Init) for PLL_Init
    main.o(i.main) refers to uart.o(i.UART_init) for UART_init
    main.o(i.main) refers to pwm.o(i.PWM_Init) for PWM_Init
    main.o(i.main) refers to tasks.o(i.xTaskCreate) for xTaskCreate
    main.o(i.main) refers to tasks.o(i.vTaskStartScheduler) for vTaskStartScheduler
    main.o(i.main) refers to main.o(i.vTempTask) for vTempTask
    main.o(i.main) refers to main.o(i.vUARTSendTask) for vUARTSendTask
    main.o(i.main) refers to main.o(i.vUARTReceiveTask) for vUARTReceiveTask
    main.o(i.vTempTask) refers to temp_sensor.o(i.TempSensor_init) for TempSensor_init
    main.o(i.vTempTask) refers to tasks.o(i.xTaskGetTickCount) for xTaskGetTickCount
    main.o(i.vTempTask) refers to temp_sensor.o(i.TempSensor_readTemp) for TempSensor_readTemp
    main.o(i.vTempTask) refers to tasks.o(i.vTaskDelayUntil) for vTaskDelayUntil
    main.o(i.vTempTask) refers to main.o(.data) for TempMailBox
    main.o(i.vUARTReceiveTask) refers to uart.o(i.UART7_Recieve_NonBusy) for UART7_Recieve_NonBusy
    main.o(i.vUARTReceiveTask) refers to main.o(i.map) for map
    main.o(i.vUARTReceiveTask) refers to pwm.o(i.PWM_set_dutyCycle) for PWM_set_dutyCycle
    main.o(i.vUARTSendTask) refers to uart.o(i.UART7_Send_NonBusy) for UART7_Send_NonBusy
    main.o(i.vUARTSendTask) refers to main.o(.data) for TempMailBox
    adc.o(i.ADC0_digital_toVoltage) refers to dflt_clz.o(x$fpl$dfltu) for __aeabi_ui2d
    adc.o(i.ADC0_digital_toVoltage) refers to dmul.o(x$fpl$dmul) for __aeabi_dmul
    adc.o(i.ADC0_digital_toVoltage) refers to ddiv.o(x$fpl$ddiv) for __aeabi_ddiv
    adc.o(i.ADC0_digital_toVoltage) refers to d2f.o(x$fpl$d2f) for __aeabi_d2f
    adc.o(i.ADC0_init) refers to adc.o(i.ADC0_channelConfig) for ADC0_channelConfig
    adc.o(i.ADC0_start_conversion) refers to adc.o(.data) for result
    temp_sensor.o(i.TempSensor_init) refers to adc.o(i.ADC0_init) for ADC0_init
    temp_sensor.o(i.TempSensor_readTemp) refers to adc.o(i.ADC0_start_conversion) for ADC0_start_conversion
    temp_sensor.o(i.TempSensor_readTemp) refers to dflt_clz.o(x$fpl$dflt) for __aeabi_i2d
    temp_sensor.o(i.TempSensor_readTemp) refers to daddsub_clz.o(x$fpl$drsb) for __aeabi_drsub
    temp_sensor.o(i.TempSensor_readTemp) refers to d2f.o(x$fpl$d2f) for __aeabi_d2f
    temp_sensor.o(i.TempSensor_readTemp) refers to adc.o(.data) for result
    uart.o(i.UART_init) refers to dflt_clz.o(x$fpl$dflt) for __aeabi_i2d
    uart.o(i.UART_init) refers to dmul.o(x$fpl$dmul) for __aeabi_dmul
    uart.o(i.UART_init) refers to ddiv.o(x$fpl$ddiv) for __aeabi_ddiv
    uart.o(i.UART_init) refers to d2f.o(x$fpl$d2f) for __aeabi_d2f
    uart.o(i.UART_init) refers to f2d.o(x$fpl$f2d) for __aeabi_f2d
    uart.o(i.UART_init) refers to daddsub_clz.o(x$fpl$dadd) for __aeabi_dadd
    uart.o(i.UART_init) refers to dfix.o(x$fpl$dfix) for __aeabi_d2iz
    pwm.o(i.Enable_PWM_clk) refers to pwm.o(i.delay_milli) for delay_milli
    pwm.o(i.PWM_Init) refers to pwm.o(i.Enable_PWM_clk) for Enable_PWM_clk
    pwm.o(i.PWM_Init) refers to pwm.o(i.PWM_PORT_config) for PWM_PORT_config
    pwm.o(i.PWM_PORT_config) refers to pwm.o(i.delay_milli) for delay_milli
    potentiometer.o(i.Read_Potentiometer) refers to adc.o(i.ADC0_start_conversion) for ADC0_start_conversion
    potentiometer.o(i.Read_Potentiometer) refers to adc.o(.data) for result
    clib_arm.o(i.__user_perthread_libspace) refers to clib_arm.o(i.os_kernel_is_active) for os_kernel_is_active
    clib_arm.o(i.__user_perthread_libspace) refers to cmsis_os2.o(i.osThreadGetId) for osThreadGetId
    clib_arm.o(i.__user_perthread_libspace) refers to clib_arm.o(.bss) for os_libspace
    clib_arm.o(i._mutex_acquire) refers to clib_arm.o(i.os_kernel_is_active) for os_kernel_is_active
    clib_arm.o(i._mutex_acquire) refers to cmsis_os2.o(i.osMutexAcquire) for osMutexAcquire
    clib_arm.o(i._mutex_free) refers to cmsis_os2.o(i.osMutexDelete) for osMutexDelete
    clib_arm.o(i._mutex_initialize) refers to cmsis_os2.o(i.osMutexNew) for osMutexNew
    clib_arm.o(i._mutex_release) refers to clib_arm.o(i.os_kernel_is_active) for os_kernel_is_active
    clib_arm.o(i._mutex_release) refers to cmsis_os2.o(i.osMutexRelease) for osMutexRelease
    clib_arm.o(i._platform_post_stackheap_init) refers to cmsis_os2.o(i.osKernelInitialize) for osKernelInitialize
    clib_arm.o(i.os_kernel_is_active) refers to cmsis_os2.o(i.osKernelGetState) for osKernelGetState
    clib_arm.o(i.os_kernel_is_active) refers to clib_arm.o(.data) for os_kernel_active
    cmsis_os2.o(i.SysTick_Handler) refers to port_1.o(i.xPortSysTickHandler) for xPortSysTickHandler
    cmsis_os2.o(i.TimerCallback) refers to timers.o(i.pvTimerGetTimerID) for pvTimerGetTimerID
[...]
    .ARM.Collect$$libshutdown$$00000002      0x000002ea   Section        0  libshutdown2.o(.ARM.Collect$$libshutdown$$00000002)
    .ARM.Collect$$libshutdown$$00000004      0x000002ea   Section        0  libshutdown2.o(.ARM.Collect$$libshutdown$$00000004)
    .ARM.Collect$$libshutdown$$00000007      0x000002ea   Section        0  libshutdown2.o(.ARM.Collect$$libshutdown$$00000007)
    .ARM.Collect$$libshutdown$$0000000A      0x000002ea   Section        0  libshutdown2.o(.ARM.Collect$$libshutdown$$0000000A)
    .ARM.Collect$$libshutdown$$0000000C      0x000002ea   Section        0  libshutdown2.o(.ARM.Collect$$libshutdown$$0000000C)
    .ARM.Collect$$libshutdown$$0000000F      0x000002ea   Section        0  libshutdown2.o(.ARM.Collect$$libshutdown$$0000000F)
    .ARM.Collect$$libshutdown$$00000010      0x000002ea   Section        2  libshutdown2.o(.ARM.Collect$$libshutdown$$00000010)
    .ARM.Collect$$rtentry$$00000000          0x000002ec   Section        0  __rtentry.o(.ARM.Collect$$rtentry$$00000000)
    .ARM.Collect$$rtentry$$00000002          0x000002ec   Section        0  __rtentry2.o(.ARM.Collect$$rtentry$$00000002)
    .ARM.Collect$$rtentry$$00000004          0x000002ec   Section        6  __rtentry4.o(.ARM.Collect$$rtentry$$00000004)
    .ARM.Collect$$rtentry$$00000008          0x000002f2   Section        8  __rtentry2.o(.ARM.Collect$$rtentry$$00000008)
    .ARM.Collect$$rtentry$$0000000A          0x000002fa   Section        4  __rtentry2.o(.ARM.Collect$$rtentry$$0000000A)
    .ARM.Collect$$rtentry$$0000000C          0x000002fe   Section        0  __rtentry2.o(.ARM.Collect$$rtentry$$0000000C)
    .ARM.Collect$$rtentry$$0000000D          0x000002fe   Section        8  __rtentry2.o(.ARM.Collect$$rtentry$$0000000D)
    .ARM.Collect$$rtexit$$00000000           0x00000306   Section        2  rtexit.o(.ARM.Collect$$rtexit$$00000000)
    .ARM.Collect$$rtexit$$00000002           0x00000308   Section        0  rtexit2.o(.ARM.Collect$$rtexit$$00000002)
    .ARM.Collect$$rtexit$$00000003           0x00000308   Section        4  rtexit2.o(.ARM.Collect$$rtexit$$00000003)
    .ARM.Collect$$rtexit$$00000004           0x0000030c   Section        6  rtexit2.o(.ARM.Collect$$rtexit$$00000004)
    .emb_text                                0x00000314   Section      190  port_1.o(.emb_text)
    $v0                                      0x00000314   Number         0  port_1.o(.emb_text)
    .text                                    0x000003d4   Section      276  startup_tm4c123.o(.text)
    $v0                                      0x000003d4   Number         0  startup_tm4c123.o(.text)
    .text                                    0x000004e8   Section      138  rt_memcpy_v6.o(.text)
    .text                                    0x00000572   Section       16  aeabi_memset.o(.text)
    .text                                    0x00000582   Section        0  heapauxi.o(.text)
    .text                                    0x00000588   Section      100  rt_memcpy_w.o(.text)
    .text                                    0x000005ec   Section       68  rt_memclr.o(.text)
    .text                                    0x00000630   Section       78  rt_memclr_w.o(.text)
    .text                                    0x0000067e   Section       74  sys_stackheap_outer.o(.text)
    .text                                    0x000006c8   Section        0  exit.o(.text)
    .text                                    0x000006dc   Section        8  libspace.o(.text)
    .text                                    0x000006e4   Section        0  sys_exit.o(.text)
    .text                                    0x000006f0   Section        2  use_no_semi.o(.text)
    .text                                    0x000006f2   Section        0  indicate_semi.o(.text)
    i.ADC0_channelConfig                     0x000006f4   Section        0  adc.o(i.ADC0_channelConfig)
    i.ADC0_init                              0x000007f0   Section        0  adc.o(i.ADC0_init)
    i.ADC0_start_conversion                  0x00000890   Section        0  adc.o(i.ADC0_start_conversion)
    i.Enable_PWM_clk                         0x000008cc   Section        0  pwm.o(i.Enable_PWM_clk)
    i.PLL_Init                               0x000008e8   Section        0  pll.o(i.PLL_Init)
    i.PWM_Init                               0x00000964   Section        0  pwm.o(i.PWM_Init)
    i.PWM_PORT_config                        0x00000a04   Section        0  pwm.o(i.PWM_PORT_config)
    i.PWM_set_dutyCycle                      0x00000a20   Section        0  pwm.o(i.PWM_set_dutyCycle)
    i.SysTick_Handler                        0x00000a2c   Section        0  cmsis_os2.o(i.SysTick_Handler)
    i.SystemInit                             0x00000a3c   Section        0  system_tm4c123.o(i.SystemInit)
    i.TempSensor_init                        0x00000ad4   Section        0  temp_sensor.o(i.TempSensor_init)
    i.TempSensor_readTemp                    0x00000af4   Section        0  temp_sensor.o(i.TempSensor_readTemp)
    i.UART7_Recieve_NonBusy                  0x00000b44   Section        0  uart.o(i.UART7_Recieve_NonBusy)
    i.UART7_Send_NonBusy                     0x00000b64   Section        0  uart.o(i.UART7_Send_NonBusy)
    i.UART_init                              0x00000b80   Section        0  uart.o(i.UART_init)
    i.__get_BASEPRI                          0x00000cbc   Section        0  cmsis_os2.o(i.__get_BASEPRI)
    __get_BASEPRI                            0x00000cbd   Thumb Code     6  cmsis_os2.o(i.__get_BASEPRI)
    i.__get_IPSR                             0x00000cc2   Section        0  cmsis_os2.o(i.__get_IPSR)
    __get_IPSR                               0x00000cc3   Thumb Code     6  cmsis_os2.o(i.__get_IPSR)
    i.__get_PRIMASK                          0x00000cc8   Section        0  cmsis_os2.o(i.__get_PRIMASK)
    __get_PRIMASK                            0x00000cc9   Thumb Code     6  cmsis_os2.o(i.__get_PRIMASK)
    i._mutex_acquire                         0x00000cce   Section        0  clib_arm.o(i._mutex_acquire)
    __tagsym$$used                           0x00000ccf   Number         0  clib_arm.o(i._mutex_acquire)
    i._mutex_free                            0x00000ce4   Section        0  clib_arm.o(i._mutex_free)
    __tagsym$$used                           0x00000ce5   Number         0  clib_arm.o(i._mutex_free)
    i._mutex_initialize                      0x00000cf0   Section        0  clib_arm.o(i._mutex_initialize)
    __tagsym$$used                           0x00000cf1   Number         0  clib_arm.o(i._mutex_initialize)
    i._mutex_release                         0x00000d08   Section        0  clib_arm.o(i._mutex_release)
    __tagsym$$used                           0x00000d09   Number         0  clib_arm.o(i._mutex_release)
    i._platform_post_stackheap_init          0x00000d1a   Section        0  clib_arm.o(i._platform_post_stackheap_init)
    i.delay_milli                            0x00000d22   Section        0  pwm.o(i.delay_milli)
    i.main                                   0x00000d3c   Section        0  main.o(i.main)
    i.map                                    0x00000dd0   Section        0  main.o(i.map)
    i.osKernelGetState                       0x00000dec   Section        0  cmsis_os2.o(i.osKernelGetState)
    i.osKernelInitialize                     0x00000e20   Section        0  cmsis_os2.o(i.osKernelInitialize)
    i.osMutexAcquire                         0x00000e60   Section        0  cmsis_os2.o(i.osMutexAcquire)
    i.osMutexDelete                          0x00000edc   Section        0  cmsis_os2.o(i.osMutexDelete)
    i.osMutexNew                             0x00000ee4   Section        0  cmsis_os2.o(i.osMutexNew)
    i.osMutexRelease                         0x00000f9c   Section        0  cmsis_os2.o(i.osMutexRelease)
    i.os_kernel_is_active                    0x00001004   Section        0  clib_arm.o(i.os_kernel_is_active)
    os_kernel_is_active                      0x00001005   Thumb Code    32  clib_arm.o(i.os_kernel_is_active)
    i.prvAddCurrentTaskToDelayedList         0x00001028   Section        0  tasks.o(i.prvAddCurrentTaskToDelayedList)
    prvAddCurrentTaskToDelayedList           0x00001029   Thumb Code   100  tasks.o(i.prvAddCurrentTaskToDelayedList)
    i.prvAddNewTaskToReadyList               0x000010a4   Section        0  tasks.o(i.prvAddNewTaskToReadyList)
    prvAddNewTaskToReadyList                 0x000010a5   Thumb Code   154  tasks.o(i.prvAddNewTaskToReadyList)
    i.prvCheckForValidListAndQueue           0x0000115c   Section        0  timers.o(i.prvCheckForValidListAndQueue)
    prvCheckForValidListAndQueue             0x0000115d   Thumb Code    62  timers.o(i.prvCheckForValidListAndQueue)
    i.prvCheckTasksWaitingTermination        0x000011b8   Section        0  tasks.o(i.prvCheckTasksWaitingTermination)
    prvCheckTasksWaitingTermination          0x000011b9   Thumb Code    60  tasks.o(i.prvCheckTasksWaitingTermination)
    i.prvCopyDataFromQueue                   0x00001200   Section        0  queue.o(i.prvCopyDataFromQueue)
    prvCopyDataFromQueue                     0x00001201   Thumb Code    42  queue.o(i.prvCopyDataFromQueue)
    i.prvCopyDataToQueue                     0x0000122a   Section        0  queue.o(i.prvCopyDataToQueue)
    prvCopyDataToQueue                       0x0000122b   Thumb Code   124  queue.o(i.prvCopyDataToQueue)
    i.prvDeleteTCB                           0x000012a6   Section        0  tasks.o(i.prvDeleteTCB)
    prvDeleteTCB                             0x000012a7   Thumb Code    40  tasks.o(i.prvDeleteTCB)
    i.prvGetDisinheritPriorityAfterTimeout   0x000012ce   Section        0  queue.o(i.prvGetDisinheritPriorityAfterTimeout)
    prvGetDisinheritPriorityAfterTimeout     0x000012cf   Thumb Code    20  queue.o(i.prvGetDisinheritPriorityAfterTimeout)
    i.prvGetNextExpireTime                   0x000012e4   Section        0  timers.o(i.prvGetNextExpireTime)
    prvGetNextExpireTime                     0x000012e5   Thumb Code    36  timers.o(i.prvGetNextExpireTime)
    i.prvIdleTask                            0x0000130c   Section        0  tasks.o(i.prvIdleTask)
    prvIdleTask                              0x0000130d   Thumb Code    32  tasks.o(i.prvIdleTask)
    i.prvInitialiseMutex                     0x00001334   Section        0  queue.o(i.prvInitialiseMutex)
    prvInitialiseMutex                       0x00001335   Thumb Code    28  queue.o(i.prvInitialiseMutex)
    i.prvInitialiseNewQueue                  0x00001350   Section        0  queue.o(i.prvInitialiseNewQueue)
    prvInitialiseNewQueue                    0x00001351   Thumb Code    42  queue.o(i.prvInitialiseNewQueue)
    i.prvInitialiseNewTask                   0x0000137a   Section        0  tasks.o(i.prvInitialiseNewTask)
    prvInitialiseNewTask                     0x0000137b   Thumb Code   144  tasks.o(i.prvInitialiseNewTask)
    i.prvInitialiseTaskLists                 0x0000140c   Section        0  tasks.o(i.prvInitialiseTaskLists)
    prvInitialiseTaskLists                   0x0000140d   Thumb Code    70  tasks.o(i.prvInitialiseTaskLists)
    i.prvInsertTimerInActiveList             0x00001474   Section        0  timers.o(i.prvInsertTimerInActiveList)
    prvInsertTimerInActiveList               0x00001475   Thumb Code    80  timers.o(i.prvInsertTimerInActiveList)
    i.prvIsQueueEmpty                        0x000014cc   Section        0  queue.o(i.prvIsQueueEmpty)
    prvIsQueueEmpty                          0x000014cd   Thumb Code    26  queue.o(i.prvIsQueueEmpty)
    i.prvIsQueueFull                         0x000014e6   Section        0  queue.o(i.prvIsQueueFull)
    prvIsQueueFull                           0x000014e7   Thumb Code    30  queue.o(i.prvIsQueueFull)
    i.prvProcessExpiredTimer                 0x00001504   Section        0  timers.o(i.prvProcessExpiredTimer)
    prvProcessExpiredTimer                   0x00001505   Thumb Code    70  timers.o(i.prvProcessExpiredTimer)
    i.prvProcessReceivedCommands             0x00001550   Section        0  timers.o(i.prvProcessReceivedCommands)
    prvProcessReceivedCommands               0x00001551   Thumb Code   206  timers.o(i.prvProcessReceivedCommands)
    i.prvProcessTimerOrBlockTask             0x00001624   Section        0  timers.o(i.prvProcessTimerOrBlockTask)
    prvProcessTimerOrBlockTask               0x00001625   Thumb Code   102  timers.o(i.prvProcessTimerOrBlockTask)
    i.prvResetNextTaskUnblockTime            0x00001698   Section        0  tasks.o(i.prvResetNextTaskUnblockTime)
    prvResetNextTaskUnblockTime              0x00001699   Thumb Code    42  tasks.o(i.prvResetNextTaskUnblockTime)
    i.prvSampleTimeNow                       0x000016cc   Section        0  timers.o(i.prvSampleTimeNow)
    prvSampleTimeNow                         0x000016cd   Thumb Code    40  timers.o(i.prvSampleTimeNow)
    i.prvSwitchTimerLists                    0x000016f8   Section        0  timers.o(i.prvSwitchTimerLists)
    prvSwitchTimerLists                      0x000016f9   Thumb Code   122  timers.o(i.prvSwitchTimerLists)
    i.prvTaskExitError                       0x0000177c   Section        0  port_1.o(i.prvTaskExitError)
    prvTaskExitError                         0x0000177d   Thumb Code    22  port_1.o(i.prvTaskExitError)
    i.prvTimerTask                           0x00001792   Section        0  timers.o(i.prvTimerTask)
    prvTimerTask                             0x00001793   Thumb Code    26  timers.o(i.prvTimerTask)
    i.prvUnlockQueue                         0x000017ac   Section        0  queue.o(i.prvUnlockQueue)
    prvUnlockQueue                           0x000017ad   Thumb Code   126  queue.o(i.prvUnlockQueue)
    i.pvPortMalloc                           0x0000182c   Section        0  heap_1.o(i.pvPortMalloc)
    i.pvTaskIncrementMutexHeldCount          0x0000189c   Section        0  tasks.o(i.pvTaskIncrementMutexHeldCount)
    i.pxPortInitialiseStack                  0x000018bc   Section        0  port_1.o(i.pxPortInitialiseStack)
    i.uxListRemove                           0x000018e8   Section        0  list.o(i.uxListRemove)
    i.vApplicationGetIdleTaskMemory          0x00001910   Section        0  cmsis_os2.o(i.vApplicationGetIdleTaskMemory)
    i.vApplicationGetTimerTaskMemory         0x00001928   Section        0  cmsis_os2.o(i.vApplicationGetTimerTaskMemory)
    i.vApplicationStackOverflowHook          0x00001940   Section        0  cmsis_os2.o(i.vApplicationStackOverflowHook)
    i.vListInitialise                        0x00001942   Section        0  list.o(i.vListInitialise)
    i.vListInitialiseItem                    0x0000195c   Section        0  list.o(i.vListInitialiseItem)
    i.vListInsert                            0x00001962   Section        0  list.o(i.vListInsert)
    i.vListInsertEnd                         0x00001996   Section        0  list.o(i.vListInsertEnd)
    i.vPortEnterCritical                     0x000019b0   Section        0  port_1.o(i.vPortEnterCritical)
    i.vPortExitCritical                      0x000019d4   Section        0  port_1.o(i.vPortExitCritical)
    i.vPortFree                              0x000019f4   Section        0  heap_1.o(i.vPortFree)
    i.vPortSetupTimerInterrupt               0x000019f8   Section        0  port_1.o(i.vPortSetupTimerInterrupt)
    i.vQueueWaitForMessageRestricted         0x00001a20   Section        0  queue.o(i.vQueueWaitForMessageRestricted)
    i.vTaskDelayUntil                        0x00001a6c   Section        0  tasks.o(i.vTaskDelayUntil)
    i.vTaskInternalSetTimeOutState           0x00001ae0   Section        0  tasks.o(i.vTaskInternalSetTimeOutState)
    i.vTaskMissedYield                       0x00001af8   Section        0  tasks.o(i.vTaskMissedYield)
    i.vTaskPlaceOnEventList                  0x00001b04   Section        0  tasks.o(i.vTaskPlaceOnEventList)
    i.vTaskPlaceOnEventListRestricted        0x00001b24   Section        0  tasks.o(i.vTaskPlaceOnEventListRestricted)
    i.vTaskPriorityDisinheritAfterTimeout    0x00001b4c   Section        0  tasks.o(i.vTaskPriorityDisinheritAfterTimeout)
    i.vTaskStartScheduler                    0x00001bd4   Section        0  tasks.o(i.vTaskStartScheduler)
    i.vTaskSuspendAll                        0x00001c68   Section        0  tasks.o(i.vTaskSuspendAll)
    i.vTaskSwitchContext                     0x00001c78   Section        0  tasks.o(i.vTaskSwitchContext)
    i.vTempTask                              0x00001d28   Section        0  main.o(i.vTempTask)
    i.vUARTReceiveTask                       0x00001d64   Section        0  main.o(i.vUARTReceiveTask)
    i.vUARTSendTask                          0x00001dbc   Section        0  main.o(i.vUARTSendTask)
    i.xPortStartScheduler                    0x00001df4   Section        0  port_1.o(i.xPortStartScheduler)
    i.xPortSysTickHandler                    0x00001e3c   Section        0  port_1.o(i.xPortSysTickHandler)
    i.xQueueCreateMutex                      0x00001e70   Section        0  queue.o(i.xQueueCreateMutex)
    i.xQueueCreateMutexStatic                0x00001e92   Section        0  queue.o(i.xQueueCreateMutexStatic)
    i.xQueueGenericCreate                    0x00001ebc   Section        0  queue.o(i.xQueueGenericCreate)
    i.xQueueGenericCreateStatic              0x00001efa   Section        0  queue.o(i.xQueueGenericCreateStatic)
    i.xQueueGenericReset                     0x00001f28   Section        0  queue.o(i.xQueueGenericReset)
    i.xQueueGenericSend                      0x00001fa8   Section        0  queue.o(i.xQueueGenericSend)
    i.xQueueGenericSendFromISR               0x000020c0   Section        0  queue.o(i.xQueueGenericSendFromISR)
    i.xQueueGiveMutexRecursive               0x00002146   Section        0  queue.o(i.xQueueGiveMutexRecursive)
    i.xQueueReceive                          0x00002178   Section        0  queue.o(i.xQueueReceive)
    i.xQueueSemaphoreTake                    0x0000227c   Section        0  queue.o(i.xQueueSemaphoreTake)
    i.xQueueTakeMutexRecursive               0x000023ac   Section        0  queue.o(i.xQueueTakeMutexRecursive)
    i.xTaskCheckForTimeOut                   0x000023e4   Section        0  tasks.o(i.xTaskCheckForTimeOut)
    i.xTaskCreate                            0x00002440   Section        0  tasks.o(i.xTaskCreate)
    i.xTaskCreateStatic                      0x000024a4   Section        0  tasks.o(i.xTaskCreateStatic)
    i.xTaskGetCurrentTaskHandle              0x000024f4   Section        0  tasks.o(i.xTaskGetCurrentTaskHandle)
    i.xTaskGetSchedulerState                 0x00002500   Section        0  tasks.o(i.xTaskGetSchedulerState)
    i.xTaskGetTickCount                      0x00002520   Section        0  tasks.o(i.xTaskGetTickCount)
    i.xTaskIncrementTick                     0x0000252c   Section        0  tasks.o(i.xTaskIncrementTick)
    i.xTaskPriorityDisinherit                0x00002644   Section        0  tasks.o(i.xTaskPriorityDisinherit)
    i.xTaskPriorityInherit                   0x000026a4   Section        0  tasks.o(i.xTaskPriorityInherit)
    i.xTaskRemoveFromEventList               0x00002748   Section        0  tasks.o(i.xTaskRemoveFromEventList)
    i.xTaskResumeAll                         0x000027c8   Section        0  tasks.o(i.xTaskResumeAll)
    i.xTimerCreateTimerTask                  0x000028b0   Section        0  timers.o(i.xTimerCreateTimerTask)
    i.xTimerGenericCommand                   0x00002910   Section        0  timers.o(i.xTimerGenericCommand)
    x$fpl$d2f                                0x0000297c   Section       98  d2f.o(x$fpl$d2f)
    $v0                                      0x0000297c   Number         0  d2f.o(x$fpl$d2f)
    x$fpl$dadd                               0x000029e0   Section      336  daddsub_clz.o(x$fpl$dadd)
    $v0                                      0x000029e0   Number         0  daddsub_clz.o(x$fpl$dadd)
    _dadd1                                   0x000029f1   Thumb Code     0  daddsub_clz.o(x$fpl$dadd)
    x$fpl$ddiv                               0x00002b30   Section      688  ddiv.o(x$fpl$ddiv)
    $v0                                      0x00002b30   Number         0  ddiv.o(x$fpl$ddiv)
    ddiv_entry                               0x00002b37   Thumb Code     0  ddiv.o(x$fpl$ddiv)
    x$fpl$dfix                               0x00002de0   Section       94  dfix.o(x$fpl$dfix)
    $v0                                      0x00002de0   Number         0  dfix.o(x$fpl$dfix)
    x$fpl$dflt                               0x00002e3e   Section       46  dflt_clz.o(x$fpl$dflt)
    $v0                                      0x00002e3e   Number         0  dflt_clz.o(x$fpl$dflt)
    x$fpl$dmul                               0x00002e6c   Section      340  dmul.o(x$fpl$dmul)
    $v0                                      0x00002e6c   Number         0  dmul.o(x$fpl$dmul)
    x$fpl$dnaninf                            0x00002fc0   Section      156  dnaninf.o(x$fpl$dnaninf)
    $v0                                      0x00002fc0   Number         0  dnaninf.o(x$fpl$dnaninf)
    x$fpl$dretinf                            0x0000305c   Section       12  dretinf.o(x$fpl$dretinf)
    $v0                                      0x0000305c   Number         0  dretinf.o(x$fpl$dretinf)
    x$fpl$drsb                               0x00003068   Section       22  daddsub_clz.o(x$fpl$drsb)
    $v0                                      0x00003068   Number         0  daddsub_clz.o(x$fpl$drsb)
    x$fpl$dsub                               0x00003080   Section      468  daddsub_clz.o(x$fpl$dsub)
    $v0                                      0x00003080   Number         0  daddsub_clz.o(x$fpl$dsub)
    _dsub1                                   0x00003091   Thumb Code     0  daddsub_clz.o(x$fpl$dsub)
    x$fpl$f2d                                0x00003254   Section       86  f2d.o(x$fpl$f2d)
    $v0                                      0x00003254   Number         0  f2d.o(x$fpl$f2d)
    x$fpl$fnaninf                            0x000032aa   Section      140  fnaninf.o(x$fpl$fnaninf)
    $v0                                      0x000032aa   Number         0  fnaninf.o(x$fpl$fnaninf)
    x$fpl$fpinit                             0x00003336   Section       10  fpinit.o(x$fpl$fpinit)
    $v0                                      0x00003336   Number         0  fpinit.o(x$fpl$fpinit)
    x$fpl$fretinf                            0x00003340   Section       10  fretinf.o(x$fpl$fretinf)
    $v0                                      0x00003340   Number         0  fretinf.o(x$fpl$fretinf)
    x$fpl$usenofp                            0x0000334a   Section        0  usenofp.o(x$fpl$usenofp)
    .data                                    0x20000000   Section        6  main.o(.data)
    .data                                    0x20000008   Section        4  adc.o(.data)
    .data                                    0x2000000c   Section        1  clib_arm.o(.data)
    os_kernel_active                         0x2000000c   Data           1  clib_arm.o(.data)
    .data                                    0x20000010   Section        4  cmsis_os2.o(.data)
    KernelState                              0x20000010   Data           4  cmsis_os2.o(.data)
    .data                                    0x20000014   Section        4  system_tm4c123.o(.data)
    .data                                    0x20000018   Section        8  heap_1.o(.data)
    xNextFreeByte                            0x20000018   Data           4  heap_1.o(.data)
    pucAlignedHeap                           0x2000001c   Data           4  heap_1.o(.data)
    .data                                    0x20000020   Section        4  port_1.o(.data)
    uxCriticalNesting                        0x20000020   Data           4  port_1.o(.data)
    .data                                    0x20000024   Section       60  tasks.o(.data)
    pxDelayedTaskList                        0x20000028   Data           4  tasks.o(.data)
    pxOverflowDelayedTaskList                0x2000002c   Data           4  tasks.o(.data)
    uxDeletedTasksWaitingCleanUp             0x20000030   Data           4  tasks.o(.data)
    uxCurrentNumberOfTasks                   0x20000034   Data           4  tasks.o(.data)
    xTickCount                               0x20000038   Data           4  tasks.o(.data)
    uxTopReadyPriority                       0x2000003c   Data           4  tasks.o(.data)
    xSchedulerRunning                        0x20000040   Data           4  tasks.o(.data)
    uxPendedTicks                            0x20000044   Data           4  tasks.o(.data)
    xYieldPending                            0x20000048   Data           4  tasks.o(.data)
    xNumOfOverflows                          0x2000004c   Data           4  tasks.o(.data)
    uxTaskNumber                             0x20000050   Data           4  tasks.o(.data)
    xNextTaskUnblockTime                     0x20000054   Data           4  tasks.o(.data)
    xIdleTaskHandle                          0x20000058   Data           4  tasks.o(.data)
    uxSchedulerSuspended                     0x2000005c   Data           4  tasks.o(.data)
    .data                                    0x20000060   Section       20  timers.o(.data)
    pxCurrentTimerList                       0x20000060   Data           4  timers.o(.data)
    pxOverflowTimerList                      0x20000064   Data           4  timers.o(.data)
    xTimerQueue                              0x20000068   Data           4  timers.o(.data)
    xTimerTaskHandle                         0x2000006c   Data           4  timers.o(.data)
    xLastTime                                0x20000070   Data           4  timers.o(.data)
    .bss                                     0x20000074   Section     1016  cmsis_os2.o(.bss)
    Idle_TCB                                 0x20000074   Data          92  cmsis_os2.o(.bss)
    Idle_Stack                               0x200000d0   Data         512  cmsis_os2.o(.bss)
    Timer_TCB                                0x200002d0   Data          92  cmsis_os2.o(.bss)
    Timer_Stack                              0x2000032c   Data         320  cmsis_os2.o(.bss)
    .bss                                     0x2000046c   Section     8192  heap_1.o(.bss)
    ucHeap                                   0x2000046c   Data        8192  heap_1.o(.bss)
    .bss                                     0x2000246c   Section     1220  tasks.o(.bss)
    pxReadyTasksLists                        0x2000246c   Data        1120  tasks.o(.bss)
    xDelayedTaskList1                        0x200028cc   Data          20  tasks.o(.bss)
    xDelayedTaskList2                        0x200028e0   Data          20  tasks.o(.bss)
    xPendingReadyList                        0x200028f4   Data          20  tasks.o(.bss)
    xTasksWaitingTermination                 0x20002908   Data          20  tasks.o(.bss)
    xSuspendedTaskList                       0x2000291c   Data          20  tasks.o(.bss)
    .bss                                     0x20002930   Section      200  timers.o(.bss)
    xActiveTimerList1                        0x20002930   Data          20  timers.o(.bss)
    xActiveTimerList2                        0x20002944   Data          20  timers.o(.bss)
    xStaticTimerQueue                        0x20002958   Data          80  timers.o(.bss)
    ucStaticTimerQueueStorage                0x200029a8   Data          80  timers.o(.bss)
    .bss                                     0x200029f8   Section       96  libspace.o(.bss)
    HEAP                                     0x20002a58   Section        0  startup_tm4c123.o(HEAP)
    STACK                                    0x20002a58   Section      512  startup_tm4c123.o(STACK)
    Heap_Mem                                 0x20002a58   Data           0  startup_tm4c123.o(HEAP)
    Stack_Mem                                0x20002a58   Data         512  startup_tm4c123.o(STACK)
    __initial_sp                             0x20002c58   Data           0  startup_tm4c123.o(STACK)

    Global Symbols

    Symbol Name                              Value     Ov Type        Size  Object(Section)

    BuildAttributes$$THM_ISAv4$E$P$D$K$B$S$7EM$VFPi3$EXTD16$VFPS$VFMA$PE$A:L22UL41UL21$X:L11$S22US41US21$IEEE1$IW$USESV6$~STKCKD$USESV7$~SHL$OSPACE$ROPI$EBA8$UX$STANDARDLIB$REQ8$PRES8$EABIv2 0x00000000   Number         0  anon$$obj.o ABSOLUTE
    __ARM_use_no_argv                        0x00000000   Number         0  main.o ABSOLUTE
    __Vectors                                0x00000000   Data           4  startup_tm4c123.o(RESET)
    __ARM_exceptions_init                     - Undefined Weak Reference
    __alloca_initialize                       - Undefined Weak Reference
    __arm_preinit_                            - Undefined Weak Reference
    __cpp_initialize__aeabi_                  - Undefined Weak Reference
    __cxa_finalize                            - Undefined Weak Reference
    __rt_locale                               - Undefined Weak Reference
    __sigvec_lookup                           - Undefined Weak Reference
    _atexit_init                              - Undefined Weak Reference
    _call_atexit_fns                          - Undefined Weak Reference
    _clock_init                               - Undefined Weak Reference
    _fp_trap_init                             - Undefined Weak Reference
    _fp_trap_shutdown                         - Undefined Weak Reference
    _get_lc_collate                           - Undefined Weak Reference
    _get_lc_ctype                             - Undefined Weak Reference
    _get_lc_monetary                          - Undefined Weak Reference
    _get_lc_numeric                           - Undefined Weak Reference
    _get_lc_time                              - Undefined Weak Reference
    _getenv_init                              - Undefined Weak Reference
    _handle_redirection                       - Undefined Weak Reference
    _init_alloc                               - Undefined Weak Reference
    _init_user_alloc                          - Undefined Weak Reference
    _initio                                   - Undefined Weak Reference
    _rand_init                                - Undefined Weak Reference
    _signal_finish                            - Undefined Weak Reference
    _signal_init                              - Undefined Weak Reference
    _terminate_alloc                          - Undefined Weak Reference
    _terminate_user_alloc                     - Undefined Weak Reference
    _terminateio                              - Undefined Weak Reference
    __Vectors_End                            0x0000026c   Data           0  startup_tm4c123.o(RESET)
    __Vectors_Size                           0x0000026c   Number         0  startup_tm4c123.o ABSOLUTE
    __main                                   0x0000026d   Thumb Code     8  __main.o(!!!main)
    __scatterload                            0x00000275   Thumb Code     0  __scatter.o(!!!scatter)
    __scatterload_rt2                        0x00000275   Thumb Code    44  __scatter.o(!!!scatter)
    __scatterload_rt2_thumb_only             0x00000275   Thumb Code     0  __scatter.o(!!!scatter)
    __scatterload_null                       0x00000283   Thumb Code     0  __scatter.o(!!!scatter)
    __scatterload_copy                       0x000002a9   Thumb Code    26  __scatter_copy.o(!!handler_copy)
    __scatterload_zeroinit                   0x000002c5   Thumb Code    28  __scatter_zi.o(!!handler_zi)
    __rt_lib_init                            0x000002e1   Thumb Code     0  libinit.o(.ARM.Collect$$libinit$$00000000)
    __rt_lib_init_fp_1                       0x000002e3   Thumb Code     0  libinit2.o(.ARM.Collect$$libinit$$00000001)
    __rt_lib_init_alloca_1                   0x000002e7   Thumb Code     0  libinit2.o(.ARM.Collect$$libinit$$0000002E)
    __rt_lib_init_argv_1                     0x000002e7   Thumb Code     0  libinit2.o(.ARM.Collect$$libinit$$0000002C)
    __rt_lib_init_atexit_1                   0x000002e7   Thumb Code     0  libinit2.o(.ARM.Collect$$libinit$$0000001B)
    __rt_lib_init_clock_1                    0x000002e7   Thumb Code     0  libinit2.o(.ARM.Collect$$libinit$$00000021)
    __rt_lib_init_cpp_1                      0x000002e7   Thumb Code     0  libinit2.o(.ARM.Collect$$libinit$$00000032)
    __rt_lib_init_exceptions_1               0x000002e7   Thumb Code     0  libinit2.o(.ARM.Collect$$libinit$$00000030)
    __rt_lib_init_fp_trap_1                  0x000002e7   Thumb Code     0  libinit2.o(.ARM.Collect$$libinit$$0000001F)
    __rt_lib_init_getenv_1                   0x000002e7   Thumb Code     0  libinit2.o(.ARM.Collect$$libinit$$00000023)
    __rt_lib_init_heap_1                     0x000002e7   Thumb Code     0  libinit2.o(.ARM.Collect$$libinit$$0000000A)
    __rt_lib_init_lc_collate_1               0x000002e7   Thumb Code     0  libinit2.o(.ARM.Collect$$libinit$$00000011)
    __rt_lib_init_lc_ctype_1                 0x000002e7   Thumb Code     0  libinit2.o(.ARM.Collect$$libinit$$00000013)
    __rt_lib_init_lc_monetary_1              0x000002e7   Thumb Code     0  libinit2.o(.ARM.Collect$$libinit$$00000015)
    __rt_lib_init_lc_numeric_1               0x000002e7   Thumb Code     0  libinit2.o(.ARM.Collect$$libinit$$00000017)
    __rt_lib_init_lc_time_1                  0x000002e7   Thumb Code     0  libinit2.o(.ARM.Collect$$libinit$$00000019)
    __rt_lib_init_preinit_1                  0x000002e7   Thumb Code     0  libinit2.o(.ARM.Collect$$libinit$$00000004)
    __rt_lib_init_rand_1                     0x000002e7   Thumb Code     0  libinit2.o(.ARM.Collect$$libinit$$0000000E)
    __rt_lib_init_return                     0x000002e7   Thumb Code     0  libinit2.o(.ARM.Collect$$libinit$$00000033)
    __rt_lib_init_signal_1                   0x000002e7   Thumb Code     0  libinit2.o(.ARM.Collect$$libinit$$0000001D)
    __rt_lib_init_stdio_1                    0x000002e7   Thumb Code     0  libinit2.o(.ARM.Collect$$libinit$$00000025)
    __rt_lib_init_user_alloc_1               0x000002e7   Thumb Code     0  libinit2.o(.ARM.Collect$$libinit$$0000000C)
    __rt_lib_shutdown                        0x000002e9   Thumb Code     0  libshutdown.o(.ARM.Collect$$libshutdown$$00000000)
    __rt_lib_shutdown_cpp_1                  0x000002eb   Thumb Code     0  libshutdown2.o(.ARM.Collect$$libshutdown$$00000002)
    __rt_lib_shutdown_fp_trap_1              0x000002eb   Thumb Code     0  libshutdown2.o(.ARM.Collect$$libshutdown$$00000007)
    __rt_lib_shutdown_heap_1                 0x000002eb   Thumb Code     0  libshutdown2.o(.ARM.Collect$$libshutdown$$0000000F)
    __rt_lib_shutdown_return                 0x000002eb   Thumb Code     0  libshutdown2.o(.ARM.Collect$$libshutdown$$00000010)
    __rt_lib_shutdown_signal_1               0x000002eb   Thumb Code     0  libshutdown2.o(.ARM.Collect$$libshutdown$$0000000A)
    __rt_lib_shutdown_stdio_1                0x000002eb   Thumb Code     0  libshutdown2.o(.ARM.Collect$$libshutdown$$00000004)
    __rt_lib_shutdown_user_alloc_1           0x000002eb   Thumb Code     0  libshutdown2.o(.ARM.Collect$$libshutdown$$0000000C)
    __rt_entry                               0x000002ed   Thumb Code     0  __rtentry.o(.ARM.Collect$$rtentry$$00000000)
    __rt_entry_presh_1                       0x000002ed   Thumb Code     0  __rtentry2.o(.ARM.Collect$$rtentry$$00000002)
    __rt_entry_sh                            0x000002ed   Thumb Code     0  __rtentry4.o(.ARM.Collect$$rtentry$$00000004)
    __rt_entry_postsh_1                      0x000002f3   Thumb Code     0  __rtentry2.o(.ARM.Collect$$rtentry$$00000008)
    __rt_entry_li                            0x000002fb   Thumb Code     0  __rtentry2.o(.ARM.Collect$$rtentry$$0000000A)
    __rt_entry_main                          0x000002ff   Thumb Code     0  __rtentry2.o(.ARM.Collect$$rtentry$$0000000D)
    __rt_entry_postli_1                      0x000002ff   Thumb Code     0  __rtentry2.o(.ARM.Collect$$rtentry$$0000000C)
    __rt_exit                                0x00000307   Thumb Code     0  rtexit.o(.ARM.Collect$$rtexit$$00000000)
    __rt_exit_ls                             0x00000309   Thumb Code     0  rtexit2.o(.ARM.Collect$$rtexit$$00000003)
    __rt_exit_prels_1                        0x00000309   Thumb Code     0  rtexit2.o(.ARM.Collect$$rtexit$$00000002)
    __rt_exit_exit                           0x0000030d   Thumb Code     0  rtexit2.o(.ARM.Collect$$rtexit$$00000004)
    SVC_Handler                              0x00000315   Thumb Code    28  port_1.o(.emb_text)
    __asm___6_port_c_39a90d8d__prvStartFirstTask 0x00000335   Thumb Code    36  port_1.o(.emb_text)
    __asm___6_port_c_39a90d8d__prvEnableVFP  0x0000035d   Thumb Code    16  port_1.o(.emb_text)
    PendSV_Handler                           0x00000371   Thumb Code    88  port_1.o(.emb_text)
    vPortGetIPSR                             0x000003cd   Thumb Code     6  port_1.o(.emb_text)
    Reset_Handler                            0x000003d5   Thumb Code     8  startup_tm4c123.o(.text)
    NMI_Handler                              0x000003dd   Thumb Code     2  startup_tm4c123.o(.text)
    HardFault_Handler                        0x000003df   Thumb Code     2  startup_tm4c123.o(.text)
    MemManage_Handler                        0x000003e1   Thumb Code     2  startup_tm4c123.o(.text)
    BusFault_Handler                         0x000003e3   Thumb Code     2  startup_tm4c123.o(.text)
    UsageFault_Handler                       0x000003e5   Thumb Code     2  startup_tm4c123.o(.text)
    DebugMon_Handler                         0x000003e9   Thumb Code     2  startup_tm4c123.o(.text)
    GPIOA_Handler                            0x000003ef   Thumb Code     2  startup_tm4c123.o(.text)
    GPIOB_Handler                            0x000003f1   Thumb Code     2  startup_tm4c123.o(.text)
    GPIOC_Handler                            0x000003f3   Thumb Code     2  startup_tm4c123.o(.text)
    GPIOD_Handler                            0x000003f5   Thumb Code     2  startup_tm4c123.o(.text)
    GPIOE_Handler                            0x000003f7   Thumb Code     2  startup_tm4c123.o(.text)
    UART0_Handler                            0x000003f9   Thumb Code     2  startup_tm4c123.o(.text)
    UART1_Handler                            0x000003fb   Thumb Code     2  startup_tm4c123.o(.text)
    SSI0_Handler                             0x000003fd   Thumb Code     2  startup_tm4c123.o(.text)
    I2C0_Handler                             0x000003ff   Thumb Code     2  startup_tm4c123.o(.text)
    PMW0_FAULT_Handler                       0x00000401   Thumb Code     2  startup_tm4c123.o(.text)
    PWM0_0_Handler                           0x00000403   Thumb Code     2  startup_tm4c123.o(.text)
    PWM0_1_Handler                           0x00000405   Thumb Code     2  startup_tm4c123.o(.text)
    PWM0_2_Handler                           0x00000407   Thumb Code     2  startup_tm4c123.o(.text)
    QEI0_Handler                             0x00000409   Thumb Code     2  startup_tm4c123.o(.text)
    ADC0SS0_Handler                          0x0000040b   Thumb Code     2  startup_tm4c123.o(.text)
    ADC0SS1_Handler                          0x0000040d   Thumb Code     2  startup_tm4c123.o(.text)
    ADC0SS2_Handler                          0x0000040f   Thumb Code     2  startup_tm4c123.o(.text)
    ADC0SS3_Handler                          0x00000411   Thumb Code     2  startup_tm4c123.o(.text)
    WDT0_Handler                             0x00000413   Thumb Code     2  startup_tm4c123.o(.text)
    TIMER0A_Handler                          0x00000415   Thumb Code     2  startup_tm4c123.o(.text)
    TIMER0B_Handler                          0x00000417   Thumb Code     2  startup_tm4c123.o(.text)
    TIMER1A_Handler                          0x00000419   Thumb Code     2  startup_tm4c123.o(.text)
    TIMER1B_Handler                          0x0000041b   Thumb Code     2  startup_tm4c123.o(.text)
    TIMER2A_Handler                          0x0000041d   Thumb Code     2  startup_tm4c123.o(.text)
    TIMER2B_Handler                          0x0000041f   Thumb Code     2  startup_tm4c123.o(.text)
    COMP0_Handler                            0x00000421   Thumb Code     2  startup_tm4c123.o(.text)
    COMP1_Handler                            0x00000423   Thumb Code     2  startup_tm4c123.o(.text)
    COMP2_Handler                            0x00000425   Thumb Code     2  startup_tm4c123.o(.text)
    SYSCTL_Handler                           0x00000427   Thumb Code     2  startup_tm4c123.o(.text)
    FLASH_Handler                            0x00000429   Thumb Code     2  startup_tm4c123.o(.text)
    GPIOF_Handler                            0x0000042b   Thumb Code     2  startup_tm4c123.o(.text)
    GPIOG_Handler                            0x0000042d   Thumb Code     2  startup_tm4c123.o(.text)
    GPIOH_Handler                            0x0000042f   Thumb Code     2  startup_tm4c123.o(.text)
    UART2_Handler                            0x00000431   Thumb Code     2  startup_tm4c123.o(.text)
    SSI1_Handler                             0x00000433   Thumb Code     2  startup_tm4c123.o(.text)
    TIMER3A_Handler                          0x00000435   Thumb Code     2  startup_tm4c123.o(.text)
    TIMER3B_Handler                          0x00000437   Thumb Code     2  startup_tm4c123.o(.text)
    I2C1_Handler                             0x00000439   Thumb Code     2  startup_tm4c123.o(.text)
    QEI1_Handler                             0x0000043b   Thumb Code     2  startup_tm4c123.o(.text)
    CAN0_Handler                             0x0000043d   Thumb Code     2  startup_tm4c123.o(.text)
    CAN1_Handler                             0x0000043f   Thumb Code     2  startup_tm4c123.o(.text)
    CAN2_Handler                             0x00000441   Thumb Code     2  startup_tm4c123.o(.text)
    HIB_Handler                              0x00000443   Thumb Code     2  startup_tm4c123.o(.text)
    USB0_Handler                             0x00000445   Thumb Code     2  startup_tm4c123.o(.text)
    PWM0_3_Handler                           0x00000447   Thumb Code     2  startup_tm4c123.o(.text)
    UDMA_Handler                             0x00000449   Thumb Code     2  startup_tm4c123.o(.text)
    UDMAERR_Handler                          0x0000044b   Thumb Code     2  startup_tm4c123.o(.text)
    ADC1SS0_Handler                          0x0000044d   Thumb Code     2  startup_tm4c123.o(.text)
    ADC1SS1_Handler                          0x0000044f   Thumb Code     2  startup_tm4c123.o(.text)
    ADC1SS2_Handler                          0x00000451   Thumb Code     2  startup_tm4c123.o(.text)
    ADC1SS3_Handler                          0x00000453   Thumb Code     2  startup_tm4c123.o(.text)
    GPIOJ_Handler                            0x00000455   Thumb Code     2  startup_tm4c123.o(.text)
    GPIOK_Handler                            0x00000457   Thumb Code     2  startup_tm4c123.o(.text)
    GPIOL_Handler                            0x00000459   Thumb Code     2  startup_tm4c123.o(.text)
    SSI2_Handler                             0x0000045b   Thumb Code     2  startup_tm4c123.o(.text)
    SSI3_Handler                             0x0000045d   Thumb Code     2  startup_tm4c123.o(.text)
    UART3_Handler                            0x0000045f   Thumb Code     2  startup_tm4c123.o(.text)
    UART4_Handler                            0x00000461   Thumb Code     2  startup_tm4c123.o(.text)
    UART5_Handler                            0x00000463   Thumb Code     2  startup_tm4c123.o(.text)
    UART6_Handler                            0x00000465   Thumb Code     2  startup_tm4c123.o(.text)
    UART7_Handler                            0x00000467   Thumb Code     2  startup_tm4c123.o(.text)
    I2C2_Handler                             0x00000469   Thumb Code     2  startup_tm4c123.o(.text)
    I2C3_Handler                             0x0000046b   Thumb Code     2  startup_tm4c123.o(.text)
    TIMER4A_Handler                          0x0000046d   Thumb Code     2  startup_tm4c123.o(.text)
    TIMER4B_Handler                          0x0000046f   Thumb Code     2  startup_tm4c123.o(.text)
    TIMER5A_Handler                          0x00000471   Thumb Code     2  startup_tm4c123.o(.text)
    TIMER5B_Handler                          0x00000473   Thumb Code     2  startup_tm4c123.o(.text)
    WTIMER0A_Handler                         0x00000475   Thumb Code     2  startup_tm4c123.o(.text)
    WTIMER0B_Handler                         0x00000477   Thumb Code     2  startup_tm4c123.o(.text)
    WTIMER1A_Handler                         0x00000479   Thumb Code     2  startup_tm4c123.o(.text)
    WTIMER1B_Handler                         0x0000047b   Thumb Code     2  startup_tm4c123.o(.text)
    WTIMER2A_Handler                         0x0000047d   Thumb Code     2  startup_tm4c123.o(.text)
    WTIMER2B_Handler                         0x0000047f   Thumb Code     2  startup_tm4c123.o(.text)
    WTIMER3A_Handler                         0x00000481   Thumb Code     2  startup_tm4c123.o(.text)
    WTIMER3B_Handler                         0x00000483   Thumb Code     2  startup_tm4c123.o(.text)
    WTIMER4A_Handler                         0x00000485   Thumb Code     2  startup_tm4c123.o(.text)
    WTIMER4B_Handler                         0x00000487   Thumb Code     2  startup_tm4c123.o(.text)
    WTIMER5A_Handler                         0x00000489   Thumb Code     2  startup_tm4c123.o(.text)
    WTIMER5B_Handler                         0x0000048b   Thumb Code     2  startup_tm4c123.o(.text)
    FPU_Handler                              0x0000048d   Thumb Code     2  startup_tm4c123.o(.text)
    I2C4_Handler                             0x0000048f   Thumb Code     2  startup_tm4c123.o(.text)
    I2C5_Handler                             0x00000491   Thumb Code     2  startup_tm4c123.o(.text)
    GPIOM_Handler                            0x00000493   Thumb Code     2  startup_tm4c123.o(.text)
    GPION_Handler                            0x00000495   Thumb Code     2  startup_tm4c123.o(.text)
    QEI2_Handler                             0x00000497   Thumb Code     2  startup_tm4c123.o(.text)
    GPIOP0_Handler                           0x00000499   Thumb Code     2  startup_tm4c123.o(.text)
    GPIOP1_Handler                           0x0000049b   Thumb Code     2  startup_tm4c123.o(.text)
    GPIOP2_Handler                           0x0000049d   Thumb Code     2  startup_tm4c123.o(.text)
    GPIOP3_Handler                           0x0000049f   Thumb Code     2  startup_tm4c123.o(.text)
    GPIOP4_Handler                           0x000004a1   Thumb Code     2  startup_tm4c123.o(.text)
    GPIOP5_Handler                           0x000004a3   Thumb Code     2  startup_tm4c123.o(.text)
    GPIOP6_Handler                           0x000004a5   Thumb Code     2  startup_tm4c123.o(.text)
    GPIOP7_Handler                           0x000004a7   Thumb Code     2  startup_tm4c123.o(.text)
    GPIOQ0_Handler                           0x000004a9   Thumb Code     2  startup_tm4c123.o(.text)
    GPIOQ1_Handler                           0x000004ab   Thumb Code     2  startup_tm4c123.o(.text)
    GPIOQ2_Handler                           0x000004ad   Thumb Code     2  startup_tm4c123.o(.text)
    GPIOQ3_Handler                           0x000004af   Thumb Code     2  startup_tm4c123.o(.text)
    GPIOQ4_Handler                           0x000004b1   Thumb Code     2  startup_tm4c123.o(.text)
    GPIOQ5_Handler                           0x000004b3   Thumb Code     2  startup_tm4c123.o(.text)
    GPIOQ6_Handler                           0x000004b5   Thumb Code     2  startup_tm4c123.o(.text)
    GPIOQ7_Handler                           0x000004b7   Thumb Code     2  startup_tm4c123.o(.text)
    GPIOR_Handler                            0x000004b9   Thumb Code     2  startup_tm4c123.o(.text)
    GPIOS_Handler                            0x000004bb   Thumb Code     2  startup_tm4c123.o(.text)
    PMW1_0_Handler                           0x000004bd   Thumb Code     2  startup_tm4c123.o(.text)
    PWM1_1_Handler                           0x000004bf   Thumb Code     2  startup_tm4c123.o(.text)
    PWM1_2_Handler                           0x000004c1   Thumb Code     2  startup_tm4c123.o(.text)
    PWM1_3_Handler                           0x000004c3   Thumb Code     2  startup_tm4c123.o(.text)
    PWM1_FAULT_Handler                       0x000004c5   Thumb Code     2  startup_tm4c123.o(.text)
    __user_initial_stackheap                 0x000004c9   Thumb Code     0  startup_tm4c123.o(.text)
    __aeabi_memcpy                           0x000004e9   Thumb Code     0  rt_memcpy_v6.o(.text)
    __rt_memcpy                              0x000004e9   Thumb Code   138  rt_memcpy_v6.o(.text)
    _memcpy_lastbytes                        0x0000054f   Thumb Code     0  rt_memcpy_v6.o(.text)
    __aeabi_memset                           0x00000573   Thumb Code    16  aeabi_memset.o(.text)
    __use_two_region_memory                  0x00000583   Thumb Code     2  heapauxi.o(.text)
    __rt_heap_escrow$2region                 0x00000585   Thumb Code     2  heapauxi.o(.text)
    __rt_heap_expand$2region                 0x00000587   Thumb Code     2  heapauxi.o(.text)
    __aeabi_memcpy4                          0x00000589   Thumb Code     0  rt_memcpy_w.o(.text)
    __aeabi_memcpy8                          0x00000589   Thumb Code     0  rt_memcpy_w.o(.text)
    __rt_memcpy_w                            0x00000589   Thumb Code   100  rt_memcpy_w.o(.text)
    _memcpy_lastbytes_aligned                0x000005d1   Thumb Code     0  rt_memcpy_w.o(.text)
    __aeabi_memclr                           0x000005ed   Thumb Code     0  rt_memclr.o(.text)
    __rt_memclr                              0x000005ed   Thumb Code    68  rt_memclr.o(.text)
    _memset                                  0x000005f1   Thumb Code     0  rt_memclr.o(.text)
    __aeabi_memclr4                          0x00000631   Thumb Code     0  rt_memclr_w.o(.text)
    __aeabi_memclr8                          0x00000631   Thumb Code     0  rt_memclr_w.o(.text)
    __rt_memclr_w                            0x00000631   Thumb Code    78  rt_memclr_w.o(.text)
    _memset_w                                0x00000635   Thumb Code     0  rt_memclr_w.o(.text)
    __user_setup_stackheap                   0x0000067f   Thumb Code    74  sys_stackheap_outer.o(.text)
    exit                                     0x000006c9   Thumb Code    18  exit.o(.text)
    __user_libspace                          0x000006dd   Thumb Code     8  libspace.o(.text)
    __user_perproc_libspace                  0x000006dd   Thumb Code     0  libspace.o(.text)
    _sys_exit                                0x000006e5   Thumb Code     8  sys_exit.o(.text)
    __I$use$semihosting                      0x000006f1   Thumb Code     0  use_no_semi.o(.text)
    __use_no_semihosting_swi                 0x000006f1   Thumb Code     2  use_no_semi.o(.text)
    __semihosting_library_function           0x000006f3   Thumb Code     0  indicate_semi.o(.text)
    ADC0_channelConfig                       0x000006f5   Thumb Code   238  adc.o(i.ADC0_channelConfig)
    ADC0_init                                0x000007f1   Thumb Code   142  adc.o(i.ADC0_init)
    ADC0_start_conversion                    0x00000891   Thumb Code    52  adc.o(i.ADC0_start_conversion)
    Enable_PWM_clk                           0x000008cd   Thumb Code    22  pwm.o(i.Enable_PWM_clk)
    PLL_Init                                 0x000008e9   Thumb Code   120  pll.o(i.PLL_Init)
    PWM_Init                                 0x00000965   Thumb Code   140  pwm.o(i.PWM_Init)
    PWM_PORT_config                          0x00000a05   Thumb Code    22  pwm.o(i.PWM_PORT_config)
    PWM_set_dutyCycle                        0x00000a21   Thumb Code     6  pwm.o(i.PWM_set_dutyCycle)
    SysTick_Handler                          0x00000a2d   Thumb Code    14  cmsis_os2.o(i.SysTick_Handler)
    SystemInit                               0x00000a3d   Thumb Code   112  system_tm4c123.o(i.SystemInit)
    TempSensor_init                          0x00000ad5   Thumb Code    28  temp_sensor.o(i.TempSensor_init)
    TempSensor_readTemp                      0x00000af5   Thumb Code    66  temp_sensor.o(i.TempSensor_readTemp)
    UART7_Recieve_NonBusy                    0x00000b45   Thumb Code    26  uart.o(i.UART7_Recieve_NonBusy)
    UART7_Send_NonBusy                       0x00000b65   Thumb Code    24  uart.o(i.UART7_Send_NonBusy)
    UART_init                                0x00000b81   Thumb Code   258  uart.o(i.UART_init)
    _mutex_acquire                           0x00000ccf   Thumb Code    22  clib_arm.o(i._mutex_acquire)
    _mutex_free                              0x00000ce5   Thumb Code    12  clib_arm.o(i._mutex_free)
    _mutex_initialize                        0x00000cf1   Thumb Code    24  clib_arm.o(i._mutex_initialize)
    _mutex_release                           0x00000d09   Thumb Code    18  clib_arm.o(i._mutex_release)
    _platform_post_stackheap_init            0x00000d1b   Thumb Code     8  clib_arm.o(i._platform_post_stackheap_init)
    delay_milli                              0x00000d23   Thumb Code    26  pwm.o(i.delay_milli)
    main                                     0x00000d3d   Thumb Code    86  main.o(i.main)
    map                                      0x00000dd1   Thumb Code    26  main.o(i.map)
    osKernelGetState                         0x00000ded   Thumb Code    48  cmsis_os2.o(i.osKernelGetState)
    osKernelInitialize                       0x00000e21   Thumb Code    58  cmsis_os2.o(i.osKernelInitialize)
    osMutexAcquire                           0x00000e61   Thumb Code   120  cmsis_os2.o(i.osMutexAcquire)
    osMutexDelete                            0x00000edd   Thumb Code     8  cmsis_os2.o(i.osMutexDelete)
    osMutexNew                               0x00000ee5   Thumb Code   180  cmsis_os2.o(i.osMutexNew)
    osMutexRelease                           0x00000f9d   Thumb Code   100  cmsis_os2.o(i.osMutexRelease)
    pvPortMalloc                             0x0000182d   Thumb Code    98  heap_1.o(i.pvPortMalloc)
    pvTaskIncrementMutexHeldCount            0x0000189d   Thumb Code    26  tasks.o(i.pvTaskIncrementMutexHeldCount)
    pxPortInitialiseStack                    0x000018bd   Thumb Code    38  port_1.o(i.pxPortInitialiseStack)
    uxListRemove                             0x000018e9   Thumb Code    40  list.o(i.uxListRemove)
    vApplicationGetIdleTaskMemory            0x00001911   Thumb Code    14  cmsis_os2.o(i.vApplicationGetIdleTaskMemory)
    vApplicationGetTimerTaskMemory           0x00001929   Thumb Code    14  cmsis_os2.o(i.vApplicationGetTimerTaskMemory)
    vApplicationStackOverflowHook            0x00001941   Thumb Code     2  cmsis_os2.o(i.vApplicationStackOverflowHook)
    vListInitialise                          0x00001943   Thumb Code    26  list.o(i.vListInitialise)
    vListInitialiseItem                      0x0000195d   Thumb Code     6  list.o(i.vListInitialiseItem)
    vListInsert                              0x00001963   Thumb Code    52  list.o(i.vListInsert)
    vListInsertEnd                           0x00001997   Thumb Code    24  list.o(i.vListInsertEnd)
    vPortEnterCritical                       0x000019b1   Thumb Code    30  port_1.o(i.vPortEnterCritical)
    vPortExitCritical                        0x000019d5   Thumb Code    28  port_1.o(i.vPortExitCritical)
    vPortFree                                0x000019f5   Thumb Code     2  heap_1.o(i.vPortFree)
    vPortSetupTimerInterrupt                 0x000019f9   Thumb Code    36  port_1.o(i.vPortSetupTimerInterrupt)
    vQueueWaitForMessageRestricted           0x00001a21   Thumb Code    74  queue.o(i.vQueueWaitForMessageRestricted)
    vTaskDelayUntil                          0x00001a6d   Thumb Code   106  tasks.o(i.vTaskDelayUntil)
    vTaskInternalSetTimeOutState             0x00001ae1   Thumb Code    14  tasks.o(i.vTaskInternalSetTimeOutState)
    vTaskMissedYield                         0x00001af9   Thumb Code     8  tasks.o(i.vTaskMissedYield)
    vTaskPlaceOnEventList                    0x00001b05   Thumb Code    28  tasks.o(i.vTaskPlaceOnEventList)
    vTaskPlaceOnEventListRestricted          0x00001b25   Thumb Code    36  tasks.o(i.vTaskPlaceOnEventListRestricted)
    vTaskPriorityDisinheritAfterTimeout      0x00001b4d   Thumb Code   128  tasks.o(i.vTaskPriorityDisinheritAfterTimeout)
    vTaskStartScheduler                      0x00001bd5   Thumb Code   120  tasks.o(i.vTaskStartScheduler)
    vTaskSuspendAll                          0x00001c69   Thumb Code    12  tasks.o(i.vTaskSuspendAll)
    vTaskSwitchContext                       0x00001c79   Thumb Code   154  tasks.o(i.vTaskSwitchContext)
    vTempTask                                0x00001d29   Thumb Code    54  main.o(i.vTempTask)
    vUARTReceiveTask                         0x00001d65   Thumb Code    82  main.o(i.vUARTReceiveTask)
    vUARTSendTask                            0x00001dbd   Thumb Code    48  main.o(i.vUARTSendTask)
    xPortStartScheduler                      0x00001df5   Thumb Code    58  port_1.o(i.xPortStartScheduler)
    xPortSysTickHandler                      0x00001e3d   Thumb Code    46  port_1.o(i.xPortSysTickHandler)
    xQueueCreateMutex                        0x00001e71   Thumb Code    34  queue.o(i.xQueueCreateMutex)
    xQueueCreateMutexStatic                  0x00001e93   Thumb Code    42  queue.o(i.xQueueCreateMutexStatic)
    xQueueGenericCreate                      0x00001ebd   Thumb Code    62  queue.o(i.xQueueGenericCreate)
    xQueueGenericCreateStatic                0x00001efb   Thumb Code    46  queue.o(i.xQueueGenericCreateStatic)
    xQueueGenericReset                       0x00001f29   Thumb Code   122  queue.o(i.xQueueGenericReset)
    xQueueGenericSend                        0x00001fa9   Thumb Code   276  queue.o(i.xQueueGenericSend)
    xQueueGenericSendFromISR                 0x000020c1   Thumb Code   134  queue.o(i.xQueueGenericSendFromISR)
    xQueueGiveMutexRecursive                 0x00002147   Thumb Code    48  queue.o(i.xQueueGiveMutexRecursive)
    xQueueReceive                            0x00002179   Thumb Code   256  queue.o(i.xQueueReceive)
    xQueueSemaphoreTake                      0x0000227d   Thumb Code   300  queue.o(i.xQueueSemaphoreTake)
    xQueueTakeMutexRecursive                 0x000023ad   Thumb Code    54  queue.o(i.xQueueTakeMutexRecursive)
    xTaskCheckForTimeOut                     0x000023e5   Thumb Code    84  tasks.o(i.xTaskCheckForTimeOut)
    xTaskCreate                              0x00002441   Thumb Code   100  tasks.o(i.xTaskCreate)
    xTaskCreateStatic                        0x000024a5   Thumb Code    78  tasks.o(i.xTaskCreateStatic)
    xTaskGetCurrentTaskHandle                0x000024f5   Thumb Code     6  tasks.o(i.xTaskGetCurrentTaskHandle)
    xTaskGetSchedulerState                   0x00002501   Thumb Code    24  tasks.o(i.xTaskGetSchedulerState)
    xTaskGetTickCount                        0x00002521   Thumb Code     6  tasks.o(i.xTaskGetTickCount)
    xTaskIncrementTick                       0x0000252d   Thumb Code   236  tasks.o(i.xTaskIncrementTick)
    xTaskPriorityDisinherit                  0x00002645   Thumb Code    86  tasks.o(i.xTaskPriorityDisinherit)
    xTaskPriorityInherit                     0x000026a5   Thumb Code   150  tasks.o(i.xTaskPriorityInherit)
    xTaskRemoveFromEventList                 0x00002749   Thumb Code   102  tasks.o(i.xTaskRemoveFromEventList)
    xTaskResumeAll                           0x000027c9   Thumb Code   194  tasks.o(i.xTaskResumeAll)
    xTimerCreateTimerTask                    0x000028b1   Thumb Code    76  timers.o(i.xTimerCreateTimerTask)
    xTimerGenericCommand                     0x00002911   Thumb Code   104  timers.o(i.xTimerGenericCommand)
    __aeabi_d2f                              0x0000297d   Thumb Code     0  d2f.o(x$fpl$d2f)
    _d2f                                     0x0000297d   Thumb Code    98  d2f.o(x$fpl$d2f)
    __aeabi_dadd                             0x000029e1   Thumb Code     0  daddsub_clz.o(x$fpl$dadd)
    _dadd                                    0x000029e1   Thumb Code   332  daddsub_clz.o(x$fpl$dadd)
    __aeabi_ddiv                             0x00002b31   Thumb Code     0  ddiv.o(x$fpl$ddiv)
    _ddiv                                    0x00002b31   Thumb Code   552  ddiv.o(x$fpl$ddiv)
    __aeabi_d2iz                             0x00002de1   Thumb Code     0  dfix.o(x$fpl$dfix)
    _dfix                                    0x00002de1   Thumb Code    94  dfix.o(x$fpl$dfix)
    __aeabi_i2d                              0x00002e3f   Thumb Code     0  dflt_clz.o(x$fpl$dflt)
    _dflt                                    0x00002e3f   Thumb Code    46  dflt_clz.o(x$fpl$dflt)
    __aeabi_dmul                             0x00002e6d   Thumb Code     0  dmul.o(x$fpl$dmul)
    _dmul                                    0x00002e6d   Thumb Code   332  dmul.o(x$fpl$dmul)
    __fpl_dnaninf                            0x00002fc1   Thumb Code   156  dnaninf.o(x$fpl$dnaninf)
    __fpl_dretinf                            0x0000305d   Thumb Code    12  dretinf.o(x$fpl$dretinf)
    __aeabi_drsub                            0x00003069   Thumb Code     0  daddsub_clz.o(x$fpl$drsb)
    _drsb                                    0x00003069   Thumb Code    22  daddsub_clz.o(x$fpl$drsb)
    __aeabi_dsub                             0x00003081   Thumb Code     0  daddsub_clz.o(x$fpl$dsub)
    _dsub                                    0x00003081   Thumb Code   464  daddsub_clz.o(x$fpl$dsub)
    __aeabi_f2d                              0x00003255   Thumb Code     0  f2d.o(x$fpl$f2d)
    _f2d                                     0x00003255   Thumb Code    86  f2d.o(x$fpl$f2d)
    __fpl_fnaninf                            0x000032ab   Thumb Code   140  fnaninf.o(x$fpl$fnaninf)
    _fp_init                                 0x00003337   Thumb Code    10  fpinit.o(x$fpl$fpinit)
    __fplib_config_fpu_vfp                   0x0000333f   Thumb Code     0  fpinit.o(x$fpl$fpinit)
    __fplib_config_pureend_doubles           0x0000333f   Thumb Code     0  fpinit.o(x$fpl$fpinit)
    __fpl_fretinf                            0x00003341   Thumb Code    10  fretinf.o(x$fpl$fretinf)
    __I$use$fp                               0x0000334a   Number         0  usenofp.o(x$fpl$usenofp)
    Region$$Table$$Base                      0x0000334c   Number         0  anon$$obj.o(Region$$Table)
    Region$$Table$$Limit                     0x0000336c   Number         0  anon$$obj.o(Region$$Table)
    LEDMailBox                               0x20000000   Data           2  main.o(.data)
    TempMailBox                              0x20000002   Data           2  main.o(.data)
    MotorMailBox                             0x20000004   Data           2  main.o(.data)
    result                                   0x20000008   Data           4  adc.o(.data)
    SystemCoreClock                          0x20000014   Data           4  system_tm4c123.o(.data)
    pxCurrentTCB                             0x20000024   Data           4  tasks.o(.data)
    __libspace_start                         0x200029f8   Data          96  libspace.o(.bss)
    __temporary_stack_top$libspace           0x20002a58   Data           0  libspace.o(.bss)



==============================================================================

Memory Map of the image

  Image Entry point : 0x000003d5

  Load Region LR_1 (Base: 0x00000000, Size: 0x000033e0, Max: 0xffffffff, ABSOLUTE)

    Execution Region ER_RO (Exec base: 0x00000000, Load base: 0x00000000, Size: 0x0000336c, Max: 0xffffffff, ABSOLUTE)

    Exec Addr    Load Addr    Size         Type   Attr      Idx    E Section Name        Object

    0x00000000   0x00000000   0x0000026c   Data   RO          985    RESET               startup_tm4c123.o
    0x0000026c   0x0000026c   0x00000008   Code   RO         2152  * !!!main             c_w.l(__main.o)
    0x00000274   0x00000274   0x00000034   Code   RO         2348    !!!scatter          c_w.l(__scatter.o)
    0x000002a8   0x000002a8   0x0000001a   Code   RO         2350    !!handler_copy      c_w.l(__scatter_copy.o)
    0x000002c2   0x000002c2   0x00000002   PAD
    0x000002c4   0x000002c4   0x0000001c   Code   RO         2352    !!handler_zi        c_w.l(__scatter_zi.o)
    0x000002e0   0x000002e0   0x00000002   Code   RO         2218    .ARM.Collect$$libinit$$00000000  c_w.l(libinit.o)
    0x000002e2   0x000002e2   0x00000004   Code   RO         2224    .ARM.Collect$$libinit$$00000001  c_w.l(libinit2.o)
    0x000002e6   0x000002e6   0x00000000   Code   RO         2227    .ARM.Collect$$libinit$$00000004  c_w.l(libinit2.o)
    0x000002e6   0x000002e6   0x00000000   Code   RO         2230    .ARM.Collect$$libinit$$0000000A  c_w.l(libinit2.o)
    0x000002e6   0x000002e6   0x00000000   Code   RO         2232    .ARM.Collect$$libinit$$0000000C  c_w.l(libinit2.o)
    0x000002e6   0x000002e6   0x00000000   Code   RO         2234    .ARM.Collect$$libinit$$0000000E  c_w.l(libinit2.o)
    0x000002e6   0x000002e6   0x00000000   Code   RO         2237    .ARM.Collect$$libinit$$00000011  c_w.l(libinit2.o)
    0x000002e6   0x000002e6   0x00000000   Code   RO         2239    .ARM.Collect$$libinit$$00000013  c_w.l(libinit2.o)
    0x000002e6   0x000002e6   0x00000000   Code   RO         2241    .ARM.Collect$$libinit$$00000015  c_w.l(libinit2.o)
    0x000002e6   0x000002e6   0x00000000   Code   RO         2243    .ARM.Collect$$libinit$$00000017  c_w.l(libinit2.o)
    0x000002e6   0x000002e6   0x00000000   Code   RO         2245    .ARM.Collect$$libinit$$00000019  c_w.l(libinit2.o)
    0x000002e6   0x000002e6   0x00000000   Code   RO         2247    .ARM.Collect$$libinit$$0000001B  c_w.l(libinit2.o)
    0x000002e6   0x000002e6   0x00000000   Code   RO         2249    .ARM.Collect$$libinit$$0000001D  c_w.l(libinit2.o)
    0x000002e6   0x000002e6   0x00000000   Code   RO         2251    .ARM.Collect$$libinit$$0000001F  c_w.l(libinit2.o)
    0x000002e6   0x000002e6   0x00000000   Code   RO         2253    .ARM.Collect$$libinit$$00000021  c_w.l(libinit2.o)
    0x000002e6   0x000002e6   0x00000000   Code   RO         2255    .ARM.Collect$$libinit$$00000023  c_w.l(libinit2.o)
    0x000002e6   0x000002e6   0x00000000   Code   RO         2257    .ARM.Collect$$libinit$$00000025  c_w.l(libinit2.o)
    0x000002e6   0x000002e6   0x00000000   Code   RO         2261    .ARM.Collect$$libinit$$0000002C  c_w.l(libinit2.o)
    0x000002e6   0x000002e6   0x00000000   Code   RO         2263    .ARM.Collect$$libinit$$0000002E  c_w.l(libinit2.o)
    0x000002e6   0x000002e6   0x00000000   Code   RO         2265    .ARM.Collect$$libinit$$00000030  c_w.l(libinit2.o)
    0x000002e6   0x000002e6   0x00000000   Code   RO         2267    .ARM.Collect$$libinit$$00000032  c_w.l(libinit2.o)
    0x000002e6   0x000002e6   0x00000002   Code   RO         2268    .ARM.Collect$$libinit$$00000033  c_w.l(libinit2.o)
    0x000002e8   0x000002e8   0x00000002   Code   RO         2288    .ARM.Collect$$libshutdown$$00000000  c_w.l(libshutdown.o)
    0x000002ea   0x000002ea   0x00000000   Code   RO         2301    .ARM.Collect$$libshutdown$$00000002  c_w.l(libshutdown2.o)
    0x000002ea   0x000002ea   0x00000000   Code   RO         2303    .ARM.Collect$$libshutdown$$00000004  c_w.l(libshutdown2.o)
    0x000002ea   0x000002ea   0x00000000   Code   RO         2306    .ARM.Collect$$libshutdown$$00000007  c_w.l(libshutdown2.o)
    0x000002ea   0x000002ea   0x00000000   Code   RO         2309    .ARM.Collect$$libshutdown$$0000000A  c_w.l(libshutdown2.o)
    0x000002ea   0x000002ea   0x00000000   Code   RO         2311    .ARM.Collect$$libshutdown$$0000000C  c_w.l(libshutdown2.o)
    0x000002ea   0x000002ea   0x00000000   Code   RO         2314    .ARM.Collect$$libshutdown$$0000000F  c_w.l(libshutdown2.o)
    0x000002ea   0x000002ea   0x00000002   Code   RO         2315    .ARM.Collect$$libshutdown$$00000010  c_w.l(libshutdown2.o)
    0x000002ec   0x000002ec   0x00000000   Code   RO         2180    .ARM.Collect$$rtentry$$00000000  c_w.l(__rtentry.o)
    0x000002ec   0x000002ec   0x00000000   Code   RO         2195    .ARM.Collect$$rtentry$$00000002  c_w.l(__rtentry2.o)
    0x000002ec   0x000002ec   0x00000006   Code   RO         2207    .ARM.Collect$$rtentry$$00000004  c_w.l(__rtentry4.o)
    0x000002f2   0x000002f2   0x00000008   Code   RO         2196    .ARM.Collect$$rtentry$$00000008  c_w.l(__rtentry2.o)
    0x000002fa   0x000002fa   0x00000004   Code   RO         2198    .ARM.Collect$$rtentry$$0000000A  c_w.l(__rtentry2.o)
    0x000002fe   0x000002fe   0x00000000   Code   RO         2200    .ARM.Collect$$rtentry$$0000000C  c_w.l(__rtentry2.o)
    0x000002fe   0x000002fe   0x00000008   Code   RO         2201    .ARM.Collect$$rtentry$$0000000D  c_w.l(__rtentry2.o)
    0x00000306   0x00000306   0x00000002   Code   RO         2222    .ARM.Collect$$rtexit$$00000000  c_w.l(rtexit.o)
    0x00000308   0x00000308   0x00000000   Code   RO         2270    .ARM.Collect$$rtexit$$00000002  c_w.l(rtexit2.o)
    0x00000308   0x00000308   0x00000004   Code   RO         2271    .ARM.Collect$$rtexit$$00000003  c_w.l(rtexit2.o)
    0x0000030c   0x0000030c   0x00000006   Code   RO         2272    .ARM.Collect$$rtexit$$00000004  c_w.l(rtexit2.o)
    0x00000312   0x00000312   0x00000002   PAD
    0x00000314   0x00000314   0x000000be   Code   RO         1294    .emb_text           port_1.o
    0x000003d2   0x000003d2   0x00000002   PAD
    0x000003d4   0x000003d4   0x00000114   Code   RO          986  * .text               startup_tm4c123.o
    0x000004e8   0x000004e8   0x0000008a   Code   RO         2146    .text               c_w.l(rt_memcpy_v6.o)
    0x00000572   0x00000572   0x00000010   Code   RO         2148    .text               c_w.l(aeabi_memset.o)
    0x00000582   0x00000582   0x00000006   Code   RO         2150    .text               c_w.l(heapauxi.o)
    0x00000588   0x00000588   0x00000064   Code   RO         2181    .text               c_w.l(rt_memcpy_w.o)
    0x000005ec   0x000005ec   0x00000044   Code   RO         2183    .text               c_w.l(rt_memclr.o)
    0x00000630   0x00000630   0x0000004e   Code   RO         2209    .text               c_w.l(rt_memclr_w.o)
    0x0000067e   0x0000067e   0x0000004a   Code   RO         2211    .text               c_w.l(sys_stackheap_outer.o)
    0x000006c8   0x000006c8   0x00000012   Code   RO         2213    .text               c_w.l(exit.o)
    0x000006da   0x000006da   0x00000002   PAD
    0x000006dc   0x000006dc   0x00000008   Code   RO         2219    .text               c_w.l(libspace.o)
    0x000006e4   0x000006e4   0x0000000c   Code   RO         2280    .text               c_w.l(sys_exit.o)
    0x000006f0   0x000006f0   0x00000002   Code   RO         2291    .text               c_w.l(use_no_semi.o)
    0x000006f2   0x000006f2   0x00000000   Code   RO         2293    .text               c_w.l(indicate_semi.o)
    0x000006f2   0x000006f2   0x00000002   PAD
    0x000006f4   0x000006f4   0x000000fc   Code   RO          157    i.ADC0_channelConfig  adc.o
    0x000007f0   0x000007f0   0x000000a0   Code   RO          159    i.ADC0_init         adc.o
    0x00000890   0x00000890   0x0000003c   Code   RO          160    i.ADC0_start_conversion  adc.o
    0x000008cc   0x000008cc   0x0000001c   Code   RO          313    i.Enable_PWM_clk    pwm.o
    0x000008e8   0x000008e8   0x0000007c   Code   RO          301    i.PLL_Init          pll.o
    0x00000964   0x00000964   0x000000a0   Code   RO          314    i.PWM_Init          pwm.o
    0x00000a04   0x00000a04   0x0000001c   Code   RO          315    i.PWM_PORT_config   pwm.o
    0x00000a20   0x00000a20   0x0000000c   Code   RO          316    i.PWM_set_dutyCycle  pwm.o
    0x00000a2c   0x00000a2c   0x0000000e   Code   RO          435    i.SysTick_Handler   cmsis_os2.o
    0x00000a3a   0x00000a3a   0x00000002   PAD
    0x00000a3c   0x00000a3c   0x00000098   Code   RO          994    i.SystemInit        system_tm4c123.o
    0x00000ad4   0x00000ad4   0x00000020   Code   RO          247    i.TempSensor_init   temp_sensor.o
    0x00000af4   0x00000af4   0x00000050   Code   RO          248    i.TempSensor_readTemp  temp_sensor.o
    0x00000b44   0x00000b44   0x00000020   Code   RO          277    i.UART7_Recieve_NonBusy  uart.o
    0x00000b64   0x00000b64   0x0000001c   Code   RO          278    i.UART7_Send_NonBusy  uart.o
    0x00000b80   0x00000b80   0x0000013c   Code   RO          279    i.UART_init         uart.o
    0x00000cbc   0x00000cbc   0x00000006   Code   RO          437    i.__get_BASEPRI     cmsis_os2.o
    0x00000cc2   0x00000cc2   0x00000006   Code   RO          438    i.__get_IPSR        cmsis_os2.o
    0x00000cc8   0x00000cc8   0x00000006   Code   RO          439    i.__get_PRIMASK     cmsis_os2.o
    0x00000cce   0x00000cce   0x00000016   Code   RO          368    i._mutex_acquire    clib_arm.o
    0x00000ce4   0x00000ce4   0x0000000c   Code   RO          369    i._mutex_free       clib_arm.o
    0x00000cf0   0x00000cf0   0x00000018   Code   RO          370    i._mutex_initialize  clib_arm.o
    0x00000d08   0x00000d08   0x00000012   Code   RO          371    i._mutex_release    clib_arm.o
    0x00000d1a   0x00000d1a   0x00000008   Code   RO          372    i._platform_post_stackheap_init  clib_arm.o
    0x00000d22   0x00000d22   0x0000001a   Code   RO          317    i.delay_milli       pwm.o
    0x00000d3c   0x00000d3c   0x00000094   Code   RO            4    i.main              main.o
    0x00000dd0   0x00000dd0   0x0000001a   Code   RO            5    i.map               main.o
    0x00000dea   0x00000dea   0x00000002   PAD
    0x00000dec   0x00000dec   0x00000034   Code   RO          449    i.osKernelGetState  cmsis_os2.o
    0x00000e20   0x00000e20   0x00000040   Code   RO          454    i.osKernelInitialize  cmsis_os2.o
    0x00000e60   0x00000e60   0x0000007c   Code   RO          468    i.osMutexAcquire    cmsis_os2.o
    0x00000edc   0x00000edc   0x00000008   Code   RO          469    i.osMutexDelete     cmsis_os2.o
    0x00000ee4   0x00000ee4   0x000000b8   Code   RO          471    i.osMutexNew        cmsis_os2.o
    0x00000f9c   0x00000f9c   0x00000068   Code   RO          472    i.osMutexRelease    cmsis_os2.o
    0x00001004   0x00001004   0x00000024   Code   RO          373    i.os_kernel_is_active  clib_arm.o
    0x00001028   0x00001028   0x0000007c   Code   RO         1611    i.prvAddCurrentTaskToDelayedList  tasks.o
    0x000010a4   0x000010a4   0x000000b8   Code   RO         1612    i.prvAddNewTaskToReadyList  tasks.o
    0x0000115c   0x0000115c   0x0000005c   Code   RO         1987    i.prvCheckForValidListAndQueue  timers.o
    0x000011b8   0x000011b8   0x00000048   Code   RO         1613    i.prvCheckTasksWaitingTermination  tasks.o
    0x00001200   0x00001200   0x0000002a   Code   RO         1377    i.prvCopyDataFromQueue  queue.o
    0x0000122a   0x0000122a   0x0000007c   Code   RO         1378    i.prvCopyDataToQueue  queue.o
    0x000012a6   0x000012a6   0x00000028   Code   RO         1614    i.prvDeleteTCB      tasks.o
    0x000012ce   0x000012ce   0x00000014   Code   RO         1379    i.prvGetDisinheritPriorityAfterTimeout  queue.o
    0x000012e2   0x000012e2   0x00000002   PAD
    0x000012e4   0x000012e4   0x00000028   Code   RO         1988    i.prvGetNextExpireTime  timers.o
    0x0000130c   0x0000130c   0x00000028   Code   RO         1615    i.prvIdleTask       tasks.o
    0x00001334   0x00001334   0x0000001c   Code   RO         1380    i.prvInitialiseMutex  queue.o
    0x00001350   0x00001350   0x0000002a   Code   RO         1381    i.prvInitialiseNewQueue  queue.o
    0x0000137a   0x0000137a   0x00000090   Code   RO         1616    i.prvInitialiseNewTask  tasks.o
    0x0000140a   0x0000140a   0x00000002   PAD
    0x0000140c   0x0000140c   0x00000068   Code   RO         1617    i.prvInitialiseTaskLists  tasks.o
    0x00001474   0x00001474   0x00000058   Code   RO         1990    i.prvInsertTimerInActiveList  timers.o
    0x000014cc   0x000014cc   0x0000001a   Code   RO         1382    i.prvIsQueueEmpty   queue.o
    0x000014e6   0x000014e6   0x0000001e   Code   RO         1383    i.prvIsQueueFull    queue.o
    0x00001504   0x00001504   0x0000004c   Code   RO         1991    i.prvProcessExpiredTimer  timers.o
    0x00001550   0x00001550   0x000000d4   Code   RO         1992    i.prvProcessReceivedCommands  timers.o
    0x00001624   0x00001624   0x00000074   Code   RO         1993    i.prvProcessTimerOrBlockTask  timers.o
    0x00001698   0x00001698   0x00000034   Code   RO         1619    i.prvResetNextTaskUnblockTime  tasks.o
    0x000016cc   0x000016cc   0x0000002c   Code   RO         1994    i.prvSampleTimeNow  timers.o
    0x000016f8   0x000016f8   0x00000084   Code   RO         1995    i.prvSwitchTimerLists  timers.o
    0x0000177c   0x0000177c   0x00000016   Code   RO         1295    i.prvTaskExitError  port_1.o
    0x00001792   0x00001792   0x0000001a   Code   RO         1996    i.prvTimerTask      timers.o
    0x000017ac   0x000017ac   0x0000007e   Code   RO         1384    i.prvUnlockQueue    queue.o
    0x0000182a   0x0000182a   0x00000002   PAD
    0x0000182c   0x0000182c   0x00000070   Code   RO         1249    i.pvPortMalloc      heap_1.o
    0x0000189c   0x0000189c   0x00000020   Code   RO         1622    i.pvTaskIncrementMutexHeldCount  tasks.o
    0x000018bc   0x000018bc   0x0000002c   Code   RO         1296    i.pxPortInitialiseStack  port_1.o
    0x000018e8   0x000018e8   0x00000028   Code   RO         1198    i.uxListRemove      list.o
    0x00001910   0x00001910   0x00000018   Code   RO          502    i.vApplicationGetIdleTaskMemory  cmsis_os2.o
    0x00001928   0x00001928   0x00000018   Code   RO          503    i.vApplicationGetTimerTaskMemory  cmsis_os2.o
    0x00001940   0x00001940   0x00000002   Code   RO          504    i.vApplicationStackOverflowHook  cmsis_os2.o
    0x00001942   0x00001942   0x0000001a   Code   RO         1199    i.vListInitialise   list.o
    0x0000195c   0x0000195c   0x00000006   Code   RO         1200    i.vListInitialiseItem  list.o
    0x00001962   0x00001962   0x00000034   Code   RO         1201    i.vListInsert       list.o
    0x00001996   0x00001996   0x00000018   Code   RO         1202    i.vListInsertEnd    list.o
    0x000019ae   0x000019ae   0x00000002   PAD
    0x000019b0   0x000019b0   0x00000024   Code   RO         1298    i.vPortEnterCritical  port_1.o
    0x000019d4   0x000019d4   0x00000020   Code   RO         1299    i.vPortExitCritical  port_1.o
    0x000019f4   0x000019f4   0x00000002   Code   RO         1250    i.vPortFree         heap_1.o
    0x000019f6   0x000019f6   0x00000002   PAD
    0x000019f8   0x000019f8   0x00000028   Code   RO         1300    i.vPortSetupTimerInterrupt  port_1.o
    0x00001a20   0x00001a20   0x0000004a   Code   RO         1392    i.vQueueWaitForMessageRestricted  queue.o
    0x00001a6a   0x00001a6a   0x00000002   PAD
    0x00001a6c   0x00001a6c   0x00000074   Code   RO         1632    i.vTaskDelayUntil   tasks.o
    0x00001ae0   0x00001ae0   0x00000018   Code   RO         1636    i.vTaskInternalSetTimeOutState  tasks.o
    0x00001af8   0x00001af8   0x0000000c   Code   RO         1637    i.vTaskMissedYield  tasks.o
    0x00001b04   0x00001b04   0x00000020   Code   RO         1639    i.vTaskPlaceOnEventList  tasks.o
    0x00001b24   0x00001b24   0x00000028   Code   RO         1640    i.vTaskPlaceOnEventListRestricted  tasks.o
    0x00001b4c   0x00001b4c   0x00000088   Code   RO         1642    i.vTaskPriorityDisinheritAfterTimeout  tasks.o
    0x00001bd4   0x00001bd4   0x00000094   Code   RO         1648    i.vTaskStartScheduler  tasks.o
    0x00001c68   0x00001c68   0x00000010   Code   RO         1650    i.vTaskSuspendAll   tasks.o
    0x00001c78   0x00001c78   0x000000b0   Code   RO         1651    i.vTaskSwitchContext  tasks.o
    0x00001d28   0x00001d28   0x0000003c   Code   RO            6    i.vTempTask         main.o
    0x00001d64   0x00001d64   0x00000058   Code   RO            7    i.vUARTReceiveTask  main.o
    0x00001dbc   0x00001dbc   0x00000038   Code   RO            8    i.vUARTSendTask     main.o
    0x00001df4   0x00001df4   0x00000048   Code   RO         1301    i.xPortStartScheduler  port_1.o
    0x00001e3c   0x00001e3c   0x00000034   Code   RO         1302    i.xPortSysTickHandler  port_1.o
    0x00001e70   0x00001e70   0x00000022   Code   RO         1395    i.xQueueCreateMutex  queue.o
    0x00001e92   0x00001e92   0x0000002a   Code   RO         1396    i.xQueueCreateMutexStatic  queue.o
    0x00001ebc   0x00001ebc   0x0000003e   Code   RO         1397    i.xQueueGenericCreate  queue.o
    0x00001efa   0x00001efa   0x0000002e   Code   RO         1398    i.xQueueGenericCreateStatic  queue.o
    0x00001f28   0x00001f28   0x00000080   Code   RO         1399    i.xQueueGenericReset  queue.o
    0x00001fa8   0x00001fa8   0x00000118   Code   RO         1400    i.xQueueGenericSend  queue.o
    0x000020c0   0x000020c0   0x00000086   Code   RO         1401    i.xQueueGenericSendFromISR  queue.o
    0x00002146   0x00002146   0x00000030   Code   RO         1405    i.xQueueGiveMutexRecursive  queue.o
    0x00002176   0x00002176   0x00000002   PAD
    0x00002178   0x00002178   0x00000104   Code   RO         1410    i.xQueueReceive     queue.o
    0x0000227c   0x0000227c   0x00000130   Code   RO         1412    i.xQueueSemaphoreTake  queue.o
    0x000023ac   0x000023ac   0x00000036   Code   RO         1413    i.xQueueTakeMutexRecursive  queue.o
    0x000023e2   0x000023e2   0x00000002   PAD
    0x000023e4   0x000023e4   0x0000005c   Code   RO         1652    i.xTaskCheckForTimeOut  tasks.o
    0x00002440   0x00002440   0x00000064   Code   RO         1653    i.xTaskCreate       tasks.o
    0x000024a4   0x000024a4   0x0000004e   Code   RO         1654    i.xTaskCreateStatic  tasks.o
    0x000024f2   0x000024f2   0x00000002   PAD
    0x000024f4   0x000024f4   0x0000000c   Code   RO         1657    i.xTaskGetCurrentTaskHandle  tasks.o
    0x00002500   0x00002500   0x00000020   Code   RO         1658    i.xTaskGetSchedulerState  tasks.o
    0x00002520   0x00002520   0x0000000c   Code   RO         1659    i.xTaskGetTickCount  tasks.o
    0x0000252c   0x0000252c   0x00000118   Code   RO         1661    i.xTaskIncrementTick  tasks.o
    0x00002644   0x00002644   0x00000060   Code   RO         1664    i.xTaskPriorityDisinherit  tasks.o
    0x000026a4   0x000026a4   0x000000a4   Code   RO         1665    i.xTaskPriorityInherit  tasks.o
    0x00002748   0x00002748   0x00000080   Code   RO         1666    i.xTaskRemoveFromEventList  tasks.o
    0x000027c8   0x000027c8   0x000000e8   Code   RO         1667    i.xTaskResumeAll    tasks.o
    0x000028b0   0x000028b0   0x00000060   Code   RO         2003    i.xTimerCreateTimerTask  timers.o
    0x00002910   0x00002910   0x0000006c   Code   RO         2004    i.xTimerGenericCommand  timers.o
    0x0000297c   0x0000297c   0x00000062   Code   RO         2154    x$fpl$d2f           fz_wm.l(d2f.o)
    0x000029de   0x000029de   0x00000002   PAD
    0x000029e0   0x000029e0   0x00000150   Code   RO         2156    x$fpl$dadd          fz_wm.l(daddsub_clz.o)
    0x00002b30   0x00002b30   0x000002b0   Code   RO         2163    x$fpl$ddiv          fz_wm.l(ddiv.o)
    0x00002de0   0x00002de0   0x0000005e   Code   RO         2166    x$fpl$dfix          fz_wm.l(dfix.o)
    0x00002e3e   0x00002e3e   0x0000002e   Code   RO         2171    x$fpl$dflt          fz_wm.l(dflt_clz.o)
    0x00002e6c   0x00002e6c   0x00000154   Code   RO         2176    x$fpl$dmul          fz_wm.l(dmul.o)
    0x00002fc0   0x00002fc0   0x0000009c   Code   RO         2185    x$fpl$dnaninf       fz_wm.l(dnaninf.o)
    0x0000305c   0x0000305c   0x0000000c   Code   RO         2187    x$fpl$dretinf       fz_wm.l(dretinf.o)
    0x00003068   0x00003068   0x00000016   Code   RO         2157    x$fpl$drsb          fz_wm.l(daddsub_clz.o)
    0x0000307e   0x0000307e   0x00000002   PAD
    0x00003080   0x00003080   0x000001d4   Code   RO         2158    x$fpl$dsub          fz_wm.l(daddsub_clz.o)
    0x00003254   0x00003254   0x00000056   Code   RO         2178    x$fpl$f2d           fz_wm.l(f2d.o)
    0x000032aa   0x000032aa   0x0000008c   Code   RO         2189    x$fpl$fnaninf       fz_wm.l(fnaninf.o)
    0x00003336   0x00003336   0x0000000a   Code   RO         2278    x$fpl$fpinit        fz_wm.l(fpinit.o)
    0x00003340   0x00003340   0x0000000a   Code   RO         2191    x$fpl$fretinf       fz_wm.l(fretinf.o)
    0x0000334a   0x0000334a   0x00000000   Code   RO         2193    x$fpl$usenofp       fz_wm.l(usenofp.o)
    0x0000334a   0x0000334a   0x00000002   PAD
    0x0000334c   0x0000334c   0x00000020   Data   RO         2346    Region$$Table       anon$$obj.o


    Execution Region ER_RW (Exec base: 0x20000000, Load base: 0x0000336c, Size: 0x00000074, Max: 0xffffffff, ABSOLUTE)

    Exec Addr    Load Addr    Size         Type   Attr      Idx    E Section Name        Object

    0x20000000   0x0000336c   0x00000006   Data   RW            9    .data               main.o
    0x20000006   0x00003372   0x00000002   PAD
    0x20000008   0x00003374   0x00000004   Data   RW          161    .data               adc.o
    0x2000000c   0x00003378   0x00000001   Data   RW          375    .data               clib_arm.o
    0x2000000d   0x00003379   0x00000003   PAD
    0x20000010   0x0000337c   0x00000004   Data   RW          506    .data               cmsis_os2.o
    0x20000014   0x00003380   0x00000004   Data   RW          996    .data               system_tm4c123.o
    0x20000018   0x00003384   0x00000008   Data   RW         1254    .data               heap_1.o
    0x20000020   0x0000338c   0x00000004   Data   RW         1303    .data               port_1.o
    0x20000024   0x00003390   0x0000003c   Data   RW         1670    .data               tasks.o
    0x20000060   0x000033cc   0x00000014   Data   RW         2012    .data               timers.o


    Execution Region ER_ZI (Exec base: 0x20000074, Load base: 0x000033e0, Size: 0x00002be4, Max: 0xffffffff, ABSOLUTE)

    Exec Addr    Load Addr    Size         Type   Attr      Idx    E Section Name        Object

    0x20000074        -       0x000003f8   Zero   RW          505    .bss                cmsis_os2.o
    0x2000046c        -       0x00002000   Zero   RW         1253    .bss                heap_1.o
    0x2000246c        -       0x000004c4   Zero   RW         1669    .bss                tasks.o
    0x20002930        -       0x000000c8   Zero   RW         2011    .bss                timers.o
    0x200029f8        -       0x00000060   Zero   RW         2220    .bss                c_w.l(libspace.o)
    0x20002a58        -       0x00000000   Zero   RW          984    HEAP                startup_tm4c123.o
    0x20002a58        -       0x00000200   Zero   RW          983    STACK               startup_tm4c123.o


==============================================================================

Image component sizes


      Code (inc. data)   RO Data    RW Data    ZI Data      Debug   Object Name

       472         40          0          4          0       2218   adc.o
       120          4          0          1          0       8216   clib_arm.o
       618         42          0          4       1016      39670   cmsis_os2.o
         0          0          0          0          0      17364   event_groups.o
       114         14          0          8       8192       2239   heap_1.o
       148          0          0          0          0      11954   list.o
       378         82          0          6          0      17858   main.o
       124          4          0          0          0        463   pll.o
       488         56          0          4          0       9724   port_1.o
       254         38          0          0          0       2400   pwm.o
      1904         18          0          0          0      17945   queue.o
       276         24        620          0        512       5432   startup_tm4c123.o
       152         40          0          4          0        799   system_tm4c123.o
      2718        378          0         60       1220      33252   tasks.o
       112         18          0          0          0       1080   temp_sensor.o
      1030        116          0         20        200       9599   timers.o
       376         68          0          0          0       2197   uart.o

    ----------------------------------------------------------------------
      9308        942        652        116      11140     182410   Object Totals
         0          0         32          0          0          0   (incl. Generated)
        24          0          0          5          0          0   (incl. Padding)

    ----------------------------------------------------------------------

      Code (inc. data)   RO Data    RW Data    ZI Data      Debug   Library Member Name

         8          0          0          0          0         68   __main.o
         0          0          0          0          0          0   __rtentry.o
        20          0          0          0          0          0   __rtentry2.o
         6          0          0          0          0          0   __rtentry4.o
        52          8          0          0          0          0   __scatter.o
        26          0          0          0          0          0   __scatter_copy.o
        28          0          0          0          0          0   __scatter_zi.o
        16          0          0          0          0         68   aeabi_memset.o
        18          0          0          0          0         80   exit.o
         6          0          0          0          0        152   heapauxi.o
         0          0          0          0          0          0   indicate_semi.o
         2          0          0          0          0          0   libinit.o
         6          0          0          0          0          0   libinit2.o
         2          0          0          0          0          0   libshutdown.o
         2          0          0          0          0          0   libshutdown2.o
         8          4          0          0         96         68   libspace.o
        68          0          0          0          0         68   rt_memclr.o
        78          0          0          0          0         80   rt_memclr_w.o
       138          0          0          0          0         68   rt_memcpy_v6.o
       100          0          0          0          0         80   rt_memcpy_w.o
         2          0          0          0          0          0   rtexit.o
        10          0          0          0          0          0   rtexit2.o
        12          4          0          0          0         68   sys_exit.o
        74          0          0          0          0         80   sys_stackheap_outer.o
         2          0          0          0          0         68   use_no_semi.o
        98          4          0          0          0        140   d2f.o
       826         16          0          0          0        492   daddsub_clz.o
       688        140          0          0          0        256   ddiv.o
        94          4          0          0          0        140   dfix.o
        46          0          0          0          0        116   dflt_clz.o
       340         12          0          0          0        152   dmul.o
       156          4          0          0          0        140   dnaninf.o
        12          0          0          0          0        116   dretinf.o
        86          4          0          0          0        132   f2d.o
       140          4          0          0          0        132   fnaninf.o
        10          0          0          0          0        116   fpinit.o
        10          0          0          0          0        116   fretinf.o
         0          0          0          0          0          0   usenofp.o

    ----------------------------------------------------------------------
      3204        204          0          0         96       2996   Library Totals
        14          0          0          0          0          0   (incl. Padding)

    ----------------------------------------------------------------------

      Code (inc. data)   RO Data    RW Data    ZI Data      Debug   Library Name

       684         16          0          0         96        948   c_w.l
      2506        188          0          0          0       2048   fz_wm.l

    ----------------------------------------------------------------------
      3204        204          0          0         96       2996   Library Totals

    ----------------------------------------------------------------------

==============================================================================


      Code (inc. data)   RO Data    RW Data    ZI Data      Debug   

     12512       1146        652        116      11236     172790   Grand Totals
     12512       1146        652        116      11236     172790   ELF Image Totals
     12512       1146        652        116          0          0   ROM Totals

==============================================================================

    Total RO  Size (Code + RO Data)                13164 (  12.86kB)
    Total RW  Size (RW Data + ZI Data)             11352 (  11.09kB)
    Total ROM Size (Code + RO Data + RW Data)      13280 (  12.97kB)

==============================================================================

