<html>
<body>
<pre>
<h1>µVision Build Log</h1>
<h2>Tool Versions:</h2>
IDE-Version: µVision V5.26.2.0
Copyright (C) 2018 ARM Ltd and ARM Germany GmbH. All rights reserved.
License Information: Mohamed Rashad, ASU, LIC=----
 
Tool Versions:
Toolchain:       MDK-Lite  Version: 5.26.2.0
Toolchain Path:  C:\Keil_v5\ARM\ARMCC\Bin
C Compiler:      Armcc.exe V5.06 update 6 (build 750)
Assembler:       Armasm.exe V5.06 update 6 (build 750)
Linker/Locator:  ArmLink.exe V5.06 update 6 (build 750)
Library Manager: ArmAr.exe V5.06 update 6 (build 750)
Hex Converter:   FromElf.exe V5.06 update 6 (build 750)
CPU DLL:         SARMCM3.DLL V5.26.2.0
Dialog DLL:      DCM.DLL V1.17.2.0
Target DLL:      lmidk-agdi.dll V???
Dialog DLL:      TCM.DLL V1.36.1.0
 
<h2>Project:</h2>
D:\GitHub\Smart-Home\Tiva1\Tiva1.uvprojx
Project File Date:  05/15/2019

<h2>Output:</h2>
*** Using Compiler 'V5.06 update 6 (build 750)', folder: 'C:\Keil_v5\ARM\ARMCC\Bin'
Rebuild target 'Target 1'
compiling Temp_Sensor.c...
compiling DIO.c...
compiling interrupt.c...
..\src\interrupt.h(14): warning:  #1-D: last line of file ends without a newline
  #endif
..\src\interrupt.c: 1 warning, 0 errors
compiling ADC.c...
compiling PORT.c...
compiling UART.c...
..\libraries\UART.c(41): warning:  #1035-D: single-precision operand implicitly converted to double-precision
  	UART7_FBRD_R =  (int) (((BRD - (int)BRD ) * 64) + 0.5 ) ;
..\libraries\UART.c(69): warning:  #177-D: variable "word"  was declared but never referenced
  uint8_t word ;
..\libraries\UART.c: 2 warnings, 0 errors
compiling clib_arm.c...
compiling os_systick.c...
compiling main.c...
..\src\interrupt.h(14): warning:  #1-D: last line of file ends without a newline
  #endif
..\libraries\PWM.h(10): warning:  #1295-D: Deprecated declaration Enable_PWM_clk - give arg types
  void Enable_PWM_clk();
..\libraries\PWM.h(11): warning:  #1295-D: Deprecated declaration PWM_PORT_config - give arg types
  void PWM_PORT_config();
..\libraries\PWM.h(12): warning:  #1295-D: Deprecated declaration PWM_Init - give arg types
  void PWM_Init();
..\libraries\PWM.h(16): warning:  #1-D: last line of file ends without a newline
  #endif /* PWM_H */
main.c(126): warning:  #1-D: last line of file ends without a newline
  	}
main.c: 6 warnings, 0 errors
assembling startup_TM4C123.s...
compiling PLL.c...
compiling Potentiometer.c...
..\libraries\potentiometer.h(8): warning:  #1295-D: Deprecated declaration Read_Potentiometer - give arg types
  uint16_t Read_Potentiometer();
..\libraries\Potentiometer.c: 1 warning, 0 errors
compiling PWM.c...
..\libraries\PWM.h(10): warning:  #1295-D: Deprecated declaration Enable_PWM_clk - give arg types
  void Enable_PWM_clk();
..\libraries\PWM.h(11): warning:  #1295-D: Deprecated declaration PWM_PORT_config - give arg types
  void PWM_PORT_config();
..\libraries\PWM.h(12): warning:  #1295-D: Deprecated declaration PWM_Init - give arg types
  void PWM_Init();
..\libraries\PWM.h(16): warning:  #1-D: last line of file ends without a newline
  #endif /* PWM_H */
..\libraries\PWM.c(64): warning:  #1-D: last line of file ends without a newline
  }
..\libraries\PWM.c: 5 warnings, 0 errors
compiling cmsis_os2.c...
C:\Keil_v5\ARM\PACK\ARM\CMSIS-FreeRTOS\10.0.1\CMSIS\RTOS2\FreeRTOS\Source\cmsis_os2.c(569): warning:  #177-D: variable "hTask"  was declared but never referenced
    TaskHandle_t hTask = (TaskHandle_t)thread_id;
C:\Keil_v5\ARM\PACK\ARM\CMSIS-FreeRTOS\10.0.1\CMSIS\RTOS2\FreeRTOS\Source\cmsis_os2.c(966): warning:  #177-D: variable "hTimer"  was declared but never referenced
    TimerHandle_t hTimer = (TimerHandle_t)timer_id;
C:\Keil_v5\ARM\PACK\ARM\CMSIS-FreeRTOS\10.0.1\CMSIS\RTOS2\FreeRTOS\Source\cmsis_os2.c(1146): warning:  #177-D: variable "hEventGroup"  was declared but never referenced
    EventGroupHandle_t hEventGroup = (EventGroupHandle_t)ef_id;
C:\Keil_v5\ARM\PACK\ARM\CMSIS-FreeRTOS\10.0.1\CMSIS\RTOS2\FreeRTOS\Source\cmsis_os2.c(1515): warning:  #177-D: variable "hSemaphore"  was declared but never referenced
    SemaphoreHandle_t hSemaphore = (SemaphoreHandle_t)semaphore_id;
C:\Keil_v5\ARM\PACK\ARM\CMSIS-FreeRTOS\10.0.1\CMSIS\RTOS2\FreeRTOS\Source\cmsis_os2.c(1764): warning:  #177-D: variable "hQueue"  was declared but never referenced
    QueueHandle_t hQueue = (QueueHandle_t)mq_id;
C:\Keil_v5\ARM\PACK\ARM\CMSIS-FreeRTOS\10.0.1\CMSIS\RTOS2\FreeRTOS\Source\cmsis_os2.c: 5 warnings, 0 errors
compiling system_TM4C123.c...
compiling list.c...
compiling freertos_evr.c...
compiling event_groups.c...
compiling heap_1.c...
compiling port.c...
compiling queue.c...
compiling timers.c...
compiling tasks.c...
linking...
Program Size: Code=12512 RO-data=652 RW-data=116 ZI-data=11236  
".\Objects\Tiva1.axf" - 0 Error(s), 20 Warning(s).

<h2>Software Packages used:</h2>

Package Vendor: ARM
                http://www.keil.com/pack/ARM.CMSIS.5.4.0.pack
                ARM.CMSIS.5.4.0
                CMSIS (Cortex Microcontroller Software Interface Standard)
   * Component: RTOS2 Version: 2.1.3
   * Component: CORE Version: 5.1.2

Package Vendor: ARM
                http://www.keil.com/pack/ARM.CMSIS-FreeRTOS.10.0.1.pack
                ARM.CMSIS-FreeRTOS.10.0.1
                Bundle of FreeRTOS for Cortex-M and Cortex-A
   * Component: Config Variant: CMSIS RTOS2 Version: 10.0.1
   * Component: Core Version: 10.0.1
   * Component: Event Groups Version: 10.0.1
   * Component: Heap Variant: Heap_1 Version: 10.0.1
   * Component: Timers Version: 10.0.1
   * Component: FreeRTOS Version: 10.0.1

Package Vendor: Keil
                http://www.keil.com/pack/Keil.TM4C_DFP.1.1.0.pack
                Keil.TM4C_DFP.1.1.0
                Texas Instruments Tiva C Series Device Support and Examples
   * Component: Startup Version: 1.0.1

<h2>Collection of Component include folders:</h2>
  .\RTE\RTOS
  .\RTE\_Target_1
  C:\Keil_v5\ARM\PACK\ARM\CMSIS-FreeRTOS\10.0.1\CMSIS\RTOS2\FreeRTOS\Include
  C:\Keil_v5\ARM\PACK\ARM\CMSIS-FreeRTOS\10.0.1\Source\include
  C:\Keil_v5\ARM\PACK\ARM\CMSIS-FreeRTOS\10.0.1\Source\portable\RVDS\ARM_CM4F
  C:\Keil_v5\ARM\PACK\ARM\CMSIS\5.4.0\CMSIS\Core\Include
  C:\Keil_v5\ARM\PACK\ARM\CMSIS\5.4.0\CMSIS\RTOS2\Include
  C:\Keil_v5\ARM\PACK\Keil\TM4C_DFP\1.1.0\Device\Include\TM4C123

<h2>Collection of Component Files used:</h2>

   * Component: ::CMSIS:RTOS2:2.1.3 (API)
      Include file:  CMSIS\RTOS2\Include\cmsis_os2.h

   * Component: ARM.FreeRTOS::RTOS:Config:CMSIS RTOS2:10.0.1
      Include file:  CMSIS\RTOS2\FreeRTOS\Config\ARMCM\FreeRTOSConfig.h

   * Component: ARM.FreeRTOS::RTOS:Core:10.0.1
      Source file:   Source\tasks.c
      Include file:  Source\include\semphr.h
      Include file:  Source\include\FreeRTOS.h
      Include file:  Source\include\queue.h
      Include file:  Source\include\task.h
      Source file:   Source\queue.c
      Source file:   Source\list.c
      Source file:   Source\portable\RVDS\ARM_CM4F\port.c
      Include file:  CMSIS\RTOS2\FreeRTOS\Include\freertos_evr.h
      Source file:   CMSIS\RTOS2\FreeRTOS\Source\freertos_evr.c

   * Component: ARM.FreeRTOS::RTOS:Event Groups:10.0.1
      Source file:   Source\event_groups.c
      Include file:  Source\include\event_groups.h

   * Component: ARM.FreeRTOS::RTOS:Heap:Heap_1:10.0.1
      Source file:   Source\portable\MemMang\heap_1.c

   * Component: ARM.FreeRTOS::RTOS:Timers:10.0.1
      Include file:  Source\include\timers.h
      Source file:   Source\timers.c

   * Component: ARM::CMSIS:CORE:5.1.2

   * Component: ARM::CMSIS:RTOS2:FreeRTOS:10.0.1
      Source file:   CMSIS\RTOS2\FreeRTOS\Source\ARM\clib_arm.c
      Source file:   CMSIS\RTOS2\FreeRTOS\Source\cmsis_os2.c
      Source file:   CMSIS\RTOS2\FreeRTOS\Source\os_systick.c

   * Component: Keil::Device:Startup:1.0.1
      Source file:   Device\Source\ARM\startup_TM4C123.s
      Source file:   Device\Source\system_TM4C123.c
      Include file:  Device\Include\TM4C123\TM4C123.h
Build Time Elapsed:  00:00:03
</pre>
</body>
</html>
